MPLINK 4.38, Linker
Linker Map File - Created Sat Oct 12 13:38:09 2013

                                 Section Info
                  Section       Type    Address   Location Size(Bytes)
                ---------  ---------  ---------  ---------  ---------
               _entry_scn       code   0x000000    program   0x000006
                   .cinit    romdata   0x000006    program   0x00000e
          .code_mcp2515.o       code   0x000014    program   0x0014c6
         .code_vfprintf.o       code   0x0014da    program   0x000c22
             .stringtable    romdata   0x0020fc    program   0x0004eb
    .idata__user_putc.o_i    romdata   0x0025e7    program   0x000000
          .romdata_putc.o    romdata   0x0025e7    program   0x000000
          .idata_putc.o_i    romdata   0x0025e7    program   0x000000
      .romdata_fxd3232u.o    romdata   0x0025e7    program   0x000000
      .idata_fxd3232u.o_i    romdata   0x0025e7    program   0x000000
      .idata_vfprintf.o_i    romdata   0x0025e7    program   0x000000
        .romdata_stdout.o    romdata   0x0025e7    program   0x000000
      .romdata_spi_read.o    romdata   0x0025e7    program   0x000000
      .idata_spi_read.o_i    romdata   0x0025e7    program   0x000000
         .romdata_uopen.o    romdata   0x0025e7    program   0x000000
     .idata_tritium20.o_i    romdata   0x0025e7    program   0x000000
    .romdata__user_putc.o    romdata   0x0025e7    program   0x000000
  .romdata_mpptDriveTek.o    romdata   0x0025e7    program   0x000000
          .romdata_main.o    romdata   0x0025e7    program   0x000000
          .idata_main.o_i    romdata   0x0025e7    program   0x000000
  .idata_mpptDriveTek.o_i    romdata   0x0025e7    program   0x000000
           .code_stdout.o       code   0x0025e8    program   0x000000
             .code_main.o       code   0x0025e8    program   0x000460
                     PROG       code   0x002a48    program   0x00036e
     .code_mpptDriveTek.o       code   0x002db6    program   0x0002a8
        .code_tritium20.o       code   0x00305e    program   0x0001e0
               _cinit_scn       code   0x00323e    program   0x00009e
           .code_printf.o       code   0x0032dc    program   0x000098
            .code_uopen.o       code   0x003374    program   0x00008a
             .code_putc.o       code   0x0033fe    program   0x000084
          .code_fxm3232.o       code   0x003482    program   0x000070
         .code_spi_open.o       code   0x0034f2    program   0x000068
                   STRING       code   0x00355a    program   0x000066
         .code_fxd3232u.o       code   0x0035c0    program   0x000048
         .code_spi_writ.o       code   0x003608    program   0x00003c
         .code_spi_read.o       code   0x003644    program   0x00002e
                    CTYPE       code   0x003672    program   0x000024
                    .code       code   0x003696    program   0x000020
             _startup_scn       code   0x0036b6    program   0x00001c
                    STDIO       code   0x0036d2    program   0x00001c
             D100TCYXCODE       code   0x0036ee    program   0x00001c
              D10TCYXCODE       code   0x00370a    program   0x000016
      .romdata_vfprintf.o    romdata   0x003720    program   0x000011
       .romdata_fxm3232.o    romdata   0x003731    program   0x000000
       .idata_fxm3232.o_i    romdata   0x003731    program   0x000000
         .romdata_c018i.o    romdata   0x003731    program   0x000000
         .idata_c018i.o_i    romdata   0x003731    program   0x000000
     .romdata_tritium20.o    romdata   0x003731    program   0x000000
      .idata_spi_open.o_i    romdata   0x003731    program   0x000000
      .romdata_spi_open.o    romdata   0x003731    program   0x000000
         .idata_uopen.o_i    romdata   0x003731    program   0x000000
       .romdata_mcp2515.o    romdata   0x003731    program   0x000000
      .idata_spi_writ.o_i    romdata   0x003731    program   0x000000
      .romdata_spi_writ.o    romdata   0x003731    program   0x000000
        .idata___init.o_i    romdata   0x003731    program   0x000000
        .romdata___init.o    romdata   0x003731    program   0x000000
        .idata_printf.o_i    romdata   0x003731    program   0x000000
        .romdata_printf.o    romdata   0x003731    program   0x000000
       .idata_mcp2515.o_i    romdata   0x003731    program   0x000000
       .code__user_putc.o       code   0x003732    program   0x000002
            .code_c018i.o       code   0x003732    program   0x000000
           .code___init.o       code   0x003734    program   0x000002
        .idata_stdout.o_i    romdata   0x003736    program   0x000002
    .config_300001_main.o    romdata   0x300001    program   0x000001
    .config_300002_main.o    romdata   0x300002    program   0x000001
    .config_300003_main.o    romdata   0x300003    program   0x000001
    .config_300006_main.o    romdata   0x300006    program   0x000001
                MATH_DATA      udata   0x000000       data   0x000014
                 .tmpdata      udata   0x000014       data   0x00000a
                DELAYDAT1      udata   0x00001e       data   0x000001
           .udata_c018i.o      udata   0x000060       data   0x00000a
          .idata_stdout.o      idata   0x00006a       data   0x000002
        .udata_fxd3232u.o      udata   0x00006c       data   0x000000
        .idata_vfprintf.o      idata   0x00006c       data   0x000000
        .udata_vfprintf.o      udata   0x00006c       data   0x000000
          .udata_stdout.o      udata   0x00006c       data   0x000000
          .idata_printf.o      idata   0x00006c       data   0x000000
          .udata_printf.o      udata   0x00006c       data   0x000000
        .udata_spi_open.o      udata   0x00006c       data   0x000000
        .idata_spi_open.o      idata   0x00006c       data   0x000000
           .udata_uopen.o      udata   0x00006c       data   0x000000
           .idata_uopen.o      idata   0x00006c       data   0x000000
        .udata_spi_read.o      udata   0x00006c       data   0x000000
        .idata_spi_read.o      idata   0x00006c       data   0x000000
        .udata_spi_writ.o      udata   0x00006c       data   0x000000
        .idata_spi_writ.o      idata   0x00006c       data   0x000000
          .udata___init.o      udata   0x00006c       data   0x000000
          .idata___init.o      idata   0x00006c       data   0x000000
           .idata_c018i.o      idata   0x00006c       data   0x000000
            .udata_main.o      udata   0x00006c       data   0x000000
            .idata_main.o      idata   0x00006c       data   0x000000
    .udata_mpptDriveTek.o      udata   0x00006c       data   0x000000
    .idata_mpptDriveTek.o      idata   0x00006c       data   0x000000
         .udata_mcp2515.o      udata   0x00006c       data   0x000000
         .idata_mcp2515.o      idata   0x00006c       data   0x000000
       .udata_tritium20.o      udata   0x00006c       data   0x000000
       .idata_tritium20.o      idata   0x00006c       data   0x000000
      .idata__user_putc.o      idata   0x00006c       data   0x000000
      .udata__user_putc.o      udata   0x00006c       data   0x000000
            .idata_putc.o      idata   0x00006c       data   0x000000
            .udata_putc.o      udata   0x00006c       data   0x000000
         .idata_fxm3232.o      idata   0x00006c       data   0x000000
         .udata_fxm3232.o      udata   0x00006c       data   0x000000
        .idata_fxd3232u.o      idata   0x00006c       data   0x000000
                   .stack      udata   0x000200       data   0x000100
              SFR_BANKED0      udata   0x000d60       data   0x00000c
              SFR_BANKED1      udata   0x000d70       data   0x00000c
              SFR_BANKED2      udata   0x000d80       data   0x00000c
              SFR_BANKED3      udata   0x000d90       data   0x000004
              SFR_BANKED4      udata   0x000dd4       data   0x000002
              SFR_BANKED5      udata   0x000dd8       data   0x000001
              SFR_BANKED6      udata   0x000de0       data   0x000008
              SFR_BANKED7      udata   0x000df0       data   0x000004
              SFR_BANKED8      udata   0x000df8       data   0x000001
              SFR_BANKED9      udata   0x000dfa       data   0x000001
             SFR_BANKED10      udata   0x000dfc       data   0x000001
             SFR_BANKED11      udata   0x000e20       data   0x000060
             SFR_BANKED12      udata   0x000f00       data   0x000060
            SFR_UNBANKED0      udata   0x000f60       data   0x000018
            SFR_UNBANKED1      udata   0x000f80       data   0x000080



                              Program Memory Usage 
                               Start         End      
                           ---------   ---------      
                            0x000000    0x0025e6      
                            0x0025e8    0x003730      
                            0x003732    0x003737      
                            0x300001    0x300003      
                            0x300006    0x300006      
            14138 out of 16664 program addresses used, program memory utilization is 84%



                              Symbols - Sorted by Name
                     Name    Address   Location    Storage File                     
                ---------  ---------  ---------  --------- ---------                
                   D100_1   0x0036fc    program     static C:\Program Files\Microchip\mplabc18\v3.37\src\traditional\delays\d100tcyx.asm
                    D100x   0x0036fa    program     static C:\Program Files\Microchip\mplabc18\v3.37\src\traditional\delays\d100tcyx.asm
                    D10_1   0x00371a    program     static C:\Program Files\Microchip\mplabc18\v3.37\src\traditional\delays\d10tcyx.asm
                     D10x   0x003712    program     static C:\Program Files\Microchip\mplabc18\v3.37\src\traditional\delays\d10tcyx.asm
             Delay100TCYx   0x0036ee    program     extern C:\Program Files\Microchip\mplabc18\v3.37\src\traditional\delays\d100tcyx.asm
              Delay10TCYx   0x00370a    program     extern C:\Program Files\Microchip\mplabc18\v3.37\src\traditional\delays\d10tcyx.asm
                 FLO1632S   0x002a4c    program     extern C:\Program Files\Microchip\mplabc18\v3.37\src\traditional\math\cast16FP.asm
                 FLO1632U   0x002a48    program     extern C:\Program Files\Microchip\mplabc18\v3.37\src\traditional\math\cast16FP.asm
                    FPD32   0x002a72    program     extern C:\Program Files\Microchip\mplabc18\v3.37\src\traditional\math\divFP.asm
                    FPM32   0x002b18    program     extern C:\Program Files\Microchip\mplabc18\v3.37\src\traditional\math\mulFP.asm
                 FXD3232U   0x0035c0    program     extern C:\Program Files\Microchip\mplabc18\v3.37\src\traditional\math\fxd3232u.c
                 FXM1616S   0x002d5c    program     extern C:\Program Files\Microchip\mplabc18\v3.37\src\traditional\math\fxm1616s.asm
                  FXM3232   0x003482    program     extern C:\Program Files\Microchip\mplabc18\v3.37\src\traditional\math\fxm3232.c
                  INT3216   0x002bf2    program     extern C:\Program Files\Microchip\mplabc18\v3.37\src\traditional\math\castFP16.asm
                  OpenSPI   0x0034f2    program     extern C:\Program Files\Microchip\mplabc18\v3.37\src\pmc_common\SPI\spi_open.c
                OpenUSART   0x003374    program     extern C:\Program Files\Microchip\mplabc18\v3.37\src\pmc_common\USART\uopen.c
                  ReadSPI   0x003644    program     extern C:\Program Files\Microchip\mplabc18\v3.37\src\pmc_common\SPI\spi_read.c
               TSIGN1616A   0x002da8    program     static C:\Program Files\Microchip\mplabc18\v3.37\src\traditional\math\fxm1616s.asm
                 WriteSPI   0x003608    program     extern C:\Program Files\Microchip\mplabc18\v3.37\src\pmc_common\SPI\spi_writ.c
                   _2jEnd   0x0035aa    program     static C:\Program Files\Microchip\mplabc18\v3.37\src\traditional\stdclib\slenpgm.asm
       _D100TCYXCODE_0008   0x0036f6    program     static C:\Program Files\Microchip\mplabc18\v3.37\src\traditional\delays\d100tcyx.asm
       _D100TCYXCODE_0012   0x003700    program     static C:\Program Files\Microchip\mplabc18\v3.37\src\traditional\delays\d100tcyx.asm
       _D100TCYXCODE_0018   0x003706    program     static C:\Program Files\Microchip\mplabc18\v3.37\src\traditional\delays\d100tcyx.asm
        _D10TCYXCODE_000A   0x003714    program     static C:\Program Files\Microchip\mplabc18\v3.37\src\traditional\delays\d10tcyx.asm
        _D10TCYXCODE_000C   0x003716    program     static C:\Program Files\Microchip\mplabc18\v3.37\src\traditional\delays\d10tcyx.asm
        _D10TCYXCODE_000E   0x003718    program     static C:\Program Files\Microchip\mplabc18\v3.37\src\traditional\delays\d10tcyx.asm
                 __FpExit   0x002c5c    program     extern C:\Program Files\Microchip\mplabc18\v3.37\src\traditional\math\packFP.asm
                 __FpPack   0x002c88    program     extern C:\Program Files\Microchip\mplabc18\v3.37\src\traditional\math\packFP.asm
            __FpReturnNaN   0x002c50    program     extern C:\Program Files\Microchip\mplabc18\v3.37\src\traditional\math\packFP.asm
         __FpReturnNegInf   0x002c62    program     extern C:\Program Files\Microchip\mplabc18\v3.37\src\traditional\math\packFP.asm
        __FpReturnNegZero   0x002c7a    program     extern C:\Program Files\Microchip\mplabc18\v3.37\src\traditional\math\packFP.asm
         __FpReturnPosInf   0x002c68    program     extern C:\Program Files\Microchip\mplabc18\v3.37\src\traditional\math\packFP.asm
        __FpReturnPosZero   0x002c82    program     extern C:\Program Files\Microchip\mplabc18\v3.37\src\traditional\math\packFP.asm
        __FpReturnSignInf   0x002c5e    program     extern C:\Program Files\Microchip\mplabc18\v3.37\src\traditional\math\packFP.asm
       __FpReturnSignZero   0x002c76    program     extern C:\Program Files\Microchip\mplabc18\v3.37\src\traditional\math\packFP.asm
              __FpReturnW   0x002ce0    program     extern C:\Program Files\Microchip\mplabc18\v3.37\src\traditional\math\packFP.asm
              __FpUnPackA   0x002d00    program     extern C:\Program Files\Microchip\mplabc18\v3.37\src\traditional\math\UnpackFP.asm
              __FpUnPackB   0x002d30    program     extern C:\Program Files\Microchip\mplabc18\v3.37\src\traditional\math\UnpackFP.asm
       ___return_lbl00000   0x000004    program     static                          
       ___return_lbl00000   0x003606    program     static                          
       ___return_lbl00000   0x0034f0    program     static                          
       ___return_lbl00001   0x0036d0    program     static                          
       ___return_lbl00002   0x0032da    program     static                          
               __config_0   0x300001    program     static C:\Documents and Settings\UK Solar Car\Desktop\john\mpc2515\MP_LAB\mcp2515\main.c
               __config_1   0x300002    program     static C:\Documents and Settings\UK Solar Car\Desktop\john\mpc2515\MP_LAB\mcp2515\main.c
               __config_2   0x300003    program     static C:\Documents and Settings\UK Solar Car\Desktop\john\mpc2515\MP_LAB\mcp2515\main.c
               __config_3   0x300006    program     static C:\Documents and Settings\UK Solar Car\Desktop\john\mpc2515\MP_LAB\mcp2515\main.c
                   __init   0x003734    program     extern C:\Program Files\Microchip\mplabc18\v3.37\src\traditional\stdclib\__init.c
                   __pa_0   0x001e1a    program     static C:\Program Files\Microchip\mplabc18\v3.37\src\traditional\stdclib\vfprintf.c
                   __pa_1   0x001e22    program     static C:\Program Files\Microchip\mplabc18\v3.37\src\traditional\stdclib\vfprintf.c
                  __pa_10   0x001ed6    program     static C:\Program Files\Microchip\mplabc18\v3.37\src\traditional\stdclib\vfprintf.c
                  __pa_11   0x001ee4    program     static C:\Program Files\Microchip\mplabc18\v3.37\src\traditional\stdclib\vfprintf.c
                  __pa_12   0x001efa    program     static C:\Program Files\Microchip\mplabc18\v3.37\src\traditional\stdclib\vfprintf.c
                  __pa_13   0x001f14    program     static C:\Program Files\Microchip\mplabc18\v3.37\src\traditional\stdclib\vfprintf.c
                  __pa_14   0x001f2c    program     static C:\Program Files\Microchip\mplabc18\v3.37\src\traditional\stdclib\vfprintf.c
                  __pa_15   0x001f3c    program     static C:\Program Files\Microchip\mplabc18\v3.37\src\traditional\stdclib\vfprintf.c
                  __pa_16   0x001f52    program     static C:\Program Files\Microchip\mplabc18\v3.37\src\traditional\stdclib\vfprintf.c
                  __pa_17   0x001f64    program     static C:\Program Files\Microchip\mplabc18\v3.37\src\traditional\stdclib\vfprintf.c
                  __pa_18   0x001f76    program     static C:\Program Files\Microchip\mplabc18\v3.37\src\traditional\stdclib\vfprintf.c
                  __pa_19   0x001f80    program     static C:\Program Files\Microchip\mplabc18\v3.37\src\traditional\stdclib\vfprintf.c
                   __pa_2   0x001e2c    program     static C:\Program Files\Microchip\mplabc18\v3.37\src\traditional\stdclib\vfprintf.c
                  __pa_20   0x001f90    program     static C:\Program Files\Microchip\mplabc18\v3.37\src\traditional\stdclib\vfprintf.c
                  __pa_21   0x001fa0    program     static C:\Program Files\Microchip\mplabc18\v3.37\src\traditional\stdclib\vfprintf.c
                  __pa_22   0x001fb0    program     static C:\Program Files\Microchip\mplabc18\v3.37\src\traditional\stdclib\vfprintf.c
                  __pa_23   0x001fbc    program     static C:\Program Files\Microchip\mplabc18\v3.37\src\traditional\stdclib\vfprintf.c
                  __pa_24   0x001fca    program     static C:\Program Files\Microchip\mplabc18\v3.37\src\traditional\stdclib\vfprintf.c
                  __pa_25   0x001fd2    program     static C:\Program Files\Microchip\mplabc18\v3.37\src\traditional\stdclib\vfprintf.c
                  __pa_26   0x001fdc    program     static C:\Program Files\Microchip\mplabc18\v3.37\src\traditional\stdclib\vfprintf.c
                  __pa_27   0x001fe6    program     static C:\Program Files\Microchip\mplabc18\v3.37\src\traditional\stdclib\vfprintf.c
                  __pa_28   0x001fee    program     static C:\Program Files\Microchip\mplabc18\v3.37\src\traditional\stdclib\vfprintf.c
                  __pa_29   0x001ffc    program     static C:\Program Files\Microchip\mplabc18\v3.37\src\traditional\stdclib\vfprintf.c
                   __pa_3   0x001e36    program     static C:\Program Files\Microchip\mplabc18\v3.37\src\traditional\stdclib\vfprintf.c
                  __pa_30   0x002018    program     static C:\Program Files\Microchip\mplabc18\v3.37\src\traditional\stdclib\vfprintf.c
                  __pa_31   0x002032    program     static C:\Program Files\Microchip\mplabc18\v3.37\src\traditional\stdclib\vfprintf.c
                  __pa_32   0x00204c    program     static C:\Program Files\Microchip\mplabc18\v3.37\src\traditional\stdclib\vfprintf.c
                  __pa_33   0x002064    program     static C:\Program Files\Microchip\mplabc18\v3.37\src\traditional\stdclib\vfprintf.c
                  __pa_34   0x00206e    program     static C:\Program Files\Microchip\mplabc18\v3.37\src\traditional\stdclib\vfprintf.c
                  __pa_35   0x00207c    program     static C:\Program Files\Microchip\mplabc18\v3.37\src\traditional\stdclib\vfprintf.c
                  __pa_36   0x002084    program     static C:\Program Files\Microchip\mplabc18\v3.37\src\traditional\stdclib\vfprintf.c
                  __pa_37   0x00208e    program     static C:\Program Files\Microchip\mplabc18\v3.37\src\traditional\stdclib\vfprintf.c
                  __pa_38   0x00209e    program     static C:\Program Files\Microchip\mplabc18\v3.37\src\traditional\stdclib\vfprintf.c
                  __pa_39   0x0020ac    program     static C:\Program Files\Microchip\mplabc18\v3.37\src\traditional\stdclib\vfprintf.c
                   __pa_4   0x001e4e    program     static C:\Program Files\Microchip\mplabc18\v3.37\src\traditional\stdclib\vfprintf.c
                  __pa_40   0x0020b8    program     static C:\Program Files\Microchip\mplabc18\v3.37\src\traditional\stdclib\vfprintf.c
                  __pa_41   0x0020c4    program     static C:\Program Files\Microchip\mplabc18\v3.37\src\traditional\stdclib\vfprintf.c
                  __pa_42   0x0020cc    program     static C:\Program Files\Microchip\mplabc18\v3.37\src\traditional\stdclib\vfprintf.c
                  __pa_43   0x0020d6    program     static C:\Program Files\Microchip\mplabc18\v3.37\src\traditional\stdclib\vfprintf.c
                  __pa_44   0x0020dc    program     static C:\Program Files\Microchip\mplabc18\v3.37\src\traditional\stdclib\vfprintf.c
                  __pa_45   0x0020e6    program     static C:\Program Files\Microchip\mplabc18\v3.37\src\traditional\stdclib\vfprintf.c
                  __pa_46   0x0020f2    program     static C:\Program Files\Microchip\mplabc18\v3.37\src\traditional\stdclib\vfprintf.c
                   __pa_5   0x001e62    program     static C:\Program Files\Microchip\mplabc18\v3.37\src\traditional\stdclib\vfprintf.c
                   __pa_6   0x001e7e    program     static C:\Program Files\Microchip\mplabc18\v3.37\src\traditional\stdclib\vfprintf.c
                   __pa_7   0x001e88    program     static C:\Program Files\Microchip\mplabc18\v3.37\src\traditional\stdclib\vfprintf.c
                   __pa_8   0x001e94    program     static C:\Program Files\Microchip\mplabc18\v3.37\src\traditional\stdclib\vfprintf.c
                   __pa_9   0x001eb6    program     static C:\Program Files\Microchip\mplabc18\v3.37\src\traditional\stdclib\vfprintf.c
               __string_0   0x0025dd    program     static C:\Documents and Settings\UK Solar Car\Desktop\john\mpc2515\MP_LAB\mcp2515\tritium20.c
               __string_0   0x00222f    program     static C:\Documents and Settings\UK Solar Car\Desktop\john\mpc2515\MP_LAB\mcp2515\main.c
               __string_0   0x002568    program     static C:\Documents and Settings\UK Solar Car\Desktop\john\mpc2515\MP_LAB\mcp2515\mcp2515.c
               __string_1   0x0025d7    program     static C:\Documents and Settings\UK Solar Car\Desktop\john\mpc2515\MP_LAB\mcp2515\tritium20.c
               __string_1   0x002535    program     static C:\Documents and Settings\UK Solar Car\Desktop\john\mpc2515\MP_LAB\mcp2515\mcp2515.c
               __string_1   0x002204    program     static C:\Documents and Settings\UK Solar Car\Desktop\john\mpc2515\MP_LAB\mcp2515\main.c
              __string_10   0x0023e4    program     static C:\Documents and Settings\UK Solar Car\Desktop\john\mpc2515\MP_LAB\mcp2515\mcp2515.c
              __string_11   0x0023d8    program     static C:\Documents and Settings\UK Solar Car\Desktop\john\mpc2515\MP_LAB\mcp2515\mcp2515.c
              __string_12   0x0023c1    program     static C:\Documents and Settings\UK Solar Car\Desktop\john\mpc2515\MP_LAB\mcp2515\mcp2515.c
              __string_13   0x0023ab    program     static C:\Documents and Settings\UK Solar Car\Desktop\john\mpc2515\MP_LAB\mcp2515\mcp2515.c
              __string_14   0x002397    program     static C:\Documents and Settings\UK Solar Car\Desktop\john\mpc2515\MP_LAB\mcp2515\mcp2515.c
              __string_15   0x002372    program     static C:\Documents and Settings\UK Solar Car\Desktop\john\mpc2515\MP_LAB\mcp2515\mcp2515.c
              __string_16   0x002369    program     static C:\Documents and Settings\UK Solar Car\Desktop\john\mpc2515\MP_LAB\mcp2515\mcp2515.c
              __string_17   0x002360    program     static C:\Documents and Settings\UK Solar Car\Desktop\john\mpc2515\MP_LAB\mcp2515\mcp2515.c
              __string_18   0x00232b    program     static C:\Documents and Settings\UK Solar Car\Desktop\john\mpc2515\MP_LAB\mcp2515\mcp2515.c
              __string_19   0x0022e2    program     static C:\Documents and Settings\UK Solar Car\Desktop\john\mpc2515\MP_LAB\mcp2515\mcp2515.c
               __string_2   0x0021e9    program     static C:\Documents and Settings\UK Solar Car\Desktop\john\mpc2515\MP_LAB\mcp2515\main.c
               __string_2   0x0025a9    program     static C:\Documents and Settings\UK Solar Car\Desktop\john\mpc2515\MP_LAB\mcp2515\tritium20.c
               __string_2   0x002515    program     static C:\Documents and Settings\UK Solar Car\Desktop\john\mpc2515\MP_LAB\mcp2515\mcp2515.c
              __string_20   0x0022b8    program     static C:\Documents and Settings\UK Solar Car\Desktop\john\mpc2515\MP_LAB\mcp2515\mcp2515.c
              __string_21   0x0022ad    program     static C:\Documents and Settings\UK Solar Car\Desktop\john\mpc2515\MP_LAB\mcp2515\mcp2515.c
              __string_22   0x0022a2    program     static C:\Documents and Settings\UK Solar Car\Desktop\john\mpc2515\MP_LAB\mcp2515\mcp2515.c
              __string_23   0x002290    program     static C:\Documents and Settings\UK Solar Car\Desktop\john\mpc2515\MP_LAB\mcp2515\mcp2515.c
              __string_24   0x00228b    program     static C:\Documents and Settings\UK Solar Car\Desktop\john\mpc2515\MP_LAB\mcp2515\mcp2515.c
              __string_25   0x002289    program     static C:\Documents and Settings\UK Solar Car\Desktop\john\mpc2515\MP_LAB\mcp2515\mcp2515.c
              __string_26   0x002258    program     static C:\Documents and Settings\UK Solar Car\Desktop\john\mpc2515\MP_LAB\mcp2515\mcp2515.c
              __string_27   0x002240    program     static C:\Documents and Settings\UK Solar Car\Desktop\john\mpc2515\MP_LAB\mcp2515\mcp2515.c
               __string_3   0x0021b0    program     static C:\Documents and Settings\UK Solar Car\Desktop\john\mpc2515\MP_LAB\mcp2515\main.c
               __string_3   0x0024e1    program     static C:\Documents and Settings\UK Solar Car\Desktop\john\mpc2515\MP_LAB\mcp2515\mcp2515.c
               __string_4   0x002189    program     static C:\Documents and Settings\UK Solar Car\Desktop\john\mpc2515\MP_LAB\mcp2515\main.c
               __string_4   0x0024c0    program     static C:\Documents and Settings\UK Solar Car\Desktop\john\mpc2515\MP_LAB\mcp2515\mcp2515.c
               __string_5   0x00249f    program     static C:\Documents and Settings\UK Solar Car\Desktop\john\mpc2515\MP_LAB\mcp2515\mcp2515.c
               __string_5   0x002167    program     static C:\Documents and Settings\UK Solar Car\Desktop\john\mpc2515\MP_LAB\mcp2515\main.c
               __string_6   0x00248c    program     static C:\Documents and Settings\UK Solar Car\Desktop\john\mpc2515\MP_LAB\mcp2515\mcp2515.c
               __string_6   0x002142    program     static C:\Documents and Settings\UK Solar Car\Desktop\john\mpc2515\MP_LAB\mcp2515\main.c
               __string_7   0x00212d    program     static C:\Documents and Settings\UK Solar Car\Desktop\john\mpc2515\MP_LAB\mcp2515\main.c
               __string_7   0x002459    program     static C:\Documents and Settings\UK Solar Car\Desktop\john\mpc2515\MP_LAB\mcp2515\mcp2515.c
               __string_8   0x002437    program     static C:\Documents and Settings\UK Solar Car\Desktop\john\mpc2515\MP_LAB\mcp2515\mcp2515.c
               __string_8   0x002110    program     static C:\Documents and Settings\UK Solar Car\Desktop\john\mpc2515\MP_LAB\mcp2515\main.c
               __string_9   0x002406    program     static C:\Documents and Settings\UK Solar Car\Desktop\john\mpc2515\MP_LAB\mcp2515\mcp2515.c
               __string_9   0x0020fc    program     static C:\Documents and Settings\UK Solar Car\Desktop\john\mpc2515\MP_LAB\mcp2515\main.c
              __tmplbl_42   0x001fb0    program     static                          
              __tmplbl_43   0x001df8    program     static                          
              __tmplbl_44   0x001dde    program     static                          
              __tmplbl_85   0x001530    program     static                          
            __zero_memory   0x003696    program     extern C:\Program Files\Microchip\mplabc18\v3.37\src\traditional\proc\p18F4480.asm
                _do_cinit   0x00323e    program     extern C:\Program Files\Microchip\mplabc18\v3.37\src\traditional\startup\c018i.c
                   _entry   0x000000    program     extern C:\Program Files\Microchip\mplabc18\v3.37\src\traditional\startup\c018i.c
                   _false   0x003602    program     static                          
                 _startup   0x0036b6    program     extern C:\Program Files\Microchip\mplabc18\v3.37\src\traditional\startup\c018i.c
              _usart_putc   0x0036d2    program     extern C:\Program Files\Microchip\mplabc18\v3.37\src\pmc_common\USART\_usartpc.asm
               _user_putc   0x003732    program     extern C:\Program Files\Microchip\mplabc18\v3.37\src\traditional\stdclib\_user_putc.c
               bit_is_set   0x000014    program     extern C:\Documents and Settings\UK Solar Car\Desktop\john\mpc2515\MP_LAB\mcp2515\mcp2515.c
              chip_active   0x000058    program     extern C:\Documents and Settings\UK Solar Car\Desktop\john\mpc2515\MP_LAB\mcp2515\mcp2515.c
            chip_enactive   0x0000b2    program     extern C:\Documents and Settings\UK Solar Car\Desktop\john\mpc2515\MP_LAB\mcp2515\mcp2515.c
                compare_l   0x0036ac    program     static C:\Program Files\Microchip\mplabc18\v3.37\src\traditional\proc\p18F4480.asm
                copy_loop   0x0032b0    program     static                          
            copy_one_byte   0x0032b6    program     static                          
                    delay   0x001368    program     extern C:\Documents and Settings\UK Solar Car\Desktop\john\mpc2515\MP_LAB\mcp2515\mcp2515.c
                dispError   0x0012a4    program     extern C:\Documents and Settings\UK Solar Car\Desktop\john\mpc2515\MP_LAB\mcp2515\mcp2515.c
                     done   0x0032da    program     static                          
             done_copying   0x0032c4    program     static                          
  getMessagesThatLookLike   0x000862    program     extern C:\Documents and Settings\UK Solar Car\Desktop\john\mpc2515\MP_LAB\mcp2515\mcp2515.c
       inputFilersON_RX_0   0x000828    program     extern C:\Documents and Settings\UK Solar Car\Desktop\john\mpc2515\MP_LAB\mcp2515\mcp2515.c
          inputFiltersOff   0x0007d6    program     extern C:\Documents and Settings\UK Solar Car\Desktop\john\mpc2515\MP_LAB\mcp2515\mcp2515.c
                  isdigit   0x003672    program     extern C:\Program Files\Microchip\mplabc18\v3.37\src\traditional\stdclib\isdigit.asm
                 jANotInf   0x002b36    program     static C:\Program Files\Microchip\mplabc18\v3.37\src\traditional\math\mulFP.asm
                 jANotInf   0x002a90    program     static C:\Program Files\Microchip\mplabc18\v3.37\src\traditional\math\divFP.asm
                jANotZero   0x002aa4    program     static C:\Program Files\Microchip\mplabc18\v3.37\src\traditional\math\divFP.asm
              jBothFinite   0x002b44    program     static C:\Program Files\Microchip\mplabc18\v3.37\src\traditional\math\mulFP.asm
             jBothNotZero   0x002b50    program     static C:\Program Files\Microchip\mplabc18\v3.37\src\traditional\math\mulFP.asm
                     jEnd   0x0035ac    program     static C:\Program Files\Microchip\mplabc18\v3.37\src\traditional\stdclib\slenpgm.asm
                     jEnd   0x003574    program     static C:\Program Files\Microchip\mplabc18\v3.37\src\traditional\stdclib\strlen.asm
                    jExit   0x002c4e    program     static C:\Program Files\Microchip\mplabc18\v3.37\src\traditional\math\castFP16.asm
                jHaveZero   0x002b4c    program     static C:\Program Files\Microchip\mplabc18\v3.37\src\traditional\math\mulFP.asm
                jI2F16Beg   0x002a5c    program     static C:\Program Files\Microchip\mplabc18\v3.37\src\traditional\math\cast16FP.asm
                    jLoop   0x003594    program     static C:\Program Files\Microchip\mplabc18\v3.37\src\traditional\stdclib\slenpgm.asm
                    jLoop   0x00356a    program     static C:\Program Files\Microchip\mplabc18\v3.37\src\traditional\stdclib\strlen.asm
                    jLoop   0x002acc    program     static C:\Program Files\Microchip\mplabc18\v3.37\src\traditional\math\divFP.asm
                    jLoop   0x002c2e    program     static C:\Program Files\Microchip\mplabc18\v3.37\src\traditional\math\castFP16.asm
                jLoopExit   0x002c3e    program     static C:\Program Files\Microchip\mplabc18\v3.37\src\traditional\math\castFP16.asm
                   jMatch   0x003692    program     static C:\Program Files\Microchip\mplabc18\v3.37\src\traditional\stdclib\isdigit.asm
                     jMax   0x002c02    program     static C:\Program Files\Microchip\mplabc18\v3.37\src\traditional\math\castFP16.asm
                  jMaxNeg   0x002c10    program     static C:\Program Files\Microchip\mplabc18\v3.37\src\traditional\math\castFP16.asm
                  jMaxPos   0x002c06    program     static C:\Program Files\Microchip\mplabc18\v3.37\src\traditional\math\castFP16.asm
                    jNext   0x002af2    program     static C:\Program Files\Microchip\mplabc18\v3.37\src\traditional\math\divFP.asm
                jNoAdjust   0x002af0    program     static C:\Program Files\Microchip\mplabc18\v3.37\src\traditional\math\divFP.asm
                 jNoMatch   0x003694    program     static C:\Program Files\Microchip\mplabc18\v3.37\src\traditional\stdclib\isdigit.asm
                  jNotInf   0x002c1e    program     static C:\Program Files\Microchip\mplabc18\v3.37\src\traditional\math\castFP16.asm
                  jPkLoop   0x002c96    program     static C:\Program Files\Microchip\mplabc18\v3.37\src\traditional\math\packFP.asm
             jPkRoundDone   0x002ce0    program     static C:\Program Files\Microchip\mplabc18\v3.37\src\traditional\math\packFP.asm
               jPkRoundIt   0x002cc8    program     static C:\Program Files\Microchip\mplabc18\v3.37\src\traditional\math\packFP.asm
             jPkShiftDone   0x002cb2    program     static C:\Program Files\Microchip\mplabc18\v3.37\src\traditional\math\packFP.asm
           jReturnPosInf0   0x002c6c    program     static C:\Program Files\Microchip\mplabc18\v3.37\src\traditional\math\packFP.asm
              jSignedZero   0x002a9a    program     static C:\Program Files\Microchip\mplabc18\v3.37\src\traditional\math\divFP.asm
                  jUnpkA1   0x002d0a    program     static C:\Program Files\Microchip\mplabc18\v3.37\src\traditional\math\UnpackFP.asm
                  jUnpkA2   0x002d22    program     static C:\Program Files\Microchip\mplabc18\v3.37\src\traditional\math\UnpackFP.asm
                 jUnpkANZ   0x002d18    program     static C:\Program Files\Microchip\mplabc18\v3.37\src\traditional\math\UnpackFP.asm
                  jUnpkB1   0x002d3a    program     static C:\Program Files\Microchip\mplabc18\v3.37\src\traditional\math\UnpackFP.asm
                  jUnpkB2   0x002d52    program     static C:\Program Files\Microchip\mplabc18\v3.37\src\traditional\math\UnpackFP.asm
                 jUnpkBNZ   0x002d48    program     static C:\Program Files\Microchip\mplabc18\v3.37\src\traditional\math\UnpackFP.asm
                 jUnpkNaN   0x002d2c    program     static C:\Program Files\Microchip\mplabc18\v3.37\src\traditional\math\UnpackFP.asm
                    jZero   0x002c18    program     static C:\Program Files\Microchip\mplabc18\v3.37\src\traditional\math\castFP16.asm
               jZero1and2   0x002c70    program     static C:\Program Files\Microchip\mplabc18\v3.37\src\traditional\math\packFP.asm
                     loop   0x0036e2    program     static C:\Program Files\Microchip\mplabc18\v3.37\src\pmc_common\USART\_usartpc.asm
                     loop   0x0035ce    program     static                          
                     loop   0x0036c6    program     static                          
                   loop_h   0x0036a4    program     static C:\Program Files\Microchip\mplabc18\v3.37\src\traditional\proc\p18F4480.asm
                   loop_l   0x0036ae    program     static C:\Program Files\Microchip\mplabc18\v3.37\src\traditional\proc\p18F4480.asm
                     main   0x0025e8    program     extern C:\Documents and Settings\UK Solar Car\Desktop\john\mpc2515\MP_LAB\mcp2515\main.c
       mcp2515_bit_modify   0x0001a6    program     extern C:\Documents and Settings\UK Solar Car\Desktop\john\mpc2515\MP_LAB\mcp2515\mcp2515.c
           mcp2515_config   0x000480    program     extern C:\Documents and Settings\UK Solar Car\Desktop\john\mpc2515\MP_LAB\mcp2515\mcp2515.c
      mcp2515_get_message   0x0008e0    program     extern C:\Documents and Settings\UK Solar Car\Desktop\john\mpc2515\MP_LAB\mcp2515\mcp2515.c
           mcp2515_listen   0x0003d0    program     extern C:\Documents and Settings\UK Solar Car\Desktop\john\mpc2515\MP_LAB\mcp2515\mcp2515.c
           mcp2515_normal   0x0001fa    program     extern C:\Documents and Settings\UK Solar Car\Desktop\john\mpc2515\MP_LAB\mcp2515\mcp2515.c
          mcp2515_oneShot   0x00056c    program     extern C:\Documents and Settings\UK Solar Car\Desktop\john\mpc2515\MP_LAB\mcp2515\mcp2515.c
      mcp2515_read_status   0x00078e    program     extern C:\Documents and Settings\UK Solar Car\Desktop\john\mpc2515\MP_LAB\mcp2515\mcp2515.c
  mcp2515_send_ex_message   0x000f10    program     extern C:\Documents and Settings\UK Solar Car\Desktop\john\mpc2515\MP_LAB\mcp2515\mcp2515.c
     mcp2515_send_message   0x000b7e    program     extern C:\Documents and Settings\UK Solar Car\Desktop\john\mpc2515\MP_LAB\mcp2515\mcp2515.c
            mcp2515_sleep   0x00029a    program     extern C:\Documents and Settings\UK Solar Car\Desktop\john\mpc2515\MP_LAB\mcp2515\mcp2515.c
           mcp2515_wakeUp   0x00033e    program     extern C:\Documents and Settings\UK Solar Car\Desktop\john\mpc2515\MP_LAB\mcp2515\mcp2515.c
                 mcp_init   0x0005a6    program     extern C:\Documents and Settings\UK Solar Car\Desktop\john\mpc2515\MP_LAB\mcp2515\mcp2515.c
        mcp_read_register   0x00010c    program     extern C:\Documents and Settings\UK Solar Car\Desktop\john\mpc2515\MP_LAB\mcp2515\mcp2515.c
         mcp_write_adress   0x00015e    program     extern C:\Documents and Settings\UK Solar Car\Desktop\john\mpc2515\MP_LAB\mcp2515\mcp2515.c
                   parsMC   0x00305e    program     extern C:\Documents and Settings\UK Solar Car\Desktop\john\mpc2515\MP_LAB\mcp2515\tritium20.c
                 parsMppt   0x002db6    program     extern C:\Documents and Settings\UK Solar Car\Desktop\john\mpc2515\MP_LAB\mcp2515\mpptDriveTek.c
                   printf   0x0032dc    program     extern C:\Program Files\Microchip\mplabc18\v3.37\src\traditional\stdclib\printf.c
                     putc   0x0033fe    program     extern C:\Program Files\Microchip\mplabc18\v3.37\src\traditional\stdclib\putc.c
                 s_digits   0x003720    program     static C:\Program Files\Microchip\mplabc18\v3.37\src\traditional\stdclib\vfprintf.c
            s_put_n_chars   0x0014da    program     static C:\Program Files\Microchip\mplabc18\v3.37\src\traditional\stdclib\vfprintf.c
           selectNoDevice   0x0014b2    program     extern C:\Documents and Settings\UK Solar Car\Desktop\john\mpc2515\MP_LAB\mcp2515\mcp2515.c
                    setmc   0x00143e    program     extern C:\Documents and Settings\UK Solar Car\Desktop\john\mpc2515\MP_LAB\mcp2515\mcp2515.c
                  setmppt   0x0013ca    program     extern C:\Documents and Settings\UK Solar Car\Desktop\john\mpc2515\MP_LAB\mcp2515\mcp2515.c
                   strlen   0x00355a    program     extern C:\Program Files\Microchip\mplabc18\v3.37\src\traditional\stdclib\strlen.asm
                strlenpgm   0x003576    program     extern C:\Program Files\Microchip\mplabc18\v3.37\src\traditional\stdclib\slenpgm.asm
                     test   0x003258    program     static                          
                 vfprintf   0x001506    program     extern C:\Program Files\Microchip\mplabc18\v3.37\src\traditional\stdclib\vfprintf.c
               zero_block   0x0036a4    program     static C:\Program Files\Microchip\mplabc18\v3.37\src\traditional\proc\p18F4480.asm
                   ADCON0   0x000fc2       data     extern C:\Program Files\Microchip\mplabc18\v3.37\src\traditional\proc\p18F4480.asm
               ADCON0bits   0x000fc2       data     extern C:\Program Files\Microchip\mplabc18\v3.37\src\traditional\proc\p18F4480.asm
                   ADCON1   0x000fc1       data     extern C:\Program Files\Microchip\mplabc18\v3.37\src\traditional\proc\p18F4480.asm
               ADCON1bits   0x000fc1       data     extern C:\Program Files\Microchip\mplabc18\v3.37\src\traditional\proc\p18F4480.asm
                   ADCON2   0x000fc0       data     extern C:\Program Files\Microchip\mplabc18\v3.37\src\traditional\proc\p18F4480.asm
               ADCON2bits   0x000fc0       data     extern C:\Program Files\Microchip\mplabc18\v3.37\src\traditional\proc\p18F4480.asm
                    ADRES   0x000fc3       data     extern C:\Program Files\Microchip\mplabc18\v3.37\src\traditional\proc\p18F4480.asm
                   ADRESH   0x000fc4       data     extern C:\Program Files\Microchip\mplabc18\v3.37\src\traditional\proc\p18F4480.asm
                   ADRESL   0x000fc3       data     extern C:\Program Files\Microchip\mplabc18\v3.37\src\traditional\proc\p18F4480.asm
                    B0CON   0x000e20       data     extern C:\Program Files\Microchip\mplabc18\v3.37\src\traditional\proc\p18F4480.asm
                B0CONbits   0x000e20       data     extern C:\Program Files\Microchip\mplabc18\v3.37\src\traditional\proc\p18F4480.asm
                     B0D0   0x000e26       data     extern C:\Program Files\Microchip\mplabc18\v3.37\src\traditional\proc\p18F4480.asm
                 B0D0bits   0x000e26       data     extern C:\Program Files\Microchip\mplabc18\v3.37\src\traditional\proc\p18F4480.asm
                     B0D1   0x000e27       data     extern C:\Program Files\Microchip\mplabc18\v3.37\src\traditional\proc\p18F4480.asm
                 B0D1bits   0x000e27       data     extern C:\Program Files\Microchip\mplabc18\v3.37\src\traditional\proc\p18F4480.asm
                     B0D2   0x000e28       data     extern C:\Program Files\Microchip\mplabc18\v3.37\src\traditional\proc\p18F4480.asm
                 B0D2bits   0x000e28       data     extern C:\Program Files\Microchip\mplabc18\v3.37\src\traditional\proc\p18F4480.asm
                     B0D3   0x000e29       data     extern C:\Program Files\Microchip\mplabc18\v3.37\src\traditional\proc\p18F4480.asm
                 B0D3bits   0x000e29       data     extern C:\Program Files\Microchip\mplabc18\v3.37\src\traditional\proc\p18F4480.asm
                     B0D4   0x000e2a       data     extern C:\Program Files\Microchip\mplabc18\v3.37\src\traditional\proc\p18F4480.asm
                 B0D4bits   0x000e2a       data     extern C:\Program Files\Microchip\mplabc18\v3.37\src\traditional\proc\p18F4480.asm
                     B0D5   0x000e2b       data     extern C:\Program Files\Microchip\mplabc18\v3.37\src\traditional\proc\p18F4480.asm
                 B0D5bits   0x000e2b       data     extern C:\Program Files\Microchip\mplabc18\v3.37\src\traditional\proc\p18F4480.asm
                     B0D6   0x000e2c       data     extern C:\Program Files\Microchip\mplabc18\v3.37\src\traditional\proc\p18F4480.asm
                 B0D6bits   0x000e2c       data     extern C:\Program Files\Microchip\mplabc18\v3.37\src\traditional\proc\p18F4480.asm
                     B0D7   0x000e2d       data     extern C:\Program Files\Microchip\mplabc18\v3.37\src\traditional\proc\p18F4480.asm
                 B0D7bits   0x000e2d       data     extern C:\Program Files\Microchip\mplabc18\v3.37\src\traditional\proc\p18F4480.asm
                    B0DLC   0x000e25       data     extern C:\Program Files\Microchip\mplabc18\v3.37\src\traditional\proc\p18F4480.asm
                B0DLCbits   0x000e25       data     extern C:\Program Files\Microchip\mplabc18\v3.37\src\traditional\proc\p18F4480.asm
                   B0EIDH   0x000e23       data     extern C:\Program Files\Microchip\mplabc18\v3.37\src\traditional\proc\p18F4480.asm
               B0EIDHbits   0x000e23       data     extern C:\Program Files\Microchip\mplabc18\v3.37\src\traditional\proc\p18F4480.asm
                   B0EIDL   0x000e24       data     extern C:\Program Files\Microchip\mplabc18\v3.37\src\traditional\proc\p18F4480.asm
               B0EIDLbits   0x000e24       data     extern C:\Program Files\Microchip\mplabc18\v3.37\src\traditional\proc\p18F4480.asm
                   B0SIDH   0x000e21       data     extern C:\Program Files\Microchip\mplabc18\v3.37\src\traditional\proc\p18F4480.asm
               B0SIDHbits   0x000e21       data     extern C:\Program Files\Microchip\mplabc18\v3.37\src\traditional\proc\p18F4480.asm
                   B0SIDL   0x000e22       data     extern C:\Program Files\Microchip\mplabc18\v3.37\src\traditional\proc\p18F4480.asm
               B0SIDLbits   0x000e22       data     extern C:\Program Files\Microchip\mplabc18\v3.37\src\traditional\proc\p18F4480.asm
                    B1CON   0x000e30       data     extern C:\Program Files\Microchip\mplabc18\v3.37\src\traditional\proc\p18F4480.asm
                B1CONbits   0x000e30       data     extern C:\Program Files\Microchip\mplabc18\v3.37\src\traditional\proc\p18F4480.asm
                     B1D0   0x000e36       data     extern C:\Program Files\Microchip\mplabc18\v3.37\src\traditional\proc\p18F4480.asm
                 B1D0bits   0x000e36       data     extern C:\Program Files\Microchip\mplabc18\v3.37\src\traditional\proc\p18F4480.asm
                     B1D1   0x000e37       data     extern C:\Program Files\Microchip\mplabc18\v3.37\src\traditional\proc\p18F4480.asm
                 B1D1bits   0x000e37       data     extern C:\Program Files\Microchip\mplabc18\v3.37\src\traditional\proc\p18F4480.asm
                     B1D2   0x000e38       data     extern C:\Program Files\Microchip\mplabc18\v3.37\src\traditional\proc\p18F4480.asm
                 B1D2bits   0x000e38       data     extern C:\Program Files\Microchip\mplabc18\v3.37\src\traditional\proc\p18F4480.asm
                     B1D3   0x000e39       data     extern C:\Program Files\Microchip\mplabc18\v3.37\src\traditional\proc\p18F4480.asm
                 B1D3bits   0x000e39       data     extern C:\Program Files\Microchip\mplabc18\v3.37\src\traditional\proc\p18F4480.asm
                     B1D4   0x000e3a       data     extern C:\Program Files\Microchip\mplabc18\v3.37\src\traditional\proc\p18F4480.asm
                 B1D4bits   0x000e3a       data     extern C:\Program Files\Microchip\mplabc18\v3.37\src\traditional\proc\p18F4480.asm
                     B1D5   0x000e3b       data     extern C:\Program Files\Microchip\mplabc18\v3.37\src\traditional\proc\p18F4480.asm
                 B1D5bits   0x000e3b       data     extern C:\Program Files\Microchip\mplabc18\v3.37\src\traditional\proc\p18F4480.asm
                     B1D6   0x000e3c       data     extern C:\Program Files\Microchip\mplabc18\v3.37\src\traditional\proc\p18F4480.asm
                 B1D6bits   0x000e3c       data     extern C:\Program Files\Microchip\mplabc18\v3.37\src\traditional\proc\p18F4480.asm
                     B1D7   0x000e3d       data     extern C:\Program Files\Microchip\mplabc18\v3.37\src\traditional\proc\p18F4480.asm
                 B1D7bits   0x000e3d       data     extern C:\Program Files\Microchip\mplabc18\v3.37\src\traditional\proc\p18F4480.asm
                    B1DLC   0x000e35       data     extern C:\Program Files\Microchip\mplabc18\v3.37\src\traditional\proc\p18F4480.asm
                B1DLCbits   0x000e35       data     extern C:\Program Files\Microchip\mplabc18\v3.37\src\traditional\proc\p18F4480.asm
                   B1EIDH   0x000e33       data     extern C:\Program Files\Microchip\mplabc18\v3.37\src\traditional\proc\p18F4480.asm
               B1EIDHbits   0x000e33       data     extern C:\Program Files\Microchip\mplabc18\v3.37\src\traditional\proc\p18F4480.asm
                   B1EIDL   0x000e34       data     extern C:\Program Files\Microchip\mplabc18\v3.37\src\traditional\proc\p18F4480.asm
               B1EIDLbits   0x000e34       data     extern C:\Program Files\Microchip\mplabc18\v3.37\src\traditional\proc\p18F4480.asm
                   B1SIDH   0x000e31       data     extern C:\Program Files\Microchip\mplabc18\v3.37\src\traditional\proc\p18F4480.asm
               B1SIDHbits   0x000e31       data     extern C:\Program Files\Microchip\mplabc18\v3.37\src\traditional\proc\p18F4480.asm
                   B1SIDL   0x000e32       data     extern C:\Program Files\Microchip\mplabc18\v3.37\src\traditional\proc\p18F4480.asm
               B1SIDLbits   0x000e32       data     extern C:\Program Files\Microchip\mplabc18\v3.37\src\traditional\proc\p18F4480.asm
                    B2CON   0x000e40       data     extern C:\Program Files\Microchip\mplabc18\v3.37\src\traditional\proc\p18F4480.asm
                B2CONbits   0x000e40       data     extern C:\Program Files\Microchip\mplabc18\v3.37\src\traditional\proc\p18F4480.asm
                     B2D0   0x000e46       data     extern C:\Program Files\Microchip\mplabc18\v3.37\src\traditional\proc\p18F4480.asm
                 B2D0bits   0x000e46       data     extern C:\Program Files\Microchip\mplabc18\v3.37\src\traditional\proc\p18F4480.asm
                     B2D1   0x000e47       data     extern C:\Program Files\Microchip\mplabc18\v3.37\src\traditional\proc\p18F4480.asm
                 B2D1bits   0x000e47       data     extern C:\Program Files\Microchip\mplabc18\v3.37\src\traditional\proc\p18F4480.asm
                     B2D2   0x000e48       data     extern C:\Program Files\Microchip\mplabc18\v3.37\src\traditional\proc\p18F4480.asm
                 B2D2bits   0x000e48       data     extern C:\Program Files\Microchip\mplabc18\v3.37\src\traditional\proc\p18F4480.asm
                     B2D3   0x000e49       data     extern C:\Program Files\Microchip\mplabc18\v3.37\src\traditional\proc\p18F4480.asm
                 B2D3bits   0x000e49       data     extern C:\Program Files\Microchip\mplabc18\v3.37\src\traditional\proc\p18F4480.asm
                     B2D4   0x000e4a       data     extern C:\Program Files\Microchip\mplabc18\v3.37\src\traditional\proc\p18F4480.asm
                 B2D4bits   0x000e4a       data     extern C:\Program Files\Microchip\mplabc18\v3.37\src\traditional\proc\p18F4480.asm
                     B2D5   0x000e4b       data     extern C:\Program Files\Microchip\mplabc18\v3.37\src\traditional\proc\p18F4480.asm
                 B2D5bits   0x000e4b       data     extern C:\Program Files\Microchip\mplabc18\v3.37\src\traditional\proc\p18F4480.asm
                     B2D6   0x000e4c       data     extern C:\Program Files\Microchip\mplabc18\v3.37\src\traditional\proc\p18F4480.asm
                 B2D6bits   0x000e4c       data     extern C:\Program Files\Microchip\mplabc18\v3.37\src\traditional\proc\p18F4480.asm
                     B2D7   0x000e4d       data     extern C:\Program Files\Microchip\mplabc18\v3.37\src\traditional\proc\p18F4480.asm
                 B2D7bits   0x000e4d       data     extern C:\Program Files\Microchip\mplabc18\v3.37\src\traditional\proc\p18F4480.asm
                    B2DLC   0x000e45       data     extern C:\Program Files\Microchip\mplabc18\v3.37\src\traditional\proc\p18F4480.asm
                B2DLCbits   0x000e45       data     extern C:\Program Files\Microchip\mplabc18\v3.37\src\traditional\proc\p18F4480.asm
                   B2EIDH   0x000e43       data     extern C:\Program Files\Microchip\mplabc18\v3.37\src\traditional\proc\p18F4480.asm
               B2EIDHbits   0x000e43       data     extern C:\Program Files\Microchip\mplabc18\v3.37\src\traditional\proc\p18F4480.asm
                   B2EIDL   0x000e44       data     extern C:\Program Files\Microchip\mplabc18\v3.37\src\traditional\proc\p18F4480.asm
               B2EIDLbits   0x000e44       data     extern C:\Program Files\Microchip\mplabc18\v3.37\src\traditional\proc\p18F4480.asm
                   B2SIDH   0x000e41       data     extern C:\Program Files\Microchip\mplabc18\v3.37\src\traditional\proc\p18F4480.asm
               B2SIDHbits   0x000e41       data     extern C:\Program Files\Microchip\mplabc18\v3.37\src\traditional\proc\p18F4480.asm
                   B2SIDL   0x000e42       data     extern C:\Program Files\Microchip\mplabc18\v3.37\src\traditional\proc\p18F4480.asm
               B2SIDLbits   0x000e42       data     extern C:\Program Files\Microchip\mplabc18\v3.37\src\traditional\proc\p18F4480.asm
                    B3CON   0x000e50       data     extern C:\Program Files\Microchip\mplabc18\v3.37\src\traditional\proc\p18F4480.asm
                B3CONbits   0x000e50       data     extern C:\Program Files\Microchip\mplabc18\v3.37\src\traditional\proc\p18F4480.asm
                     B3D0   0x000e56       data     extern C:\Program Files\Microchip\mplabc18\v3.37\src\traditional\proc\p18F4480.asm
                 B3D0bits   0x000e56       data     extern C:\Program Files\Microchip\mplabc18\v3.37\src\traditional\proc\p18F4480.asm
                     B3D1   0x000e57       data     extern C:\Program Files\Microchip\mplabc18\v3.37\src\traditional\proc\p18F4480.asm
                 B3D1bits   0x000e57       data     extern C:\Program Files\Microchip\mplabc18\v3.37\src\traditional\proc\p18F4480.asm
                     B3D2   0x000e58       data     extern C:\Program Files\Microchip\mplabc18\v3.37\src\traditional\proc\p18F4480.asm
                 B3D2bits   0x000e58       data     extern C:\Program Files\Microchip\mplabc18\v3.37\src\traditional\proc\p18F4480.asm
                     B3D3   0x000e59       data     extern C:\Program Files\Microchip\mplabc18\v3.37\src\traditional\proc\p18F4480.asm
                 B3D3bits   0x000e59       data     extern C:\Program Files\Microchip\mplabc18\v3.37\src\traditional\proc\p18F4480.asm
                     B3D4   0x000e5a       data     extern C:\Program Files\Microchip\mplabc18\v3.37\src\traditional\proc\p18F4480.asm
                 B3D4bits   0x000e5a       data     extern C:\Program Files\Microchip\mplabc18\v3.37\src\traditional\proc\p18F4480.asm
                     B3D5   0x000e5b       data     extern C:\Program Files\Microchip\mplabc18\v3.37\src\traditional\proc\p18F4480.asm
                 B3D5bits   0x000e5b       data     extern C:\Program Files\Microchip\mplabc18\v3.37\src\traditional\proc\p18F4480.asm
                     B3D6   0x000e5c       data     extern C:\Program Files\Microchip\mplabc18\v3.37\src\traditional\proc\p18F4480.asm
                 B3D6bits   0x000e5c       data     extern C:\Program Files\Microchip\mplabc18\v3.37\src\traditional\proc\p18F4480.asm
                     B3D7   0x000e5d       data     extern C:\Program Files\Microchip\mplabc18\v3.37\src\traditional\proc\p18F4480.asm
                 B3D7bits   0x000e5d       data     extern C:\Program Files\Microchip\mplabc18\v3.37\src\traditional\proc\p18F4480.asm
                    B3DLC   0x000e55       data     extern C:\Program Files\Microchip\mplabc18\v3.37\src\traditional\proc\p18F4480.asm
                B3DLCbits   0x000e55       data     extern C:\Program Files\Microchip\mplabc18\v3.37\src\traditional\proc\p18F4480.asm
                   B3EIDH   0x000e53       data     extern C:\Program Files\Microchip\mplabc18\v3.37\src\traditional\proc\p18F4480.asm
               B3EIDHbits   0x000e53       data     extern C:\Program Files\Microchip\mplabc18\v3.37\src\traditional\proc\p18F4480.asm
                   B3EIDL   0x000e54       data     extern C:\Program Files\Microchip\mplabc18\v3.37\src\traditional\proc\p18F4480.asm
               B3EIDLbits   0x000e54       data     extern C:\Program Files\Microchip\mplabc18\v3.37\src\traditional\proc\p18F4480.asm
                   B3SIDH   0x000e51       data     extern C:\Program Files\Microchip\mplabc18\v3.37\src\traditional\proc\p18F4480.asm
               B3SIDHbits   0x000e51       data     extern C:\Program Files\Microchip\mplabc18\v3.37\src\traditional\proc\p18F4480.asm
                   B3SIDL   0x000e52       data     extern C:\Program Files\Microchip\mplabc18\v3.37\src\traditional\proc\p18F4480.asm
               B3SIDLbits   0x000e52       data     extern C:\Program Files\Microchip\mplabc18\v3.37\src\traditional\proc\p18F4480.asm
                    B4CON   0x000e60       data     extern C:\Program Files\Microchip\mplabc18\v3.37\src\traditional\proc\p18F4480.asm
                B4CONbits   0x000e60       data     extern C:\Program Files\Microchip\mplabc18\v3.37\src\traditional\proc\p18F4480.asm
                     B4D0   0x000e66       data     extern C:\Program Files\Microchip\mplabc18\v3.37\src\traditional\proc\p18F4480.asm
                 B4D0bits   0x000e66       data     extern C:\Program Files\Microchip\mplabc18\v3.37\src\traditional\proc\p18F4480.asm
                     B4D1   0x000e67       data     extern C:\Program Files\Microchip\mplabc18\v3.37\src\traditional\proc\p18F4480.asm
                 B4D1bits   0x000e67       data     extern C:\Program Files\Microchip\mplabc18\v3.37\src\traditional\proc\p18F4480.asm
                     B4D2   0x000e68       data     extern C:\Program Files\Microchip\mplabc18\v3.37\src\traditional\proc\p18F4480.asm
                 B4D2bits   0x000e68       data     extern C:\Program Files\Microchip\mplabc18\v3.37\src\traditional\proc\p18F4480.asm
                     B4D3   0x000e69       data     extern C:\Program Files\Microchip\mplabc18\v3.37\src\traditional\proc\p18F4480.asm
                 B4D3bits   0x000e69       data     extern C:\Program Files\Microchip\mplabc18\v3.37\src\traditional\proc\p18F4480.asm
                     B4D4   0x000e6a       data     extern C:\Program Files\Microchip\mplabc18\v3.37\src\traditional\proc\p18F4480.asm
                 B4D4bits   0x000e6a       data     extern C:\Program Files\Microchip\mplabc18\v3.37\src\traditional\proc\p18F4480.asm
                     B4D5   0x000e6b       data     extern C:\Program Files\Microchip\mplabc18\v3.37\src\traditional\proc\p18F4480.asm
                 B4D5bits   0x000e6b       data     extern C:\Program Files\Microchip\mplabc18\v3.37\src\traditional\proc\p18F4480.asm
                     B4D6   0x000e6c       data     extern C:\Program Files\Microchip\mplabc18\v3.37\src\traditional\proc\p18F4480.asm
                 B4D6bits   0x000e6c       data     extern C:\Program Files\Microchip\mplabc18\v3.37\src\traditional\proc\p18F4480.asm
                     B4D7   0x000e6d       data     extern C:\Program Files\Microchip\mplabc18\v3.37\src\traditional\proc\p18F4480.asm
                 B4D7bits   0x000e6d       data     extern C:\Program Files\Microchip\mplabc18\v3.37\src\traditional\proc\p18F4480.asm
                    B4DLC   0x000e65       data     extern C:\Program Files\Microchip\mplabc18\v3.37\src\traditional\proc\p18F4480.asm
                B4DLCbits   0x000e65       data     extern C:\Program Files\Microchip\mplabc18\v3.37\src\traditional\proc\p18F4480.asm
                   B4EIDH   0x000e63       data     extern C:\Program Files\Microchip\mplabc18\v3.37\src\traditional\proc\p18F4480.asm
               B4EIDHbits   0x000e63       data     extern C:\Program Files\Microchip\mplabc18\v3.37\src\traditional\proc\p18F4480.asm
                   B4EIDL   0x000e64       data     extern C:\Program Files\Microchip\mplabc18\v3.37\src\traditional\proc\p18F4480.asm
               B4EIDLbits   0x000e64       data     extern C:\Program Files\Microchip\mplabc18\v3.37\src\traditional\proc\p18F4480.asm
                   B4SIDH   0x000e61       data     extern C:\Program Files\Microchip\mplabc18\v3.37\src\traditional\proc\p18F4480.asm
               B4SIDHbits   0x000e61       data     extern C:\Program Files\Microchip\mplabc18\v3.37\src\traditional\proc\p18F4480.asm
                   B4SIDL   0x000e62       data     extern C:\Program Files\Microchip\mplabc18\v3.37\src\traditional\proc\p18F4480.asm
               B4SIDLbits   0x000e62       data     extern C:\Program Files\Microchip\mplabc18\v3.37\src\traditional\proc\p18F4480.asm
                    B5CON   0x000e70       data     extern C:\Program Files\Microchip\mplabc18\v3.37\src\traditional\proc\p18F4480.asm
                B5CONbits   0x000e70       data     extern C:\Program Files\Microchip\mplabc18\v3.37\src\traditional\proc\p18F4480.asm
                     B5D0   0x000e76       data     extern C:\Program Files\Microchip\mplabc18\v3.37\src\traditional\proc\p18F4480.asm
                 B5D0bits   0x000e76       data     extern C:\Program Files\Microchip\mplabc18\v3.37\src\traditional\proc\p18F4480.asm
                     B5D1   0x000e77       data     extern C:\Program Files\Microchip\mplabc18\v3.37\src\traditional\proc\p18F4480.asm
                 B5D1bits   0x000e77       data     extern C:\Program Files\Microchip\mplabc18\v3.37\src\traditional\proc\p18F4480.asm
                     B5D2   0x000e78       data     extern C:\Program Files\Microchip\mplabc18\v3.37\src\traditional\proc\p18F4480.asm
                 B5D2bits   0x000e78       data     extern C:\Program Files\Microchip\mplabc18\v3.37\src\traditional\proc\p18F4480.asm
                     B5D3   0x000e79       data     extern C:\Program Files\Microchip\mplabc18\v3.37\src\traditional\proc\p18F4480.asm
                 B5D3bits   0x000e79       data     extern C:\Program Files\Microchip\mplabc18\v3.37\src\traditional\proc\p18F4480.asm
                     B5D4   0x000e7a       data     extern C:\Program Files\Microchip\mplabc18\v3.37\src\traditional\proc\p18F4480.asm
                 B5D4bits   0x000e7a       data     extern C:\Program Files\Microchip\mplabc18\v3.37\src\traditional\proc\p18F4480.asm
                     B5D5   0x000e7b       data     extern C:\Program Files\Microchip\mplabc18\v3.37\src\traditional\proc\p18F4480.asm
                 B5D5bits   0x000e7b       data     extern C:\Program Files\Microchip\mplabc18\v3.37\src\traditional\proc\p18F4480.asm
                     B5D6   0x000e7c       data     extern C:\Program Files\Microchip\mplabc18\v3.37\src\traditional\proc\p18F4480.asm
                 B5D6bits   0x000e7c       data     extern C:\Program Files\Microchip\mplabc18\v3.37\src\traditional\proc\p18F4480.asm
                     B5D7   0x000e7d       data     extern C:\Program Files\Microchip\mplabc18\v3.37\src\traditional\proc\p18F4480.asm
                 B5D7bits   0x000e7d       data     extern C:\Program Files\Microchip\mplabc18\v3.37\src\traditional\proc\p18F4480.asm
                    B5DLC   0x000e75       data     extern C:\Program Files\Microchip\mplabc18\v3.37\src\traditional\proc\p18F4480.asm
                B5DLCbits   0x000e75       data     extern C:\Program Files\Microchip\mplabc18\v3.37\src\traditional\proc\p18F4480.asm
                   B5EIDH   0x000e73       data     extern C:\Program Files\Microchip\mplabc18\v3.37\src\traditional\proc\p18F4480.asm
               B5EIDHbits   0x000e73       data     extern C:\Program Files\Microchip\mplabc18\v3.37\src\traditional\proc\p18F4480.asm
                   B5EIDL   0x000e74       data     extern C:\Program Files\Microchip\mplabc18\v3.37\src\traditional\proc\p18F4480.asm
               B5EIDLbits   0x000e74       data     extern C:\Program Files\Microchip\mplabc18\v3.37\src\traditional\proc\p18F4480.asm
                   B5SIDH   0x000e71       data     extern C:\Program Files\Microchip\mplabc18\v3.37\src\traditional\proc\p18F4480.asm
               B5SIDHbits   0x000e71       data     extern C:\Program Files\Microchip\mplabc18\v3.37\src\traditional\proc\p18F4480.asm
                   B5SIDL   0x000e72       data     extern C:\Program Files\Microchip\mplabc18\v3.37\src\traditional\proc\p18F4480.asm
               B5SIDLbits   0x000e72       data     extern C:\Program Files\Microchip\mplabc18\v3.37\src\traditional\proc\p18F4480.asm
                  BAUDCON   0x000fb8       data     extern C:\Program Files\Microchip\mplabc18\v3.37\src\traditional\proc\p18F4480.asm
              BAUDCONbits   0x000fb8       data     extern C:\Program Files\Microchip\mplabc18\v3.37\src\traditional\proc\p18F4480.asm
                  BAUDCTL   0x000fb8       data     extern C:\Program Files\Microchip\mplabc18\v3.37\src\traditional\proc\p18F4480.asm
              BAUDCTLbits   0x000fb8       data     extern C:\Program Files\Microchip\mplabc18\v3.37\src\traditional\proc\p18F4480.asm
                     BIE0   0x000dfa       data     extern C:\Program Files\Microchip\mplabc18\v3.37\src\traditional\proc\p18F4480.asm
                 BIE0bits   0x000dfa       data     extern C:\Program Files\Microchip\mplabc18\v3.37\src\traditional\proc\p18F4480.asm
                  BRGCON1   0x000f70       data     extern C:\Program Files\Microchip\mplabc18\v3.37\src\traditional\proc\p18F4480.asm
              BRGCON1bits   0x000f70       data     extern C:\Program Files\Microchip\mplabc18\v3.37\src\traditional\proc\p18F4480.asm
                  BRGCON2   0x000f71       data     extern C:\Program Files\Microchip\mplabc18\v3.37\src\traditional\proc\p18F4480.asm
              BRGCON2bits   0x000f71       data     extern C:\Program Files\Microchip\mplabc18\v3.37\src\traditional\proc\p18F4480.asm
                  BRGCON3   0x000f72       data     extern C:\Program Files\Microchip\mplabc18\v3.37\src\traditional\proc\p18F4480.asm
              BRGCON3bits   0x000f72       data     extern C:\Program Files\Microchip\mplabc18\v3.37\src\traditional\proc\p18F4480.asm
                    BSEL0   0x000df8       data     extern C:\Program Files\Microchip\mplabc18\v3.37\src\traditional\proc\p18F4480.asm
                BSEL0bits   0x000df8       data     extern C:\Program Files\Microchip\mplabc18\v3.37\src\traditional\proc\p18F4480.asm
                      BSR   0x000fe0       data     extern C:\Program Files\Microchip\mplabc18\v3.37\src\traditional\proc\p18F4480.asm
                   CANCON   0x000f6f       data     extern C:\Program Files\Microchip\mplabc18\v3.37\src\traditional\proc\p18F4480.asm
               CANCON_RO0   0x000f5f       data     extern C:\Program Files\Microchip\mplabc18\v3.37\src\traditional\proc\p18F4480.asm
           CANCON_RO0bits   0x000f5f       data     extern C:\Program Files\Microchip\mplabc18\v3.37\src\traditional\proc\p18F4480.asm
               CANCON_RO1   0x000f4f       data     extern C:\Program Files\Microchip\mplabc18\v3.37\src\traditional\proc\p18F4480.asm
           CANCON_RO1bits   0x000f4f       data     extern C:\Program Files\Microchip\mplabc18\v3.37\src\traditional\proc\p18F4480.asm
               CANCON_RO2   0x000f3f       data     extern C:\Program Files\Microchip\mplabc18\v3.37\src\traditional\proc\p18F4480.asm
           CANCON_RO2bits   0x000f3f       data     extern C:\Program Files\Microchip\mplabc18\v3.37\src\traditional\proc\p18F4480.asm
               CANCON_RO3   0x000f2f       data     extern C:\Program Files\Microchip\mplabc18\v3.37\src\traditional\proc\p18F4480.asm
           CANCON_RO3bits   0x000f2f       data     extern C:\Program Files\Microchip\mplabc18\v3.37\src\traditional\proc\p18F4480.asm
               CANCON_RO4   0x000e7f       data     extern C:\Program Files\Microchip\mplabc18\v3.37\src\traditional\proc\p18F4480.asm
           CANCON_RO4bits   0x000e7f       data     extern C:\Program Files\Microchip\mplabc18\v3.37\src\traditional\proc\p18F4480.asm
               CANCON_RO5   0x000e6f       data     extern C:\Program Files\Microchip\mplabc18\v3.37\src\traditional\proc\p18F4480.asm
           CANCON_RO5bits   0x000e6f       data     extern C:\Program Files\Microchip\mplabc18\v3.37\src\traditional\proc\p18F4480.asm
               CANCON_RO6   0x000e5f       data     extern C:\Program Files\Microchip\mplabc18\v3.37\src\traditional\proc\p18F4480.asm
           CANCON_RO6bits   0x000e5f       data     extern C:\Program Files\Microchip\mplabc18\v3.37\src\traditional\proc\p18F4480.asm
               CANCON_RO7   0x000e4f       data     extern C:\Program Files\Microchip\mplabc18\v3.37\src\traditional\proc\p18F4480.asm
           CANCON_RO7bits   0x000e4f       data     extern C:\Program Files\Microchip\mplabc18\v3.37\src\traditional\proc\p18F4480.asm
               CANCON_RO8   0x000e3f       data     extern C:\Program Files\Microchip\mplabc18\v3.37\src\traditional\proc\p18F4480.asm
           CANCON_RO8bits   0x000e3f       data     extern C:\Program Files\Microchip\mplabc18\v3.37\src\traditional\proc\p18F4480.asm
               CANCON_RO9   0x000e2f       data     extern C:\Program Files\Microchip\mplabc18\v3.37\src\traditional\proc\p18F4480.asm
           CANCON_RO9bits   0x000e2f       data     extern C:\Program Files\Microchip\mplabc18\v3.37\src\traditional\proc\p18F4480.asm
               CANCONbits   0x000f6f       data     extern C:\Program Files\Microchip\mplabc18\v3.37\src\traditional\proc\p18F4480.asm
                  CANSTAT   0x000f6e       data     extern C:\Program Files\Microchip\mplabc18\v3.37\src\traditional\proc\p18F4480.asm
              CANSTAT_RO0   0x000f5e       data     extern C:\Program Files\Microchip\mplabc18\v3.37\src\traditional\proc\p18F4480.asm
          CANSTAT_RO0bits   0x000f5e       data     extern C:\Program Files\Microchip\mplabc18\v3.37\src\traditional\proc\p18F4480.asm
              CANSTAT_RO1   0x000f4e       data     extern C:\Program Files\Microchip\mplabc18\v3.37\src\traditional\proc\p18F4480.asm
          CANSTAT_RO1bits   0x000f4e       data     extern C:\Program Files\Microchip\mplabc18\v3.37\src\traditional\proc\p18F4480.asm
              CANSTAT_RO2   0x000f3e       data     extern C:\Program Files\Microchip\mplabc18\v3.37\src\traditional\proc\p18F4480.asm
          CANSTAT_RO2bits   0x000f3e       data     extern C:\Program Files\Microchip\mplabc18\v3.37\src\traditional\proc\p18F4480.asm
              CANSTAT_RO3   0x000f2e       data     extern C:\Program Files\Microchip\mplabc18\v3.37\src\traditional\proc\p18F4480.asm
          CANSTAT_RO3bits   0x000f2e       data     extern C:\Program Files\Microchip\mplabc18\v3.37\src\traditional\proc\p18F4480.asm
              CANSTAT_RO4   0x000e7e       data     extern C:\Program Files\Microchip\mplabc18\v3.37\src\traditional\proc\p18F4480.asm
          CANSTAT_RO4bits   0x000e7e       data     extern C:\Program Files\Microchip\mplabc18\v3.37\src\traditional\proc\p18F4480.asm
              CANSTAT_RO5   0x000e6e       data     extern C:\Program Files\Microchip\mplabc18\v3.37\src\traditional\proc\p18F4480.asm
          CANSTAT_RO5bits   0x000e6e       data     extern C:\Program Files\Microchip\mplabc18\v3.37\src\traditional\proc\p18F4480.asm
              CANSTAT_RO6   0x000e5e       data     extern C:\Program Files\Microchip\mplabc18\v3.37\src\traditional\proc\p18F4480.asm
          CANSTAT_RO6bits   0x000e5e       data     extern C:\Program Files\Microchip\mplabc18\v3.37\src\traditional\proc\p18F4480.asm
              CANSTAT_RO7   0x000e4e       data     extern C:\Program Files\Microchip\mplabc18\v3.37\src\traditional\proc\p18F4480.asm
          CANSTAT_RO7bits   0x000e4e       data     extern C:\Program Files\Microchip\mplabc18\v3.37\src\traditional\proc\p18F4480.asm
              CANSTAT_RO8   0x000e3e       data     extern C:\Program Files\Microchip\mplabc18\v3.37\src\traditional\proc\p18F4480.asm
          CANSTAT_RO8bits   0x000e3e       data     extern C:\Program Files\Microchip\mplabc18\v3.37\src\traditional\proc\p18F4480.asm
              CANSTAT_RO9   0x000e2e       data     extern C:\Program Files\Microchip\mplabc18\v3.37\src\traditional\proc\p18F4480.asm
          CANSTAT_RO9bits   0x000e2e       data     extern C:\Program Files\Microchip\mplabc18\v3.37\src\traditional\proc\p18F4480.asm
              CANSTATbits   0x000f6e       data     extern C:\Program Files\Microchip\mplabc18\v3.37\src\traditional\proc\p18F4480.asm
                  CCP1CON   0x000fbd       data     extern C:\Program Files\Microchip\mplabc18\v3.37\src\traditional\proc\p18F4480.asm
              CCP1CONbits   0x000fbd       data     extern C:\Program Files\Microchip\mplabc18\v3.37\src\traditional\proc\p18F4480.asm
                    CCPR1   0x000fbe       data     extern C:\Program Files\Microchip\mplabc18\v3.37\src\traditional\proc\p18F4480.asm
                   CCPR1H   0x000fbf       data     extern C:\Program Files\Microchip\mplabc18\v3.37\src\traditional\proc\p18F4480.asm
                   CCPR1L   0x000fbe       data     extern C:\Program Files\Microchip\mplabc18\v3.37\src\traditional\proc\p18F4480.asm
                   CIOCON   0x000f73       data     extern C:\Program Files\Microchip\mplabc18\v3.37\src\traditional\proc\p18F4480.asm
               CIOCONbits   0x000f73       data     extern C:\Program Files\Microchip\mplabc18\v3.37\src\traditional\proc\p18F4480.asm
                    CMCON   0x000fb4       data     extern C:\Program Files\Microchip\mplabc18\v3.37\src\traditional\proc\p18F4480.asm
                CMCONbits   0x000fb4       data     extern C:\Program Files\Microchip\mplabc18\v3.37\src\traditional\proc\p18F4480.asm
                  COMSTAT   0x000f74       data     extern C:\Program Files\Microchip\mplabc18\v3.37\src\traditional\proc\p18F4480.asm
              COMSTATbits   0x000f74       data     extern C:\Program Files\Microchip\mplabc18\v3.37\src\traditional\proc\p18F4480.asm
                   CVRCON   0x000fb5       data     extern C:\Program Files\Microchip\mplabc18\v3.37\src\traditional\proc\p18F4480.asm
               CVRCONbits   0x000fb5       data     extern C:\Program Files\Microchip\mplabc18\v3.37\src\traditional\proc\p18F4480.asm
                     DDRA   0x000f92       data     extern C:\Program Files\Microchip\mplabc18\v3.37\src\traditional\proc\p18F4480.asm
                 DDRAbits   0x000f92       data     extern C:\Program Files\Microchip\mplabc18\v3.37\src\traditional\proc\p18F4480.asm
                     DDRB   0x000f93       data     extern C:\Program Files\Microchip\mplabc18\v3.37\src\traditional\proc\p18F4480.asm
                 DDRBbits   0x000f93       data     extern C:\Program Files\Microchip\mplabc18\v3.37\src\traditional\proc\p18F4480.asm
                     DDRC   0x000f94       data     extern C:\Program Files\Microchip\mplabc18\v3.37\src\traditional\proc\p18F4480.asm
                 DDRCbits   0x000f94       data     extern C:\Program Files\Microchip\mplabc18\v3.37\src\traditional\proc\p18F4480.asm
                     DDRD   0x000f95       data     extern C:\Program Files\Microchip\mplabc18\v3.37\src\traditional\proc\p18F4480.asm
                 DDRDbits   0x000f95       data     extern C:\Program Files\Microchip\mplabc18\v3.37\src\traditional\proc\p18F4480.asm
                     DDRE   0x000f96       data     extern C:\Program Files\Microchip\mplabc18\v3.37\src\traditional\proc\p18F4480.asm
                 DDREbits   0x000f96       data     extern C:\Program Files\Microchip\mplabc18\v3.37\src\traditional\proc\p18F4480.asm
            DelayCounter1   0x00001e       data     extern C:\Program Files\Microchip\mplabc18\v3.37\src\traditional\delays\delayd1.asm
                  ECANCON   0x000f77       data     extern C:\Program Files\Microchip\mplabc18\v3.37\src\traditional\proc\p18F4480.asm
              ECANCONbits   0x000f77       data     extern C:\Program Files\Microchip\mplabc18\v3.37\src\traditional\proc\p18F4480.asm
                  ECCP1AS   0x000fb6       data     extern C:\Program Files\Microchip\mplabc18\v3.37\src\traditional\proc\p18F4480.asm
              ECCP1ASbits   0x000fb6       data     extern C:\Program Files\Microchip\mplabc18\v3.37\src\traditional\proc\p18F4480.asm
                 ECCP1CON   0x000fba       data     extern C:\Program Files\Microchip\mplabc18\v3.37\src\traditional\proc\p18F4480.asm
             ECCP1CONbits   0x000fba       data     extern C:\Program Files\Microchip\mplabc18\v3.37\src\traditional\proc\p18F4480.asm
                 ECCP1DEL   0x000fb7       data     extern C:\Program Files\Microchip\mplabc18\v3.37\src\traditional\proc\p18F4480.asm
             ECCP1DELbits   0x000fb7       data     extern C:\Program Files\Microchip\mplabc18\v3.37\src\traditional\proc\p18F4480.asm
                   ECCPR1   0x000fbb       data     extern C:\Program Files\Microchip\mplabc18\v3.37\src\traditional\proc\p18F4480.asm
                  ECCPR1H   0x000fbc       data     extern C:\Program Files\Microchip\mplabc18\v3.37\src\traditional\proc\p18F4480.asm
                  ECCPR1L   0x000fbb       data     extern C:\Program Files\Microchip\mplabc18\v3.37\src\traditional\proc\p18F4480.asm
                    EEADR   0x000fa9       data     extern C:\Program Files\Microchip\mplabc18\v3.37\src\traditional\proc\p18F4480.asm
                   EECON1   0x000fa6       data     extern C:\Program Files\Microchip\mplabc18\v3.37\src\traditional\proc\p18F4480.asm
               EECON1bits   0x000fa6       data     extern C:\Program Files\Microchip\mplabc18\v3.37\src\traditional\proc\p18F4480.asm
                   EECON2   0x000fa7       data     extern C:\Program Files\Microchip\mplabc18\v3.37\src\traditional\proc\p18F4480.asm
                   EEDATA   0x000fa8       data     extern C:\Program Files\Microchip\mplabc18\v3.37\src\traditional\proc\p18F4480.asm
                     FSR0   0x000fe9       data     extern C:\Program Files\Microchip\mplabc18\v3.37\src\traditional\proc\p18F4480.asm
                    FSR0H   0x000fea       data     extern C:\Program Files\Microchip\mplabc18\v3.37\src\traditional\proc\p18F4480.asm
                    FSR0L   0x000fe9       data     extern C:\Program Files\Microchip\mplabc18\v3.37\src\traditional\proc\p18F4480.asm
                     FSR1   0x000fe1       data     extern C:\Program Files\Microchip\mplabc18\v3.37\src\traditional\proc\p18F4480.asm
                    FSR1H   0x000fe2       data     extern C:\Program Files\Microchip\mplabc18\v3.37\src\traditional\proc\p18F4480.asm
                    FSR1L   0x000fe1       data     extern C:\Program Files\Microchip\mplabc18\v3.37\src\traditional\proc\p18F4480.asm
                     FSR2   0x000fd9       data     extern C:\Program Files\Microchip\mplabc18\v3.37\src\traditional\proc\p18F4480.asm
                    FSR2H   0x000fda       data     extern C:\Program Files\Microchip\mplabc18\v3.37\src\traditional\proc\p18F4480.asm
                    FSR2L   0x000fd9       data     extern C:\Program Files\Microchip\mplabc18\v3.37\src\traditional\proc\p18F4480.asm
                  HLVDCON   0x000fd2       data     extern C:\Program Files\Microchip\mplabc18\v3.37\src\traditional\proc\p18F4480.asm
              HLVDCONbits   0x000fd2       data     extern C:\Program Files\Microchip\mplabc18\v3.37\src\traditional\proc\p18F4480.asm
                    INDF0   0x000fef       data     extern C:\Program Files\Microchip\mplabc18\v3.37\src\traditional\proc\p18F4480.asm
                    INDF1   0x000fe7       data     extern C:\Program Files\Microchip\mplabc18\v3.37\src\traditional\proc\p18F4480.asm
                    INDF2   0x000fdf       data     extern C:\Program Files\Microchip\mplabc18\v3.37\src\traditional\proc\p18F4480.asm
                   INTCON   0x000ff2       data     extern C:\Program Files\Microchip\mplabc18\v3.37\src\traditional\proc\p18F4480.asm
[...]
                     PIE1   0x000f9d       data     extern C:\Program Files\Microchip\mplabc18\v3.37\src\traditional\proc\p18F4480.asm
                 PIE1bits   0x000f9d       data     extern C:\Program Files\Microchip\mplabc18\v3.37\src\traditional\proc\p18F4480.asm
                 PIR1bits   0x000f9e       data     extern C:\Program Files\Microchip\mplabc18\v3.37\src\traditional\proc\p18F4480.asm
                     PIR1   0x000f9e       data     extern C:\Program Files\Microchip\mplabc18\v3.37\src\traditional\proc\p18F4480.asm
                 IPR1bits   0x000f9f       data     extern C:\Program Files\Microchip\mplabc18\v3.37\src\traditional\proc\p18F4480.asm
                     IPR1   0x000f9f       data     extern C:\Program Files\Microchip\mplabc18\v3.37\src\traditional\proc\p18F4480.asm
                 PIE2bits   0x000fa0       data     extern C:\Program Files\Microchip\mplabc18\v3.37\src\traditional\proc\p18F4480.asm
                     PIE2   0x000fa0       data     extern C:\Program Files\Microchip\mplabc18\v3.37\src\traditional\proc\p18F4480.asm
                     PIR2   0x000fa1       data     extern C:\Program Files\Microchip\mplabc18\v3.37\src\traditional\proc\p18F4480.asm
                 PIR2bits   0x000fa1       data     extern C:\Program Files\Microchip\mplabc18\v3.37\src\traditional\proc\p18F4480.asm
                 IPR2bits   0x000fa2       data     extern C:\Program Files\Microchip\mplabc18\v3.37\src\traditional\proc\p18F4480.asm
                     IPR2   0x000fa2       data     extern C:\Program Files\Microchip\mplabc18\v3.37\src\traditional\proc\p18F4480.asm
                 PIE3bits   0x000fa3       data     extern C:\Program Files\Microchip\mplabc18\v3.37\src\traditional\proc\p18F4480.asm
                     PIE3   0x000fa3       data     extern C:\Program Files\Microchip\mplabc18\v3.37\src\traditional\proc\p18F4480.asm
                     PIR3   0x000fa4       data     extern C:\Program Files\Microchip\mplabc18\v3.37\src\traditional\proc\p18F4480.asm
                 PIR3bits   0x000fa4       data     extern C:\Program Files\Microchip\mplabc18\v3.37\src\traditional\proc\p18F4480.asm
                     IPR3   0x000fa5       data     extern C:\Program Files\Microchip\mplabc18\v3.37\src\traditional\proc\p18F4480.asm
                 IPR3bits   0x000fa5       data     extern C:\Program Files\Microchip\mplabc18\v3.37\src\traditional\proc\p18F4480.asm
               EECON1bits   0x000fa6       data     extern C:\Program Files\Microchip\mplabc18\v3.37\src\traditional\proc\p18F4480.asm
                   EECON1   0x000fa6       data     extern C:\Program Files\Microchip\mplabc18\v3.37\src\traditional\proc\p18F4480.asm
                   EECON2   0x000fa7       data     extern C:\Program Files\Microchip\mplabc18\v3.37\src\traditional\proc\p18F4480.asm
                   EEDATA   0x000fa8       data     extern C:\Program Files\Microchip\mplabc18\v3.37\src\traditional\proc\p18F4480.asm
                    EEADR   0x000fa9       data     extern C:\Program Files\Microchip\mplabc18\v3.37\src\traditional\proc\p18F4480.asm
                    RCSTA   0x000fab       data     extern C:\Program Files\Microchip\mplabc18\v3.37\src\traditional\proc\p18F4480.asm
                RCSTAbits   0x000fab       data     extern C:\Program Files\Microchip\mplabc18\v3.37\src\traditional\proc\p18F4480.asm
                TXSTAbits   0x000fac       data     extern C:\Program Files\Microchip\mplabc18\v3.37\src\traditional\proc\p18F4480.asm
                    TXSTA   0x000fac       data     extern C:\Program Files\Microchip\mplabc18\v3.37\src\traditional\proc\p18F4480.asm
                    TXREG   0x000fad       data     extern C:\Program Files\Microchip\mplabc18\v3.37\src\traditional\proc\p18F4480.asm
                    RCREG   0x000fae       data     extern C:\Program Files\Microchip\mplabc18\v3.37\src\traditional\proc\p18F4480.asm
                    SPBRG   0x000faf       data     extern C:\Program Files\Microchip\mplabc18\v3.37\src\traditional\proc\p18F4480.asm
                   SPBRGH   0x000fb0       data     extern C:\Program Files\Microchip\mplabc18\v3.37\src\traditional\proc\p18F4480.asm
                    T3CON   0x000fb1       data     extern C:\Program Files\Microchip\mplabc18\v3.37\src\traditional\proc\p18F4480.asm
                T3CONbits   0x000fb1       data     extern C:\Program Files\Microchip\mplabc18\v3.37\src\traditional\proc\p18F4480.asm
                    TMR3L   0x000fb2       data     extern C:\Program Files\Microchip\mplabc18\v3.37\src\traditional\proc\p18F4480.asm
                    TMR3H   0x000fb3       data     extern C:\Program Files\Microchip\mplabc18\v3.37\src\traditional\proc\p18F4480.asm
                    CMCON   0x000fb4       data     extern C:\Program Files\Microchip\mplabc18\v3.37\src\traditional\proc\p18F4480.asm
                CMCONbits   0x000fb4       data     extern C:\Program Files\Microchip\mplabc18\v3.37\src\traditional\proc\p18F4480.asm
                   CVRCON   0x000fb5       data     extern C:\Program Files\Microchip\mplabc18\v3.37\src\traditional\proc\p18F4480.asm
               CVRCONbits   0x000fb5       data     extern C:\Program Files\Microchip\mplabc18\v3.37\src\traditional\proc\p18F4480.asm
                  ECCP1AS   0x000fb6       data     extern C:\Program Files\Microchip\mplabc18\v3.37\src\traditional\proc\p18F4480.asm
              ECCP1ASbits   0x000fb6       data     extern C:\Program Files\Microchip\mplabc18\v3.37\src\traditional\proc\p18F4480.asm
                 ECCP1DEL   0x000fb7       data     extern C:\Program Files\Microchip\mplabc18\v3.37\src\traditional\proc\p18F4480.asm
             ECCP1DELbits   0x000fb7       data     extern C:\Program Files\Microchip\mplabc18\v3.37\src\traditional\proc\p18F4480.asm
              BAUDCTLbits   0x000fb8       data     extern C:\Program Files\Microchip\mplabc18\v3.37\src\traditional\proc\p18F4480.asm
                  BAUDCTL   0x000fb8       data     extern C:\Program Files\Microchip\mplabc18\v3.37\src\traditional\proc\p18F4480.asm
              BAUDCONbits   0x000fb8       data     extern C:\Program Files\Microchip\mplabc18\v3.37\src\traditional\proc\p18F4480.asm
                  BAUDCON   0x000fb8       data     extern C:\Program Files\Microchip\mplabc18\v3.37\src\traditional\proc\p18F4480.asm
                 ECCP1CON   0x000fba       data     extern C:\Program Files\Microchip\mplabc18\v3.37\src\traditional\proc\p18F4480.asm
             ECCP1CONbits   0x000fba       data     extern C:\Program Files\Microchip\mplabc18\v3.37\src\traditional\proc\p18F4480.asm
                  ECCPR1L   0x000fbb       data     extern C:\Program Files\Microchip\mplabc18\v3.37\src\traditional\proc\p18F4480.asm
                   ECCPR1   0x000fbb       data     extern C:\Program Files\Microchip\mplabc18\v3.37\src\traditional\proc\p18F4480.asm
                  ECCPR1H   0x000fbc       data     extern C:\Program Files\Microchip\mplabc18\v3.37\src\traditional\proc\p18F4480.asm
                  CCP1CON   0x000fbd       data     extern C:\Program Files\Microchip\mplabc18\v3.37\src\traditional\proc\p18F4480.asm
              CCP1CONbits   0x000fbd       data     extern C:\Program Files\Microchip\mplabc18\v3.37\src\traditional\proc\p18F4480.asm
                    CCPR1   0x000fbe       data     extern C:\Program Files\Microchip\mplabc18\v3.37\src\traditional\proc\p18F4480.asm
                   CCPR1L   0x000fbe       data     extern C:\Program Files\Microchip\mplabc18\v3.37\src\traditional\proc\p18F4480.asm
                   CCPR1H   0x000fbf       data     extern C:\Program Files\Microchip\mplabc18\v3.37\src\traditional\proc\p18F4480.asm
                   ADCON2   0x000fc0       data     extern C:\Program Files\Microchip\mplabc18\v3.37\src\traditional\proc\p18F4480.asm
               ADCON2bits   0x000fc0       data     extern C:\Program Files\Microchip\mplabc18\v3.37\src\traditional\proc\p18F4480.asm
               ADCON1bits   0x000fc1       data     extern C:\Program Files\Microchip\mplabc18\v3.37\src\traditional\proc\p18F4480.asm
                   ADCON1   0x000fc1       data     extern C:\Program Files\Microchip\mplabc18\v3.37\src\traditional\proc\p18F4480.asm
                   ADCON0   0x000fc2       data     extern C:\Program Files\Microchip\mplabc18\v3.37\src\traditional\proc\p18F4480.asm
               ADCON0bits   0x000fc2       data     extern C:\Program Files\Microchip\mplabc18\v3.37\src\traditional\proc\p18F4480.asm
                    ADRES   0x000fc3       data     extern C:\Program Files\Microchip\mplabc18\v3.37\src\traditional\proc\p18F4480.asm
                   ADRESL   0x000fc3       data     extern C:\Program Files\Microchip\mplabc18\v3.37\src\traditional\proc\p18F4480.asm
                   ADRESH   0x000fc4       data     extern C:\Program Files\Microchip\mplabc18\v3.37\src\traditional\proc\p18F4480.asm
                  SSPCON2   0x000fc5       data     extern C:\Program Files\Microchip\mplabc18\v3.37\src\traditional\proc\p18F4480.asm
              SSPCON2bits   0x000fc5       data     extern C:\Program Files\Microchip\mplabc18\v3.37\src\traditional\proc\p18F4480.asm
                  SSPCON1   0x000fc6       data     extern C:\Program Files\Microchip\mplabc18\v3.37\src\traditional\proc\p18F4480.asm
              SSPCON1bits   0x000fc6       data     extern C:\Program Files\Microchip\mplabc18\v3.37\src\traditional\proc\p18F4480.asm
                  SSPSTAT   0x000fc7       data     extern C:\Program Files\Microchip\mplabc18\v3.37\src\traditional\proc\p18F4480.asm
              SSPSTATbits   0x000fc7       data     extern C:\Program Files\Microchip\mplabc18\v3.37\src\traditional\proc\p18F4480.asm
                   SSPADD   0x000fc8       data     extern C:\Program Files\Microchip\mplabc18\v3.37\src\traditional\proc\p18F4480.asm
                   SSPBUF   0x000fc9       data     extern C:\Program Files\Microchip\mplabc18\v3.37\src\traditional\proc\p18F4480.asm
                    T2CON   0x000fca       data     extern C:\Program Files\Microchip\mplabc18\v3.37\src\traditional\proc\p18F4480.asm
                T2CONbits   0x000fca       data     extern C:\Program Files\Microchip\mplabc18\v3.37\src\traditional\proc\p18F4480.asm
                      PR2   0x000fcb       data     extern C:\Program Files\Microchip\mplabc18\v3.37\src\traditional\proc\p18F4480.asm
                     TMR2   0x000fcc       data     extern C:\Program Files\Microchip\mplabc18\v3.37\src\traditional\proc\p18F4480.asm
                    T1CON   0x000fcd       data     extern C:\Program Files\Microchip\mplabc18\v3.37\src\traditional\proc\p18F4480.asm
                T1CONbits   0x000fcd       data     extern C:\Program Files\Microchip\mplabc18\v3.37\src\traditional\proc\p18F4480.asm
                    TMR1L   0x000fce       data     extern C:\Program Files\Microchip\mplabc18\v3.37\src\traditional\proc\p18F4480.asm
                    TMR1H   0x000fcf       data     extern C:\Program Files\Microchip\mplabc18\v3.37\src\traditional\proc\p18F4480.asm
                     RCON   0x000fd0       data     extern C:\Program Files\Microchip\mplabc18\v3.37\src\traditional\proc\p18F4480.asm
                 RCONbits   0x000fd0       data     extern C:\Program Files\Microchip\mplabc18\v3.37\src\traditional\proc\p18F4480.asm
               WDTCONbits   0x000fd1       data     extern C:\Program Files\Microchip\mplabc18\v3.37\src\traditional\proc\p18F4480.asm
                   WDTCON   0x000fd1       data     extern C:\Program Files\Microchip\mplabc18\v3.37\src\traditional\proc\p18F4480.asm
              HLVDCONbits   0x000fd2       data     extern C:\Program Files\Microchip\mplabc18\v3.37\src\traditional\proc\p18F4480.asm
                  HLVDCON   0x000fd2       data     extern C:\Program Files\Microchip\mplabc18\v3.37\src\traditional\proc\p18F4480.asm
                   LVDCON   0x000fd2       data     extern C:\Program Files\Microchip\mplabc18\v3.37\src\traditional\proc\p18F4480.asm
               LVDCONbits   0x000fd2       data     extern C:\Program Files\Microchip\mplabc18\v3.37\src\traditional\proc\p18F4480.asm
               OSCCONbits   0x000fd3       data     extern C:\Program Files\Microchip\mplabc18\v3.37\src\traditional\proc\p18F4480.asm
                   OSCCON   0x000fd3       data     extern C:\Program Files\Microchip\mplabc18\v3.37\src\traditional\proc\p18F4480.asm
                T0CONbits   0x000fd5       data     extern C:\Program Files\Microchip\mplabc18\v3.37\src\traditional\proc\p18F4480.asm
                    T0CON   0x000fd5       data     extern C:\Program Files\Microchip\mplabc18\v3.37\src\traditional\proc\p18F4480.asm
                    TMR0L   0x000fd6       data     extern C:\Program Files\Microchip\mplabc18\v3.37\src\traditional\proc\p18F4480.asm
                    TMR0H   0x000fd7       data     extern C:\Program Files\Microchip\mplabc18\v3.37\src\traditional\proc\p18F4480.asm
                   STATUS   0x000fd8       data     extern C:\Program Files\Microchip\mplabc18\v3.37\src\traditional\proc\p18F4480.asm
               STATUSbits   0x000fd8       data     extern C:\Program Files\Microchip\mplabc18\v3.37\src\traditional\proc\p18F4480.asm
                     FSR2   0x000fd9       data     extern C:\Program Files\Microchip\mplabc18\v3.37\src\traditional\proc\p18F4480.asm
                    FSR2L   0x000fd9       data     extern C:\Program Files\Microchip\mplabc18\v3.37\src\traditional\proc\p18F4480.asm
                    FSR2H   0x000fda       data     extern C:\Program Files\Microchip\mplabc18\v3.37\src\traditional\proc\p18F4480.asm
                   PLUSW2   0x000fdb       data     extern C:\Program Files\Microchip\mplabc18\v3.37\src\traditional\proc\p18F4480.asm
                  PREINC2   0x000fdc       data     extern C:\Program Files\Microchip\mplabc18\v3.37\src\traditional\proc\p18F4480.asm
                 POSTDEC2   0x000fdd       data     extern C:\Program Files\Microchip\mplabc18\v3.37\src\traditional\proc\p18F4480.asm
                 POSTINC2   0x000fde       data     extern C:\Program Files\Microchip\mplabc18\v3.37\src\traditional\proc\p18F4480.asm
                    INDF2   0x000fdf       data     extern C:\Program Files\Microchip\mplabc18\v3.37\src\traditional\proc\p18F4480.asm
                      BSR   0x000fe0       data     extern C:\Program Files\Microchip\mplabc18\v3.37\src\traditional\proc\p18F4480.asm
                     FSR1   0x000fe1       data     extern C:\Program Files\Microchip\mplabc18\v3.37\src\traditional\proc\p18F4480.asm
                    FSR1L   0x000fe1       data     extern C:\Program Files\Microchip\mplabc18\v3.37\src\traditional\proc\p18F4480.asm
                    FSR1H   0x000fe2       data     extern C:\Program Files\Microchip\mplabc18\v3.37\src\traditional\proc\p18F4480.asm
                   PLUSW1   0x000fe3       data     extern C:\Program Files\Microchip\mplabc18\v3.37\src\traditional\proc\p18F4480.asm
                  PREINC1   0x000fe4       data     extern C:\Program Files\Microchip\mplabc18\v3.37\src\traditional\proc\p18F4480.asm
                 POSTDEC1   0x000fe5       data     extern C:\Program Files\Microchip\mplabc18\v3.37\src\traditional\proc\p18F4480.asm
                 POSTINC1   0x000fe6       data     extern C:\Program Files\Microchip\mplabc18\v3.37\src\traditional\proc\p18F4480.asm
                    INDF1   0x000fe7       data     extern C:\Program Files\Microchip\mplabc18\v3.37\src\traditional\proc\p18F4480.asm
                     WREG   0x000fe8       data     extern C:\Program Files\Microchip\mplabc18\v3.37\src\traditional\proc\p18F4480.asm
                     FSR0   0x000fe9       data     extern C:\Program Files\Microchip\mplabc18\v3.37\src\traditional\proc\p18F4480.asm
                    FSR0L   0x000fe9       data     extern C:\Program Files\Microchip\mplabc18\v3.37\src\traditional\proc\p18F4480.asm
                    FSR0H   0x000fea       data     extern C:\Program Files\Microchip\mplabc18\v3.37\src\traditional\proc\p18F4480.asm
                   PLUSW0   0x000feb       data     extern C:\Program Files\Microchip\mplabc18\v3.37\src\traditional\proc\p18F4480.asm
                  PREINC0   0x000fec       data     extern C:\Program Files\Microchip\mplabc18\v3.37\src\traditional\proc\p18F4480.asm
                 POSTDEC0   0x000fed       data     extern C:\Program Files\Microchip\mplabc18\v3.37\src\traditional\proc\p18F4480.asm
                 POSTINC0   0x000fee       data     extern C:\Program Files\Microchip\mplabc18\v3.37\src\traditional\proc\p18F4480.asm
                    INDF0   0x000fef       data     extern C:\Program Files\Microchip\mplabc18\v3.37\src\traditional\proc\p18F4480.asm
              INTCON3bits   0x000ff0       data     extern C:\Program Files\Microchip\mplabc18\v3.37\src\traditional\proc\p18F4480.asm
                  INTCON3   0x000ff0       data     extern C:\Program Files\Microchip\mplabc18\v3.37\src\traditional\proc\p18F4480.asm
              INTCON2bits   0x000ff1       data     extern C:\Program Files\Microchip\mplabc18\v3.37\src\traditional\proc\p18F4480.asm
                  INTCON2   0x000ff1       data     extern C:\Program Files\Microchip\mplabc18\v3.37\src\traditional\proc\p18F4480.asm
                   INTCON   0x000ff2       data     extern C:\Program Files\Microchip\mplabc18\v3.37\src\traditional\proc\p18F4480.asm
               INTCONbits   0x000ff2       data     extern C:\Program Files\Microchip\mplabc18\v3.37\src\traditional\proc\p18F4480.asm
                     PROD   0x000ff3       data     extern C:\Program Files\Microchip\mplabc18\v3.37\src\traditional\proc\p18F4480.asm
                    PRODL   0x000ff3       data     extern C:\Program Files\Microchip\mplabc18\v3.37\src\traditional\proc\p18F4480.asm
                    PRODH   0x000ff4       data     extern C:\Program Files\Microchip\mplabc18\v3.37\src\traditional\proc\p18F4480.asm
                   TABLAT   0x000ff5       data     extern C:\Program Files\Microchip\mplabc18\v3.37\src\traditional\proc\p18F4480.asm
                   TBLPTR   0x000ff6       data     extern C:\Program Files\Microchip\mplabc18\v3.37\src\traditional\proc\p18F4480.asm
                  TBLPTRL   0x000ff6       data     extern C:\Program Files\Microchip\mplabc18\v3.37\src\traditional\proc\p18F4480.asm
                  TBLPTRH   0x000ff7       data     extern C:\Program Files\Microchip\mplabc18\v3.37\src\traditional\proc\p18F4480.asm
                  TBLPTRU   0x000ff8       data     extern C:\Program Files\Microchip\mplabc18\v3.37\src\traditional\proc\p18F4480.asm
                       PC   0x000ff9       data     extern C:\Program Files\Microchip\mplabc18\v3.37\src\traditional\proc\p18F4480.asm
                      PCL   0x000ff9       data     extern C:\Program Files\Microchip\mplabc18\v3.37\src\traditional\proc\p18F4480.asm
                   PCLATH   0x000ffa       data     extern C:\Program Files\Microchip\mplabc18\v3.37\src\traditional\proc\p18F4480.asm
                   PCLATU   0x000ffb       data     extern C:\Program Files\Microchip\mplabc18\v3.37\src\traditional\proc\p18F4480.asm
               STKPTRbits   0x000ffc       data     extern C:\Program Files\Microchip\mplabc18\v3.37\src\traditional\proc\p18F4480.asm
                   STKPTR   0x000ffc       data     extern C:\Program Files\Microchip\mplabc18\v3.37\src\traditional\proc\p18F4480.asm
                      TOS   0x000ffd       data     extern C:\Program Files\Microchip\mplabc18\v3.37\src\traditional\proc\p18F4480.asm
                     TOSL   0x000ffd       data     extern C:\Program Files\Microchip\mplabc18\v3.37\src\traditional\proc\p18F4480.asm
                     TOSH   0x000ffe       data     extern C:\Program Files\Microchip\mplabc18\v3.37\src\traditional\proc\p18F4480.asm
                     TOSU   0x000fff       data     extern C:\Program Files\Microchip\mplabc18\v3.37\src\traditional\proc\p18F4480.asm


