MPLINK 4.38, Linker
Linker Map File - Created Sun Jan 19 01:03:47 2014

                                 Section Info
                  Section       Type    Address   Location Size(Bytes)
                ---------  ---------  ---------  ---------  ---------
               _entry_scn       code   0x000000    program   0x000006
                   .cinit    romdata   0x000006    program   0x000026
          .code_mcp2515.o       code   0x00002c    program   0x001658
         .code_vfprintf.o       code   0x001684    program   0x000c22
             .code_main.o       code   0x0022a6    program   0x000744
             .stringtable    romdata   0x0029ea    program   0x000561
    .romdata__user_putc.o    romdata   0x002f4b    program   0x000000
     .idata_tritium20.o_i    romdata   0x002f4b    program   0x000000
         .romdata_uopen.o    romdata   0x002f4b    program   0x000000
      .idata_spi_read.o_i    romdata   0x002f4b    program   0x000000
      .romdata_spi_read.o    romdata   0x002f4b    program   0x000000
        .idata___init.o_i    romdata   0x002f4b    program   0x000000
        .romdata_stdout.o    romdata   0x002f4b    program   0x000000
      .idata_vfprintf.o_i    romdata   0x002f4b    program   0x000000
      .idata_fxd3232u.o_i    romdata   0x002f4b    program   0x000000
      .romdata_fxd3232u.o    romdata   0x002f4b    program   0x000000
       .idata_fxm3232.o_i    romdata   0x002f4b    program   0x000000
          .idata_putc.o_i    romdata   0x002f4b    program   0x000000
          .romdata_putc.o    romdata   0x002f4b    program   0x000000
    .idata__user_putc.o_i    romdata   0x002f4b    program   0x000000
          .romdata_main.o    romdata   0x002f4b    program   0x000000
  .idata_mpptDriveTek.o_i    romdata   0x002f4b    program   0x000000
  .romdata_mpptDriveTek.o    romdata   0x002f4b    program   0x000000
         .idata_c018i.o_i    romdata   0x002f4b    program   0x000000
           .code_stdout.o       code   0x002f4c    program   0x000000
                     PROG       code   0x002f4c    program   0x000390
            .code_c018i.o       code   0x002f4c    program   0x000000
        .code_tritium20.o       code   0x0032dc    program   0x000310
     .code_mpptDriveTek.o       code   0x0035ec    program   0x0002a8
               _cinit_scn       code   0x003894    program   0x00009e
           .code_printf.o       code   0x003932    program   0x000098
            .code_uopen.o       code   0x0039ca    program   0x00008a
             .code_putc.o       code   0x003a54    program   0x000084
          .code_fxm3232.o       code   0x003ad8    program   0x000070
         .code_spi_open.o       code   0x003b48    program   0x000068
                   STRING       code   0x003bb0    program   0x000066
         .code_fxd3232u.o       code   0x003c16    program   0x000048
         .code_spi_writ.o       code   0x003c5e    program   0x00003c
         .code_spi_read.o       code   0x003c9a    program   0x00002e
                    CTYPE       code   0x003cc8    program   0x000024
                    .code       code   0x003cec    program   0x000020
             _startup_scn       code   0x003d0c    program   0x00001c
                    STDIO       code   0x003d28    program   0x00001c
             D100TCYXCODE       code   0x003d44    program   0x00001c
              D10TCYXCODE       code   0x003d60    program   0x000016
      .romdata_vfprintf.o    romdata   0x003d76    program   0x000011
       .romdata_fxm3232.o    romdata   0x003d87    program   0x000000
         .romdata_c018i.o    romdata   0x003d87    program   0x000000
       .romdata_mcp2515.o    romdata   0x003d87    program   0x000000
     .romdata_tritium20.o    romdata   0x003d87    program   0x000000
      .idata_spi_open.o_i    romdata   0x003d87    program   0x000000
      .romdata_spi_open.o    romdata   0x003d87    program   0x000000
         .idata_uopen.o_i    romdata   0x003d87    program   0x000000
       .idata_mcp2515.o_i    romdata   0x003d87    program   0x000001
      .idata_spi_writ.o_i    romdata   0x003d87    program   0x000000
      .romdata_spi_writ.o    romdata   0x003d87    program   0x000000
        .romdata___init.o    romdata   0x003d87    program   0x000000
        .idata_printf.o_i    romdata   0x003d87    program   0x000000
        .romdata_printf.o    romdata   0x003d87    program   0x000000
       .code__user_putc.o       code   0x003d88    program   0x000002
           .code___init.o       code   0x003d8a    program   0x000002
        .idata_stdout.o_i    romdata   0x003d8c    program   0x000002
          .idata_main.o_i    romdata   0x003d8e    program   0x000002
    .config_300001_main.o    romdata   0x300001    program   0x000001
    .config_300002_main.o    romdata   0x300002    program   0x000001
    .config_300003_main.o    romdata   0x300003    program   0x000001
    .config_300006_main.o    romdata   0x300006    program   0x000001
                MATH_DATA      udata   0x000000       data   0x000014
                 .tmpdata      udata   0x000014       data   0x00000a
                DELAYDAT1      udata   0x00001e       data   0x000001
           .udata_c018i.o      udata   0x000060       data   0x00000a
          .idata_stdout.o      idata   0x00006a       data   0x000002
            .idata_main.o      idata   0x00006c       data   0x000002
         .idata_mcp2515.o      idata   0x00006e       data   0x000001
        .idata_vfprintf.o      idata   0x00006f       data   0x000000
        .udata_vfprintf.o      udata   0x00006f       data   0x000000
          .udata_stdout.o      udata   0x00006f       data   0x000000
          .idata_printf.o      idata   0x00006f       data   0x000000
          .udata_printf.o      udata   0x00006f       data   0x000000
        .udata_spi_open.o      udata   0x00006f       data   0x000000
        .idata_spi_open.o      idata   0x00006f       data   0x000000
           .udata_uopen.o      udata   0x00006f       data   0x000000
           .idata_uopen.o      idata   0x00006f       data   0x000000
        .udata_spi_read.o      udata   0x00006f       data   0x000000
        .idata_spi_read.o      idata   0x00006f       data   0x000000
        .udata_spi_writ.o      udata   0x00006f       data   0x000000
        .idata_spi_writ.o      idata   0x00006f       data   0x000000
          .udata___init.o      udata   0x00006f       data   0x000000
          .idata___init.o      idata   0x00006f       data   0x000000
        .udata_fxd3232u.o      udata   0x00006f       data   0x000000
        .idata_fxd3232u.o      idata   0x00006f       data   0x000000
         .udata_fxm3232.o      udata   0x00006f       data   0x000000
         .idata_fxm3232.o      idata   0x00006f       data   0x000000
            .udata_putc.o      udata   0x00006f       data   0x000000
            .idata_putc.o      idata   0x00006f       data   0x000000
      .udata__user_putc.o      udata   0x00006f       data   0x000000
      .idata__user_putc.o      idata   0x00006f       data   0x000000
       .idata_tritium20.o      idata   0x00006f       data   0x000000
       .udata_tritium20.o      udata   0x00006f       data   0x000000
         .udata_mcp2515.o      udata   0x00006f       data   0x000000
    .idata_mpptDriveTek.o      idata   0x00006f       data   0x000000
    .udata_mpptDriveTek.o      udata   0x00006f       data   0x000000
            .udata_main.o      udata   0x00006f       data   0x000000
           .idata_c018i.o      idata   0x00006f       data   0x000000
                   .stack      udata   0x000200       data   0x000100
              SFR_BANKED0      udata   0x000d60       data   0x00000c
              SFR_BANKED1      udata   0x000d70       data   0x00000c
              SFR_BANKED2      udata   0x000d80       data   0x00000c
              SFR_BANKED3      udata   0x000d90       data   0x000004
              SFR_BANKED4      udata   0x000dd4       data   0x000002
              SFR_BANKED5      udata   0x000dd8       data   0x000001
              SFR_BANKED6      udata   0x000de0       data   0x000008
              SFR_BANKED7      udata   0x000df0       data   0x000004
              SFR_BANKED8      udata   0x000df8       data   0x000001
              SFR_BANKED9      udata   0x000dfa       data   0x000001
             SFR_BANKED10      udata   0x000dfc       data   0x000001
             SFR_BANKED11      udata   0x000e20       data   0x000060
             SFR_BANKED12      udata   0x000f00       data   0x000060
            SFR_UNBANKED0      udata   0x000f60       data   0x000018
            SFR_UNBANKED1      udata   0x000f80       data   0x000080



                              Program Memory Usage 
                               Start         End      
                           ---------   ---------      
                            0x000000    0x002f4a      
                            0x002f4c    0x003d8f      
                            0x300001    0x300003      
                            0x300006    0x300006      
            15763 out of 16664 program addresses used, program memory utilization is 94%



                              Symbols - Sorted by Name
                     Name    Address   Location    Storage File                     
                ---------  ---------  ---------  --------- ---------                
                   D100_1   0x003d52    program     static C:\Program Files\Microchip\mplabc18\v3.37\src\traditional\delays\d100tcyx.asm
                    D100x   0x003d50    program     static C:\Program Files\Microchip\mplabc18\v3.37\src\traditional\delays\d100tcyx.asm
                    D10_1   0x003d70    program     static C:\Program Files\Microchip\mplabc18\v3.37\src\traditional\delays\d10tcyx.asm
                     D10x   0x003d68    program     static C:\Program Files\Microchip\mplabc18\v3.37\src\traditional\delays\d10tcyx.asm
             Delay100TCYx   0x003d44    program     extern C:\Program Files\Microchip\mplabc18\v3.37\src\traditional\delays\d100tcyx.asm
              Delay10TCYx   0x003d60    program     extern C:\Program Files\Microchip\mplabc18\v3.37\src\traditional\delays\d10tcyx.asm
                 FLO0832S   0x002f50    program     extern C:\Program Files\Microchip\mplabc18\v3.37\src\traditional\math\cast08FP.asm
                 FLO0832U   0x002f4c    program     extern C:\Program Files\Microchip\mplabc18\v3.37\src\traditional\math\cast08FP.asm
                 FLO1632S   0x002f72    program     extern C:\Program Files\Microchip\mplabc18\v3.37\src\traditional\math\cast16FP.asm
                 FLO1632U   0x002f6e    program     extern C:\Program Files\Microchip\mplabc18\v3.37\src\traditional\math\cast16FP.asm
                    FPD32   0x002f98    program     extern C:\Program Files\Microchip\mplabc18\v3.37\src\traditional\math\divFP.asm
                    FPM32   0x00303e    program     extern C:\Program Files\Microchip\mplabc18\v3.37\src\traditional\math\mulFP.asm
                 FXD3232U   0x003c16    program     extern C:\Program Files\Microchip\mplabc18\v3.37\src\traditional\math\fxd3232u.c
                 FXM1616S   0x003282    program     extern C:\Program Files\Microchip\mplabc18\v3.37\src\traditional\math\fxm1616s.asm
                  FXM3232   0x003ad8    program     extern C:\Program Files\Microchip\mplabc18\v3.37\src\traditional\math\fxm3232.c
                  INT3216   0x003118    program     extern C:\Program Files\Microchip\mplabc18\v3.37\src\traditional\math\castFP16.asm
                  OpenSPI   0x003b48    program     extern C:\Program Files\Microchip\mplabc18\v3.37\src\pmc_common\SPI\spi_open.c
                OpenUSART   0x0039ca    program     extern C:\Program Files\Microchip\mplabc18\v3.37\src\pmc_common\USART\uopen.c
                  ReadSPI   0x003c9a    program     extern C:\Program Files\Microchip\mplabc18\v3.37\src\pmc_common\SPI\spi_read.c
               TSIGN1616A   0x0032ce    program     static C:\Program Files\Microchip\mplabc18\v3.37\src\traditional\math\fxm1616s.asm
                 WriteSPI   0x003c5e    program     extern C:\Program Files\Microchip\mplabc18\v3.37\src\pmc_common\SPI\spi_writ.c
                   _2jEnd   0x003c00    program     static C:\Program Files\Microchip\mplabc18\v3.37\src\traditional\stdclib\slenpgm.asm
       _D100TCYXCODE_0008   0x003d4c    program     static C:\Program Files\Microchip\mplabc18\v3.37\src\traditional\delays\d100tcyx.asm
       _D100TCYXCODE_0012   0x003d56    program     static C:\Program Files\Microchip\mplabc18\v3.37\src\traditional\delays\d100tcyx.asm
       _D100TCYXCODE_0018   0x003d5c    program     static C:\Program Files\Microchip\mplabc18\v3.37\src\traditional\delays\d100tcyx.asm
        _D10TCYXCODE_000A   0x003d6a    program     static C:\Program Files\Microchip\mplabc18\v3.37\src\traditional\delays\d10tcyx.asm
        _D10TCYXCODE_000C   0x003d6c    program     static C:\Program Files\Microchip\mplabc18\v3.37\src\traditional\delays\d10tcyx.asm
        _D10TCYXCODE_000E   0x003d6e    program     static C:\Program Files\Microchip\mplabc18\v3.37\src\traditional\delays\d10tcyx.asm
                 __FpExit   0x003182    program     extern C:\Program Files\Microchip\mplabc18\v3.37\src\traditional\math\packFP.asm
                 __FpPack   0x0031ae    program     extern C:\Program Files\Microchip\mplabc18\v3.37\src\traditional\math\packFP.asm
            __FpReturnNaN   0x003176    program     extern C:\Program Files\Microchip\mplabc18\v3.37\src\traditional\math\packFP.asm
         __FpReturnNegInf   0x003188    program     extern C:\Program Files\Microchip\mplabc18\v3.37\src\traditional\math\packFP.asm
        __FpReturnNegZero   0x0031a0    program     extern C:\Program Files\Microchip\mplabc18\v3.37\src\traditional\math\packFP.asm
         __FpReturnPosInf   0x00318e    program     extern C:\Program Files\Microchip\mplabc18\v3.37\src\traditional\math\packFP.asm
        __FpReturnPosZero   0x0031a8    program     extern C:\Program Files\Microchip\mplabc18\v3.37\src\traditional\math\packFP.asm
        __FpReturnSignInf   0x003184    program     extern C:\Program Files\Microchip\mplabc18\v3.37\src\traditional\math\packFP.asm
       __FpReturnSignZero   0x00319c    program     extern C:\Program Files\Microchip\mplabc18\v3.37\src\traditional\math\packFP.asm
              __FpReturnW   0x003206    program     extern C:\Program Files\Microchip\mplabc18\v3.37\src\traditional\math\packFP.asm
              __FpUnPackA   0x003226    program     extern C:\Program Files\Microchip\mplabc18\v3.37\src\traditional\math\UnpackFP.asm
              __FpUnPackB   0x003256    program     extern C:\Program Files\Microchip\mplabc18\v3.37\src\traditional\math\UnpackFP.asm
       ___return_lbl00000   0x003c5c    program     static                          
       ___return_lbl00000   0x003b46    program     static                          
       ___return_lbl00000   0x000004    program     static                          
       ___return_lbl00001   0x003d26    program     static                          
       ___return_lbl00002   0x003930    program     static                          
               __config_0   0x300001    program     static C:\Users\jebr224\Desktop\john\repos\mcp2515\main.c
               __config_1   0x300002    program     static C:\Users\jebr224\Desktop\john\repos\mcp2515\main.c
               __config_2   0x300003    program     static C:\Users\jebr224\Desktop\john\repos\mcp2515\main.c
               __config_3   0x300006    program     static C:\Users\jebr224\Desktop\john\repos\mcp2515\main.c
                   __init   0x003d8a    program     extern C:\Program Files\Microchip\mplabc18\v3.37\src\traditional\stdclib\__init.c
                   __pa_0   0x001fc4    program     static C:\Program Files\Microchip\mplabc18\v3.37\src\traditional\stdclib\vfprintf.c
                   __pa_1   0x001fcc    program     static C:\Program Files\Microchip\mplabc18\v3.37\src\traditional\stdclib\vfprintf.c
                  __pa_10   0x002080    program     static C:\Program Files\Microchip\mplabc18\v3.37\src\traditional\stdclib\vfprintf.c
                  __pa_11   0x00208e    program     static C:\Program Files\Microchip\mplabc18\v3.37\src\traditional\stdclib\vfprintf.c
                  __pa_12   0x0020a4    program     static C:\Program Files\Microchip\mplabc18\v3.37\src\traditional\stdclib\vfprintf.c
                  __pa_13   0x0020be    program     static C:\Program Files\Microchip\mplabc18\v3.37\src\traditional\stdclib\vfprintf.c
                  __pa_14   0x0020d6    program     static C:\Program Files\Microchip\mplabc18\v3.37\src\traditional\stdclib\vfprintf.c
                  __pa_15   0x0020e6    program     static C:\Program Files\Microchip\mplabc18\v3.37\src\traditional\stdclib\vfprintf.c
                  __pa_16   0x0020fc    program     static C:\Program Files\Microchip\mplabc18\v3.37\src\traditional\stdclib\vfprintf.c
                  __pa_17   0x00210e    program     static C:\Program Files\Microchip\mplabc18\v3.37\src\traditional\stdclib\vfprintf.c
                  __pa_18   0x002120    program     static C:\Program Files\Microchip\mplabc18\v3.37\src\traditional\stdclib\vfprintf.c
                  __pa_19   0x00212a    program     static C:\Program Files\Microchip\mplabc18\v3.37\src\traditional\stdclib\vfprintf.c
                   __pa_2   0x001fd6    program     static C:\Program Files\Microchip\mplabc18\v3.37\src\traditional\stdclib\vfprintf.c
                  __pa_20   0x00213a    program     static C:\Program Files\Microchip\mplabc18\v3.37\src\traditional\stdclib\vfprintf.c
                  __pa_21   0x00214a    program     static C:\Program Files\Microchip\mplabc18\v3.37\src\traditional\stdclib\vfprintf.c
                  __pa_22   0x00215a    program     static C:\Program Files\Microchip\mplabc18\v3.37\src\traditional\stdclib\vfprintf.c
                  __pa_23   0x002166    program     static C:\Program Files\Microchip\mplabc18\v3.37\src\traditional\stdclib\vfprintf.c
                  __pa_24   0x002174    program     static C:\Program Files\Microchip\mplabc18\v3.37\src\traditional\stdclib\vfprintf.c
                  __pa_25   0x00217c    program     static C:\Program Files\Microchip\mplabc18\v3.37\src\traditional\stdclib\vfprintf.c
                  __pa_26   0x002186    program     static C:\Program Files\Microchip\mplabc18\v3.37\src\traditional\stdclib\vfprintf.c
                  __pa_27   0x002190    program     static C:\Program Files\Microchip\mplabc18\v3.37\src\traditional\stdclib\vfprintf.c
                  __pa_28   0x002198    program     static C:\Program Files\Microchip\mplabc18\v3.37\src\traditional\stdclib\vfprintf.c
                  __pa_29   0x0021a6    program     static C:\Program Files\Microchip\mplabc18\v3.37\src\traditional\stdclib\vfprintf.c
                   __pa_3   0x001fe0    program     static C:\Program Files\Microchip\mplabc18\v3.37\src\traditional\stdclib\vfprintf.c
                  __pa_30   0x0021c2    program     static C:\Program Files\Microchip\mplabc18\v3.37\src\traditional\stdclib\vfprintf.c
                  __pa_31   0x0021dc    program     static C:\Program Files\Microchip\mplabc18\v3.37\src\traditional\stdclib\vfprintf.c
                  __pa_32   0x0021f6    program     static C:\Program Files\Microchip\mplabc18\v3.37\src\traditional\stdclib\vfprintf.c
                  __pa_33   0x00220e    program     static C:\Program Files\Microchip\mplabc18\v3.37\src\traditional\stdclib\vfprintf.c
                  __pa_34   0x002218    program     static C:\Program Files\Microchip\mplabc18\v3.37\src\traditional\stdclib\vfprintf.c
                  __pa_35   0x002226    program     static C:\Program Files\Microchip\mplabc18\v3.37\src\traditional\stdclib\vfprintf.c
                  __pa_36   0x00222e    program     static C:\Program Files\Microchip\mplabc18\v3.37\src\traditional\stdclib\vfprintf.c
                  __pa_37   0x002238    program     static C:\Program Files\Microchip\mplabc18\v3.37\src\traditional\stdclib\vfprintf.c
                  __pa_38   0x002248    program     static C:\Program Files\Microchip\mplabc18\v3.37\src\traditional\stdclib\vfprintf.c
                  __pa_39   0x002256    program     static C:\Program Files\Microchip\mplabc18\v3.37\src\traditional\stdclib\vfprintf.c
                   __pa_4   0x001ff8    program     static C:\Program Files\Microchip\mplabc18\v3.37\src\traditional\stdclib\vfprintf.c
                  __pa_40   0x002262    program     static C:\Program Files\Microchip\mplabc18\v3.37\src\traditional\stdclib\vfprintf.c
                  __pa_41   0x00226e    program     static C:\Program Files\Microchip\mplabc18\v3.37\src\traditional\stdclib\vfprintf.c
                  __pa_42   0x002276    program     static C:\Program Files\Microchip\mplabc18\v3.37\src\traditional\stdclib\vfprintf.c
                  __pa_43   0x002280    program     static C:\Program Files\Microchip\mplabc18\v3.37\src\traditional\stdclib\vfprintf.c
                  __pa_44   0x002286    program     static C:\Program Files\Microchip\mplabc18\v3.37\src\traditional\stdclib\vfprintf.c
                  __pa_45   0x002290    program     static C:\Program Files\Microchip\mplabc18\v3.37\src\traditional\stdclib\vfprintf.c
                  __pa_46   0x00229c    program     static C:\Program Files\Microchip\mplabc18\v3.37\src\traditional\stdclib\vfprintf.c
                   __pa_5   0x00200c    program     static C:\Program Files\Microchip\mplabc18\v3.37\src\traditional\stdclib\vfprintf.c
                   __pa_6   0x002028    program     static C:\Program Files\Microchip\mplabc18\v3.37\src\traditional\stdclib\vfprintf.c
                   __pa_7   0x002032    program     static C:\Program Files\Microchip\mplabc18\v3.37\src\traditional\stdclib\vfprintf.c
                   __pa_8   0x00203e    program     static C:\Program Files\Microchip\mplabc18\v3.37\src\traditional\stdclib\vfprintf.c
                   __pa_9   0x002060    program     static C:\Program Files\Microchip\mplabc18\v3.37\src\traditional\stdclib\vfprintf.c
               __string_0   0x002f41    program     static C:\Users\jebr224\Desktop\john\repos\mcp2515\tritium20.c
               __string_0   0x002b5f    program     static C:\Users\jebr224\Desktop\john\repos\mcp2515\main.c
               __string_0   0x002ecb    program     static C:\Users\jebr224\Desktop\john\repos\mcp2515\mcp2515.c
               __string_1   0x002b42    program     static C:\Users\jebr224\Desktop\john\repos\mcp2515\main.c
               __string_1   0x002f3b    program     static C:\Users\jebr224\Desktop\john\repos\mcp2515\tritium20.c
               __string_1   0x002e98    program     static C:\Users\jebr224\Desktop\john\repos\mcp2515\mcp2515.c
              __string_10   0x002a1b    program     static C:\Users\jebr224\Desktop\john\repos\mcp2515\main.c
              __string_10   0x002d47    program     static C:\Users\jebr224\Desktop\john\repos\mcp2515\mcp2515.c
              __string_11   0x002a0a    program     static C:\Users\jebr224\Desktop\john\repos\mcp2515\main.c
              __string_11   0x002d3b    program     static C:\Users\jebr224\Desktop\john\repos\mcp2515\mcp2515.c
              __string_12   0x0029f9    program     static C:\Users\jebr224\Desktop\john\repos\mcp2515\main.c
              __string_12   0x002d24    program     static C:\Users\jebr224\Desktop\john\repos\mcp2515\mcp2515.c
              __string_13   0x0029ea    program     static C:\Users\jebr224\Desktop\john\repos\mcp2515\main.c
              __string_13   0x002d0e    program     static C:\Users\jebr224\Desktop\john\repos\mcp2515\mcp2515.c
              __string_14   0x002d09    program     static C:\Users\jebr224\Desktop\john\repos\mcp2515\mcp2515.c
              __string_15   0x002cf5    program     static C:\Users\jebr224\Desktop\john\repos\mcp2515\mcp2515.c
              __string_16   0x002ce0    program     static C:\Users\jebr224\Desktop\john\repos\mcp2515\mcp2515.c
              __string_17   0x002ccb    program     static C:\Users\jebr224\Desktop\john\repos\mcp2515\mcp2515.c
              __string_18   0x002ca6    program     static C:\Users\jebr224\Desktop\john\repos\mcp2515\mcp2515.c
              __string_19   0x002c9d    program     static C:\Users\jebr224\Desktop\john\repos\mcp2515\mcp2515.c
               __string_2   0x002e78    program     static C:\Users\jebr224\Desktop\john\repos\mcp2515\mcp2515.c
               __string_2   0x002b31    program     static C:\Users\jebr224\Desktop\john\repos\mcp2515\main.c
               __string_2   0x002f0c    program     static C:\Users\jebr224\Desktop\john\repos\mcp2515\tritium20.c
              __string_20   0x002c94    program     static C:\Users\jebr224\Desktop\john\repos\mcp2515\mcp2515.c
              __string_21   0x002c5f    program     static C:\Users\jebr224\Desktop\john\repos\mcp2515\mcp2515.c
              __string_22   0x002c16    program     static C:\Users\jebr224\Desktop\john\repos\mcp2515\mcp2515.c
              __string_23   0x002bec    program     static C:\Users\jebr224\Desktop\john\repos\mcp2515\mcp2515.c
              __string_24   0x002be1    program     static C:\Users\jebr224\Desktop\john\repos\mcp2515\mcp2515.c
              __string_25   0x002bd6    program     static C:\Users\jebr224\Desktop\john\repos\mcp2515\mcp2515.c
              __string_26   0x002bc4    program     static C:\Users\jebr224\Desktop\john\repos\mcp2515\mcp2515.c
              __string_27   0x002bbf    program     static C:\Users\jebr224\Desktop\john\repos\mcp2515\mcp2515.c
              __string_28   0x002bbd    program     static C:\Users\jebr224\Desktop\john\repos\mcp2515\mcp2515.c
              __string_29   0x002b8c    program     static C:\Users\jebr224\Desktop\john\repos\mcp2515\mcp2515.c
               __string_3   0x002e44    program     static C:\Users\jebr224\Desktop\john\repos\mcp2515\mcp2515.c
               __string_3   0x002b06    program     static C:\Users\jebr224\Desktop\john\repos\mcp2515\main.c
              __string_30   0x002b74    program     static C:\Users\jebr224\Desktop\john\repos\mcp2515\mcp2515.c
               __string_4   0x002aeb    program     static C:\Users\jebr224\Desktop\john\repos\mcp2515\main.c
               __string_4   0x002e23    program     static C:\Users\jebr224\Desktop\john\repos\mcp2515\mcp2515.c
               __string_5   0x002e02    program     static C:\Users\jebr224\Desktop\john\repos\mcp2515\mcp2515.c
               __string_5   0x002ab2    program     static C:\Users\jebr224\Desktop\john\repos\mcp2515\main.c
               __string_6   0x002def    program     static C:\Users\jebr224\Desktop\john\repos\mcp2515\mcp2515.c
               __string_6   0x002a8b    program     static C:\Users\jebr224\Desktop\john\repos\mcp2515\main.c
               __string_7   0x002dbc    program     static C:\Users\jebr224\Desktop\john\repos\mcp2515\mcp2515.c
               __string_7   0x002a69    program     static C:\Users\jebr224\Desktop\john\repos\mcp2515\main.c
               __string_8   0x002a44    program     static C:\Users\jebr224\Desktop\john\repos\mcp2515\main.c
               __string_8   0x002d9a    program     static C:\Users\jebr224\Desktop\john\repos\mcp2515\mcp2515.c
               __string_9   0x002d69    program     static C:\Users\jebr224\Desktop\john\repos\mcp2515\mcp2515.c
               __string_9   0x002a34    program     static C:\Users\jebr224\Desktop\john\repos\mcp2515\main.c
              __tmplbl_42   0x00215a    program     static                          
              __tmplbl_43   0x001fa2    program     static                          
              __tmplbl_44   0x001f88    program     static                          
              __tmplbl_85   0x0016da    program     static                          
            __zero_memory   0x003cec    program     extern C:\Program Files\Microchip\mplabc18\v3.37\src\traditional\proc\p18F4480.asm
                _do_cinit   0x003894    program     extern C:\Program Files\Microchip\mplabc18\v3.37\src\traditional\startup\c018i.c
                   _entry   0x000000    program     extern C:\Program Files\Microchip\mplabc18\v3.37\src\traditional\startup\c018i.c
                   _false   0x003c58    program     static                          
                 _startup   0x003d0c    program     extern C:\Program Files\Microchip\mplabc18\v3.37\src\traditional\startup\c018i.c
              _usart_putc   0x003d28    program     extern C:\Program Files\Microchip\mplabc18\v3.37\src\pmc_common\USART\_usartpc.asm
               _user_putc   0x003d88    program     extern C:\Program Files\Microchip\mplabc18\v3.37\src\traditional\stdclib\_user_putc.c
               bit_is_set   0x00002c    program     extern C:\Users\jebr224\Desktop\john\repos\mcp2515\mcp2515.c
              chip_active   0x000070    program     extern C:\Users\jebr224\Desktop\john\repos\mcp2515\mcp2515.c
            chip_enactive   0x0000ca    program     extern C:\Users\jebr224\Desktop\john\repos\mcp2515\mcp2515.c
                compare_l   0x003d02    program     static C:\Program Files\Microchip\mplabc18\v3.37\src\traditional\proc\p18F4480.asm
             convertToInt   0x0034bc    program     extern C:\Users\jebr224\Desktop\john\repos\mcp2515\tritium20.c
                copy_loop   0x003906    program     static                          
            copy_one_byte   0x00390c    program     static                          
                    delay   0x001512    program     extern C:\Users\jebr224\Desktop\john\repos\mcp2515\mcp2515.c
                dispError   0x001448    program     extern C:\Users\jebr224\Desktop\john\repos\mcp2515\mcp2515.c
                     done   0x003930    program     static                          
             done_copying   0x00391a    program     static                          
  getMessagesThatLookLike   0x000892    program     extern C:\Users\jebr224\Desktop\john\repos\mcp2515\mcp2515.c
       inputFilersON_RX_0   0x000858    program     extern C:\Users\jebr224\Desktop\john\repos\mcp2515\mcp2515.c
          inputFiltersOff   0x000806    program     extern C:\Users\jebr224\Desktop\john\repos\mcp2515\mcp2515.c
                  isdigit   0x003cc8    program     extern C:\Program Files\Microchip\mplabc18\v3.37\src\traditional\stdclib\isdigit.asm
                 jANotInf   0x002fb6    program     static C:\Program Files\Microchip\mplabc18\v3.37\src\traditional\math\divFP.asm
                 jANotInf   0x00305c    program     static C:\Program Files\Microchip\mplabc18\v3.37\src\traditional\math\mulFP.asm
                jANotZero   0x002fca    program     static C:\Program Files\Microchip\mplabc18\v3.37\src\traditional\math\divFP.asm
              jBothFinite   0x00306a    program     static C:\Program Files\Microchip\mplabc18\v3.37\src\traditional\math\mulFP.asm
             jBothNotZero   0x003076    program     static C:\Program Files\Microchip\mplabc18\v3.37\src\traditional\math\mulFP.asm
                     jEnd   0x003c02    program     static C:\Program Files\Microchip\mplabc18\v3.37\src\traditional\stdclib\slenpgm.asm
                     jEnd   0x003bca    program     static C:\Program Files\Microchip\mplabc18\v3.37\src\traditional\stdclib\strlen.asm
                    jExit   0x003174    program     static C:\Program Files\Microchip\mplabc18\v3.37\src\traditional\math\castFP16.asm
                jHaveZero   0x003072    program     static C:\Program Files\Microchip\mplabc18\v3.37\src\traditional\math\mulFP.asm
                jI2F08Beg   0x002f5a    program     static C:\Program Files\Microchip\mplabc18\v3.37\src\traditional\math\cast08FP.asm
                jI2F16Beg   0x002f82    program     static C:\Program Files\Microchip\mplabc18\v3.37\src\traditional\math\cast16FP.asm
                    jLoop   0x003154    program     static C:\Program Files\Microchip\mplabc18\v3.37\src\traditional\math\castFP16.asm
                    jLoop   0x003bea    program     static C:\Program Files\Microchip\mplabc18\v3.37\src\traditional\stdclib\slenpgm.asm
                    jLoop   0x003bc0    program     static C:\Program Files\Microchip\mplabc18\v3.37\src\traditional\stdclib\strlen.asm
                    jLoop   0x002ff2    program     static C:\Program Files\Microchip\mplabc18\v3.37\src\traditional\math\divFP.asm
                jLoopExit   0x003164    program     static C:\Program Files\Microchip\mplabc18\v3.37\src\traditional\math\castFP16.asm
                   jMatch   0x003ce8    program     static C:\Program Files\Microchip\mplabc18\v3.37\src\traditional\stdclib\isdigit.asm
                     jMax   0x003128    program     static C:\Program Files\Microchip\mplabc18\v3.37\src\traditional\math\castFP16.asm
                  jMaxNeg   0x003136    program     static C:\Program Files\Microchip\mplabc18\v3.37\src\traditional\math\castFP16.asm
                  jMaxPos   0x00312c    program     static C:\Program Files\Microchip\mplabc18\v3.37\src\traditional\math\castFP16.asm
                    jNext   0x003018    program     static C:\Program Files\Microchip\mplabc18\v3.37\src\traditional\math\divFP.asm
                jNoAdjust   0x003016    program     static C:\Program Files\Microchip\mplabc18\v3.37\src\traditional\math\divFP.asm
                 jNoMatch   0x003cea    program     static C:\Program Files\Microchip\mplabc18\v3.37\src\traditional\stdclib\isdigit.asm
                  jNotInf   0x003144    program     static C:\Program Files\Microchip\mplabc18\v3.37\src\traditional\math\castFP16.asm
                  jPkLoop   0x0031bc    program     static C:\Program Files\Microchip\mplabc18\v3.37\src\traditional\math\packFP.asm
             jPkRoundDone   0x003206    program     static C:\Program Files\Microchip\mplabc18\v3.37\src\traditional\math\packFP.asm
               jPkRoundIt   0x0031ee    program     static C:\Program Files\Microchip\mplabc18\v3.37\src\traditional\math\packFP.asm
             jPkShiftDone   0x0031d8    program     static C:\Program Files\Microchip\mplabc18\v3.37\src\traditional\math\packFP.asm
           jReturnPosInf0   0x003192    program     static C:\Program Files\Microchip\mplabc18\v3.37\src\traditional\math\packFP.asm
              jSignedZero   0x002fc0    program     static C:\Program Files\Microchip\mplabc18\v3.37\src\traditional\math\divFP.asm
                  jUnpkA1   0x003230    program     static C:\Program Files\Microchip\mplabc18\v3.37\src\traditional\math\UnpackFP.asm
                  jUnpkA2   0x003248    program     static C:\Program Files\Microchip\mplabc18\v3.37\src\traditional\math\UnpackFP.asm
                 jUnpkANZ   0x00323e    program     static C:\Program Files\Microchip\mplabc18\v3.37\src\traditional\math\UnpackFP.asm
                  jUnpkB1   0x003260    program     static C:\Program Files\Microchip\mplabc18\v3.37\src\traditional\math\UnpackFP.asm
                  jUnpkB2   0x003278    program     static C:\Program Files\Microchip\mplabc18\v3.37\src\traditional\math\UnpackFP.asm
                 jUnpkBNZ   0x00326e    program     static C:\Program Files\Microchip\mplabc18\v3.37\src\traditional\math\UnpackFP.asm
                 jUnpkNaN   0x003252    program     static C:\Program Files\Microchip\mplabc18\v3.37\src\traditional\math\UnpackFP.asm
                    jZero   0x00313e    program     static C:\Program Files\Microchip\mplabc18\v3.37\src\traditional\math\castFP16.asm
               jZero1and2   0x003196    program     static C:\Program Files\Microchip\mplabc18\v3.37\src\traditional\math\packFP.asm
                     loop   0x003c24    program     static                          
                     loop   0x003d38    program     static C:\Program Files\Microchip\mplabc18\v3.37\src\pmc_common\USART\_usartpc.asm
                     loop   0x003d1c    program     static                          
                   loop_h   0x003cfa    program     static C:\Program Files\Microchip\mplabc18\v3.37\src\traditional\proc\p18F4480.asm
                   loop_l   0x003d04    program     static C:\Program Files\Microchip\mplabc18\v3.37\src\traditional\proc\p18F4480.asm
                     main   0x00236e    program     extern C:\Users\jebr224\Desktop\john\repos\mcp2515\main.c
       mcp2515_bit_modify   0x0001be    program     extern C:\Users\jebr224\Desktop\john\repos\mcp2515\mcp2515.c
           mcp2515_config   0x0004aa    program     extern C:\Users\jebr224\Desktop\john\repos\mcp2515\mcp2515.c
      mcp2515_get_message   0x0009fc    program     extern C:\Users\jebr224\Desktop\john\repos\mcp2515\mcp2515.c
           mcp2515_listen   0x0003f4    program     extern C:\Users\jebr224\Desktop\john\repos\mcp2515\mcp2515.c
           mcp2515_normal   0x000212    program     extern C:\Users\jebr224\Desktop\john\repos\mcp2515\mcp2515.c
          mcp2515_oneShot   0x00059c    program     extern C:\Users\jebr224\Desktop\john\repos\mcp2515\mcp2515.c
      mcp2515_read_status   0x0007be    program     extern C:\Users\jebr224\Desktop\john\repos\mcp2515\mcp2515.c
  mcp2515_send_ex_message   0x0010b4    program     extern C:\Users\jebr224\Desktop\john\repos\mcp2515\mcp2515.c
     mcp2515_send_message   0x000cfe    program     extern C:\Users\jebr224\Desktop\john\repos\mcp2515\mcp2515.c
            mcp2515_sleep   0x0002b2    program     extern C:\Users\jebr224\Desktop\john\repos\mcp2515\mcp2515.c
           mcp2515_wakeUp   0x00035c    program     extern C:\Users\jebr224\Desktop\john\repos\mcp2515\mcp2515.c
                 mcp_init   0x0005d6    program     extern C:\Users\jebr224\Desktop\john\repos\mcp2515\mcp2515.c
        mcp_read_register   0x000124    program     extern C:\Users\jebr224\Desktop\john\repos\mcp2515\mcp2515.c
         mcp_write_adress   0x000176    program     extern C:\Users\jebr224\Desktop\john\repos\mcp2515\mcp2515.c
                   parsMC   0x0032dc    program     extern C:\Users\jebr224\Desktop\john\repos\mcp2515\tritium20.c
                 parsMppt   0x0035ec    program     extern C:\Users\jebr224\Desktop\john\repos\mcp2515\mpptDriveTek.c
          printCanMessage   0x0022a6    program     extern C:\Users\jebr224\Desktop\john\repos\mcp2515\main.c
                   printf   0x003932    program     extern C:\Program Files\Microchip\mplabc18\v3.37\src\traditional\stdclib\printf.c
                     putc   0x003a54    program     extern C:\Program Files\Microchip\mplabc18\v3.37\src\traditional\stdclib\putc.c
                 s_digits   0x003d76    program     static C:\Program Files\Microchip\mplabc18\v3.37\src\traditional\stdclib\vfprintf.c
            s_put_n_chars   0x001684    program     static C:\Program Files\Microchip\mplabc18\v3.37\src\traditional\stdclib\vfprintf.c
           selectNoDevice   0x00165c    program     extern C:\Users\jebr224\Desktop\john\repos\mcp2515\mcp2515.c
                    setmc   0x0015e8    program     extern C:\Users\jebr224\Desktop\john\repos\mcp2515\mcp2515.c
                  setmppt   0x001574    program     extern C:\Users\jebr224\Desktop\john\repos\mcp2515\mcp2515.c
                   strlen   0x003bb0    program     extern C:\Program Files\Microchip\mplabc18\v3.37\src\traditional\stdclib\strlen.asm
                strlenpgm   0x003bcc    program     extern C:\Program Files\Microchip\mplabc18\v3.37\src\traditional\stdclib\slenpgm.asm
                     test   0x0038ae    program     static                          
                 vfprintf   0x0016b0    program     extern C:\Program Files\Microchip\mplabc18\v3.37\src\traditional\stdclib\vfprintf.c
               zero_block   0x003cfa    program     static C:\Program Files\Microchip\mplabc18\v3.37\src\traditional\proc\p18F4480.asm
                   ADCON0   0x000fc2       data     extern C:\Program Files\Microchip\mplabc18\v3.37\src\traditional\proc\p18F4480.asm
               ADCON0bits   0x000fc2       data     extern C:\Program Files\Microchip\mplabc18\v3.37\src\traditional\proc\p18F4480.asm
                   ADCON1   0x000fc1       data     extern C:\Program Files\Microchip\mplabc18\v3.37\src\traditional\proc\p18F4480.asm
               ADCON1bits   0x000fc1       data     extern C:\Program Files\Microchip\mplabc18\v3.37\src\traditional\proc\p18F4480.asm
                   ADCON2   0x000fc0       data     extern C:\Program Files\Microchip\mplabc18\v3.37\src\traditional\proc\p18F4480.asm
               ADCON2bits   0x000fc0       data     extern C:\Program Files\Microchip\mplabc18\v3.37\src\traditional\proc\p18F4480.asm
                    ADRES   0x000fc3       data     extern C:\Program Files\Microchip\mplabc18\v3.37\src\traditional\proc\p18F4480.asm
                   ADRESH   0x000fc4       data     extern C:\Program Files\Microchip\mplabc18\v3.37\src\traditional\proc\p18F4480.asm
                   ADRESL   0x000fc3       data     extern C:\Program Files\Microchip\mplabc18\v3.37\src\traditional\proc\p18F4480.asm
                    B0CON   0x000e20       data     extern C:\Program Files\Microchip\mplabc18\v3.37\src\traditional\proc\p18F4480.asm
                B0CONbits   0x000e20       data     extern C:\Program Files\Microchip\mplabc18\v3.37\src\traditional\proc\p18F4480.asm
                     B0D0   0x000e26       data     extern C:\Program Files\Microchip\mplabc18\v3.37\src\traditional\proc\p18F4480.asm
                 B0D0bits   0x000e26       data     extern C:\Program Files\Microchip\mplabc18\v3.37\src\traditional\proc\p18F4480.asm
                     B0D1   0x000e27       data     extern C:\Program Files\Microchip\mplabc18\v3.37\src\traditional\proc\p18F4480.asm
                 B0D1bits   0x000e27       data     extern C:\Program Files\Microchip\mplabc18\v3.37\src\traditional\proc\p18F4480.asm
                     B0D2   0x000e28       data     extern C:\Program Files\Microchip\mplabc18\v3.37\src\traditional\proc\p18F4480.asm
                 B0D2bits   0x000e28       data     extern C:\Program Files\Microchip\mplabc18\v3.37\src\traditional\proc\p18F4480.asm
                     B0D3   0x000e29       data     extern C:\Program Files\Microchip\mplabc18\v3.37\src\traditional\proc\p18F4480.asm
                 B0D3bits   0x000e29       data     extern C:\Program Files\Microchip\mplabc18\v3.37\src\traditional\proc\p18F4480.asm
                     B0D4   0x000e2a       data     extern C:\Program Files\Microchip\mplabc18\v3.37\src\traditional\proc\p18F4480.asm
                 B0D4bits   0x000e2a       data     extern C:\Program Files\Microchip\mplabc18\v3.37\src\traditional\proc\p18F4480.asm
                     B0D5   0x000e2b       data     extern C:\Program Files\Microchip\mplabc18\v3.37\src\traditional\proc\p18F4480.asm
                 B0D5bits   0x000e2b       data     extern C:\Program Files\Microchip\mplabc18\v3.37\src\traditional\proc\p18F4480.asm
                     B0D6   0x000e2c       data     extern C:\Program Files\Microchip\mplabc18\v3.37\src\traditional\proc\p18F4480.asm
                 B0D6bits   0x000e2c       data     extern C:\Program Files\Microchip\mplabc18\v3.37\src\traditional\proc\p18F4480.asm
                     B0D7   0x000e2d       data     extern C:\Program Files\Microchip\mplabc18\v3.37\src\traditional\proc\p18F4480.asm
                 B0D7bits   0x000e2d       data     extern C:\Program Files\Microchip\mplabc18\v3.37\src\traditional\proc\p18F4480.asm
                    B0DLC   0x000e25       data     extern C:\Program Files\Microchip\mplabc18\v3.37\src\traditional\proc\p18F4480.asm
                B0DLCbits   0x000e25       data     extern C:\Program Files\Microchip\mplabc18\v3.37\src\traditional\proc\p18F4480.asm
                   B0EIDH   0x000e23       data     extern C:\Program Files\Microchip\mplabc18\v3.37\src\traditional\proc\p18F4480.asm
               B0EIDHbits   0x000e23       data     extern C:\Program Files\Microchip\mplabc18\v3.37\src\traditional\proc\p18F4480.asm
                   B0EIDL   0x000e24       data     extern C:\Program Files\Microchip\mplabc18\v3.37\src\traditional\proc\p18F4480.asm
               B0EIDLbits   0x000e24       data     extern C:\Program Files\Microchip\mplabc18\v3.37\src\traditional\proc\p18F4480.asm
                   B0SIDH   0x000e21       data     extern C:\Program Files\Microchip\mplabc18\v3.37\src\traditional\proc\p18F4480.asm
               B0SIDHbits   0x000e21       data     extern C:\Program Files\Microchip\mplabc18\v3.37\src\traditional\proc\p18F4480.asm
                   B0SIDL   0x000e22       data     extern C:\Program Files\Microchip\mplabc18\v3.37\src\traditional\proc\p18F4480.asm
               B0SIDLbits   0x000e22       data     extern C:\Program Files\Microchip\mplabc18\v3.37\src\traditional\proc\p18F4480.asm
                    B1CON   0x000e30       data     extern C:\Program Files\Microchip\mplabc18\v3.37\src\traditional\proc\p18F4480.asm
                B1CONbits   0x000e30       data     extern C:\Program Files\Microchip\mplabc18\v3.37\src\traditional\proc\p18F4480.asm
                     B1D0   0x000e36       data     extern C:\Program Files\Microchip\mplabc18\v3.37\src\traditional\proc\p18F4480.asm
                 B1D0bits   0x000e36       data     extern C:\Program Files\Microchip\mplabc18\v3.37\src\traditional\proc\p18F4480.asm
                     B1D1   0x000e37       data     extern C:\Program Files\Microchip\mplabc18\v3.37\src\traditional\proc\p18F4480.asm
                 B1D1bits   0x000e37       data     extern C:\Program Files\Microchip\mplabc18\v3.37\src\traditional\proc\p18F4480.asm
                     B1D2   0x000e38       data     extern C:\Program Files\Microchip\mplabc18\v3.37\src\traditional\proc\p18F4480.asm
                 B1D2bits   0x000e38       data     extern C:\Program Files\Microchip\mplabc18\v3.37\src\traditional\proc\p18F4480.asm
                     B1D3   0x000e39       data     extern C:\Program Files\Microchip\mplabc18\v3.37\src\traditional\proc\p18F4480.asm
                 B1D3bits   0x000e39       data     extern C:\Program Files\Microchip\mplabc18\v3.37\src\traditional\proc\p18F4480.asm
                     B1D4   0x000e3a       data     extern C:\Program Files\Microchip\mplabc18\v3.37\src\traditional\proc\p18F4480.asm
                 B1D4bits   0x000e3a       data     extern C:\Program Files\Microchip\mplabc18\v3.37\src\traditional\proc\p18F4480.asm
                     B1D5   0x000e3b       data     extern C:\Program Files\Microchip\mplabc18\v3.37\src\traditional\proc\p18F4480.asm
                 B1D5bits   0x000e3b       data     extern C:\Program Files\Microchip\mplabc18\v3.37\src\traditional\proc\p18F4480.asm
                     B1D6   0x000e3c       data     extern C:\Program Files\Microchip\mplabc18\v3.37\src\traditional\proc\p18F4480.asm
                 B1D6bits   0x000e3c       data     extern C:\Program Files\Microchip\mplabc18\v3.37\src\traditional\proc\p18F4480.asm
                     B1D7   0x000e3d       data     extern C:\Program Files\Microchip\mplabc18\v3.37\src\traditional\proc\p18F4480.asm
                 B1D7bits   0x000e3d       data     extern C:\Program Files\Microchip\mplabc18\v3.37\src\traditional\proc\p18F4480.asm
                    B1DLC   0x000e35       data     extern C:\Program Files\Microchip\mplabc18\v3.37\src\traditional\proc\p18F4480.asm
                B1DLCbits   0x000e35       data     extern C:\Program Files\Microchip\mplabc18\v3.37\src\traditional\proc\p18F4480.asm
                   B1EIDH   0x000e33       data     extern C:\Program Files\Microchip\mplabc18\v3.37\src\traditional\proc\p18F4480.asm
               B1EIDHbits   0x000e33       data     extern C:\Program Files\Microchip\mplabc18\v3.37\src\traditional\proc\p18F4480.asm
                   B1EIDL   0x000e34       data     extern C:\Program Files\Microchip\mplabc18\v3.37\src\traditional\proc\p18F4480.asm
               B1EIDLbits   0x000e34       data     extern C:\Program Files\Microchip\mplabc18\v3.37\src\traditional\proc\p18F4480.asm
                   B1SIDH   0x000e31       data     extern C:\Program Files\Microchip\mplabc18\v3.37\src\traditional\proc\p18F4480.asm
               B1SIDHbits   0x000e31       data     extern C:\Program Files\Microchip\mplabc18\v3.37\src\traditional\proc\p18F4480.asm
                   B1SIDL   0x000e32       data     extern C:\Program Files\Microchip\mplabc18\v3.37\src\traditional\proc\p18F4480.asm
               B1SIDLbits   0x000e32       data     extern C:\Program Files\Microchip\mplabc18\v3.37\src\traditional\proc\p18F4480.asm
                    B2CON   0x000e40       data     extern C:\Program Files\Microchip\mplabc18\v3.37\src\traditional\proc\p18F4480.asm
                B2CONbits   0x000e40       data     extern C:\Program Files\Microchip\mplabc18\v3.37\src\traditional\proc\p18F4480.asm
                     B2D0   0x000e46       data     extern C:\Program Files\Microchip\mplabc18\v3.37\src\traditional\proc\p18F4480.asm
                 B2D0bits   0x000e46       data     extern C:\Program Files\Microchip\mplabc18\v3.37\src\traditional\proc\p18F4480.asm
                     B2D1   0x000e47       data     extern C:\Program Files\Microchip\mplabc18\v3.37\src\traditional\proc\p18F4480.asm
                 B2D1bits   0x000e47       data     extern C:\Program Files\Microchip\mplabc18\v3.37\src\traditional\proc\p18F4480.asm
                     B2D2   0x000e48       data     extern C:\Program Files\Microchip\mplabc18\v3.37\src\traditional\proc\p18F4480.asm
                 B2D2bits   0x000e48       data     extern C:\Program Files\Microchip\mplabc18\v3.37\src\traditional\proc\p18F4480.asm
                     B2D3   0x000e49       data     extern C:\Program Files\Microchip\mplabc18\v3.37\src\traditional\proc\p18F4480.asm
                 B2D3bits   0x000e49       data     extern C:\Program Files\Microchip\mplabc18\v3.37\src\traditional\proc\p18F4480.asm
                     B2D4   0x000e4a       data     extern C:\Program Files\Microchip\mplabc18\v3.37\src\traditional\proc\p18F4480.asm
                 B2D4bits   0x000e4a       data     extern C:\Program Files\Microchip\mplabc18\v3.37\src\traditional\proc\p18F4480.asm
                     B2D5   0x000e4b       data     extern C:\Program Files\Microchip\mplabc18\v3.37\src\traditional\proc\p18F4480.asm
                 B2D5bits   0x000e4b       data     extern C:\Program Files\Microchip\mplabc18\v3.37\src\traditional\proc\p18F4480.asm
                     B2D6   0x000e4c       data     extern C:\Program Files\Microchip\mplabc18\v3.37\src\traditional\proc\p18F4480.asm
                 B2D6bits   0x000e4c       data     extern C:\Program Files\Microchip\mplabc18\v3.37\src\traditional\proc\p18F4480.asm
                     B2D7   0x000e4d       data     extern C:\Program Files\Microchip\mplabc18\v3.37\src\traditional\proc\p18F4480.asm
                 B2D7bits   0x000e4d       data     extern C:\Program Files\Microchip\mplabc18\v3.37\src\traditional\proc\p18F4480.asm
                    B2DLC   0x000e45       data     extern C:\Program Files\Microchip\mplabc18\v3.37\src\traditional\proc\p18F4480.asm
                B2DLCbits   0x000e45       data     extern C:\Program Files\Microchip\mplabc18\v3.37\src\traditional\proc\p18F4480.asm
                   B2EIDH   0x000e43       data     extern C:\Program Files\Microchip\mplabc18\v3.37\src\traditional\proc\p18F4480.asm
               B2EIDHbits   0x000e43       data     extern C:\Program Files\Microchip\mplabc18\v3.37\src\traditional\proc\p18F4480.asm
                   B2EIDL   0x000e44       data     extern C:\Program Files\Microchip\mplabc18\v3.37\src\traditional\proc\p18F4480.asm
               B2EIDLbits   0x000e44       data     extern C:\Program Files\Microchip\mplabc18\v3.37\src\traditional\proc\p18F4480.asm
                   B2SIDH   0x000e41       data     extern C:\Program Files\Microchip\mplabc18\v3.37\src\traditional\proc\p18F4480.asm
               B2SIDHbits   0x000e41       data     extern C:\Program Files\Microchip\mplabc18\v3.37\src\traditional\proc\p18F4480.asm
                   B2SIDL   0x000e42       data     extern C:\Program Files\Microchip\mplabc18\v3.37\src\traditional\proc\p18F4480.asm
               B2SIDLbits   0x000e42       data     extern C:\Program Files\Microchip\mplabc18\v3.37\src\traditional\proc\p18F4480.asm
                    B3CON   0x000e50       data     extern C:\Program Files\Microchip\mplabc18\v3.37\src\traditional\proc\p18F4480.asm
                B3CONbits   0x000e50       data     extern C:\Program Files\Microchip\mplabc18\v3.37\src\traditional\proc\p18F4480.asm
                     B3D0   0x000e56       data     extern C:\Program Files\Microchip\mplabc18\v3.37\src\traditional\proc\p18F4480.asm
                 B3D0bits   0x000e56       data     extern C:\Program Files\Microchip\mplabc18\v3.37\src\traditional\proc\p18F4480.asm
                     B3D1   0x000e57       data     extern C:\Program Files\Microchip\mplabc18\v3.37\src\traditional\proc\p18F4480.asm
                 B3D1bits   0x000e57       data     extern C:\Program Files\Microchip\mplabc18\v3.37\src\traditional\proc\p18F4480.asm
                     B3D2   0x000e58       data     extern C:\Program Files\Microchip\mplabc18\v3.37\src\traditional\proc\p18F4480.asm
                 B3D2bits   0x000e58       data     extern C:\Program Files\Microchip\mplabc18\v3.37\src\traditional\proc\p18F4480.asm
                     B3D3   0x000e59       data     extern C:\Program Files\Microchip\mplabc18\v3.37\src\traditional\proc\p18F4480.asm
                 B3D3bits   0x000e59       data     extern C:\Program Files\Microchip\mplabc18\v3.37\src\traditional\proc\p18F4480.asm
                     B3D4   0x000e5a       data     extern C:\Program Files\Microchip\mplabc18\v3.37\src\traditional\proc\p18F4480.asm
                 B3D4bits   0x000e5a       data     extern C:\Program Files\Microchip\mplabc18\v3.37\src\traditional\proc\p18F4480.asm
                     B3D5   0x000e5b       data     extern C:\Program Files\Microchip\mplabc18\v3.37\src\traditional\proc\p18F4480.asm
                 B3D5bits   0x000e5b       data     extern C:\Program Files\Microchip\mplabc18\v3.37\src\traditional\proc\p18F4480.asm
                     B3D6   0x000e5c       data     extern C:\Program Files\Microchip\mplabc18\v3.37\src\traditional\proc\p18F4480.asm
                 B3D6bits   0x000e5c       data     extern C:\Program Files\Microchip\mplabc18\v3.37\src\traditional\proc\p18F4480.asm
                     B3D7   0x000e5d       data     extern C:\Program Files\Microchip\mplabc18\v3.37\src\traditional\proc\p18F4480.asm
                 B3D7bits   0x000e5d       data     extern C:\Program Files\Microchip\mplabc18\v3.37\src\traditional\proc\p18F4480.asm
                    B3DLC   0x000e55       data     extern C:\Program Files\Microchip\mplabc18\v3.37\src\traditional\proc\p18F4480.asm
                B3DLCbits   0x000e55       data     extern C:\Program Files\Microchip\mplabc18\v3.37\src\traditional\proc\p18F4480.asm
                   B3EIDH   0x000e53       data     extern C:\Program Files\Microchip\mplabc18\v3.37\src\traditional\proc\p18F4480.asm
               B3EIDHbits   0x000e53       data     extern C:\Program Files\Microchip\mplabc18\v3.37\src\traditional\proc\p18F4480.asm
                   B3EIDL   0x000e54       data     extern C:\Program Files\Microchip\mplabc18\v3.37\src\traditional\proc\p18F4480.asm
               B3EIDLbits   0x000e54       data     extern C:\Program Files\Microchip\mplabc18\v3.37\src\traditional\proc\p18F4480.asm
                   B3SIDH   0x000e51       data     extern C:\Program Files\Microchip\mplabc18\v3.37\src\traditional\proc\p18F4480.asm
               B3SIDHbits   0x000e51       data     extern C:\Program Files\Microchip\mplabc18\v3.37\src\traditional\proc\p18F4480.asm
                   B3SIDL   0x000e52       data     extern C:\Program Files\Microchip\mplabc18\v3.37\src\traditional\proc\p18F4480.asm
               B3SIDLbits   0x000e52       data     extern C:\Program Files\Microchip\mplabc18\v3.37\src\traditional\proc\p18F4480.asm
                    B4CON   0x000e60       data     extern C:\Program Files\Microchip\mplabc18\v3.37\src\traditional\proc\p18F4480.asm
                B4CONbits   0x000e60       data     extern C:\Program Files\Microchip\mplabc18\v3.37\src\traditional\proc\p18F4480.asm
                     B4D0   0x000e66       data     extern C:\Program Files\Microchip\mplabc18\v3.37\src\traditional\proc\p18F4480.asm
                 B4D0bits   0x000e66       data     extern C:\Program Files\Microchip\mplabc18\v3.37\src\traditional\proc\p18F4480.asm
                     B4D1   0x000e67       data     extern C:\Program Files\Microchip\mplabc18\v3.37\src\traditional\proc\p18F4480.asm
                 B4D1bits   0x000e67       data     extern C:\Program Files\Microchip\mplabc18\v3.37\src\traditional\proc\p18F4480.asm
                     B4D2   0x000e68       data     extern C:\Program Files\Microchip\mplabc18\v3.37\src\traditional\proc\p18F4480.asm
                 B4D2bits   0x000e68       data     extern C:\Program Files\Microchip\mplabc18\v3.37\src\traditional\proc\p18F4480.asm
                     B4D3   0x000e69       data     extern C:\Program Files\Microchip\mplabc18\v3.37\src\traditional\proc\p18F4480.asm
                 B4D3bits   0x000e69       data     extern C:\Program Files\Microchip\mplabc18\v3.37\src\traditional\proc\p18F4480.asm
                     B4D4   0x000e6a       data     extern C:\Program Files\Microchip\mplabc18\v3.37\src\traditional\proc\p18F4480.asm
                 B4D4bits   0x000e6a       data     extern C:\Program Files\Microchip\mplabc18\v3.37\src\traditional\proc\p18F4480.asm
                     B4D5   0x000e6b       data     extern C:\Program Files\Microchip\mplabc18\v3.37\src\traditional\proc\p18F4480.asm
                 B4D5bits   0x000e6b       data     extern C:\Program Files\Microchip\mplabc18\v3.37\src\traditional\proc\p18F4480.asm
                     B4D6   0x000e6c       data     extern C:\Program Files\Microchip\mplabc18\v3.37\src\traditional\proc\p18F4480.asm
                 B4D6bits   0x000e6c       data     extern C:\Program Files\Microchip\mplabc18\v3.37\src\traditional\proc\p18F4480.asm
                     B4D7   0x000e6d       data     extern C:\Program Files\Microchip\mplabc18\v3.37\src\traditional\proc\p18F4480.asm
                 B4D7bits   0x000e6d       data     extern C:\Program Files\Microchip\mplabc18\v3.37\src\traditional\proc\p18F4480.asm
                    B4DLC   0x000e65       data     extern C:\Program Files\Microchip\mplabc18\v3.37\src\traditional\proc\p18F4480.asm
                B4DLCbits   0x000e65       data     extern C:\Program Files\Microchip\mplabc18\v3.37\src\traditional\proc\p18F4480.asm
                   B4EIDH   0x000e63       data     extern C:\Program Files\Microchip\mplabc18\v3.37\src\traditional\proc\p18F4480.asm
               B4EIDHbits   0x000e63       data     extern C:\Program Files\Microchip\mplabc18\v3.37\src\traditional\proc\p18F4480.asm
                   B4EIDL   0x000e64       data     extern C:\Program Files\Microchip\mplabc18\v3.37\src\traditional\proc\p18F4480.asm
               B4EIDLbits   0x000e64       data     extern C:\Program Files\Microchip\mplabc18\v3.37\src\traditional\proc\p18F4480.asm
                   B4SIDH   0x000e61       data     extern C:\Program Files\Microchip\mplabc18\v3.37\src\traditional\proc\p18F4480.asm
               B4SIDHbits   0x000e61       data     extern C:\Program Files\Microchip\mplabc18\v3.37\src\traditional\proc\p18F4480.asm
                   B4SIDL   0x000e62       data     extern C:\Program Files\Microchip\mplabc18\v3.37\src\traditional\proc\p18F4480.asm
               B4SIDLbits   0x000e62       data     extern C:\Program Files\Microchip\mplabc18\v3.37\src\traditional\proc\p18F4480.asm
                    B5CON   0x000e70       data     extern C:\Program Files\Microchip\mplabc18\v3.37\src\traditional\proc\p18F4480.asm
                B5CONbits   0x000e70       data     extern C:\Program Files\Microchip\mplabc18\v3.37\src\traditional\proc\p18F4480.asm
                     B5D0   0x000e76       data     extern C:\Program Files\Microchip\mplabc18\v3.37\src\traditional\proc\p18F4480.asm
                 B5D0bits   0x000e76       data     extern C:\Program Files\Microchip\mplabc18\v3.37\src\traditional\proc\p18F4480.asm
                     B5D1   0x000e77       data     extern C:\Program Files\Microchip\mplabc18\v3.37\src\traditional\proc\p18F4480.asm
                 B5D1bits   0x000e77       data     extern C:\Program Files\Microchip\mplabc18\v3.37\src\traditional\proc\p18F4480.asm
                     B5D2   0x000e78       data     extern C:\Program Files\Microchip\mplabc18\v3.37\src\traditional\proc\p18F4480.asm
                 B5D2bits   0x000e78       data     extern C:\Program Files\Microchip\mplabc18\v3.37\src\traditional\proc\p18F4480.asm
                     B5D3   0x000e79       data     extern C:\Program Files\Microchip\mplabc18\v3.37\src\traditional\proc\p18F4480.asm
                 B5D3bits   0x000e79       data     extern C:\Program Files\Microchip\mplabc18\v3.37\src\traditional\proc\p18F4480.asm
                     B5D4   0x000e7a       data     extern C:\Program Files\Microchip\mplabc18\v3.37\src\traditional\proc\p18F4480.asm
                 B5D4bits   0x000e7a       data     extern C:\Program Files\Microchip\mplabc18\v3.37\src\traditional\proc\p18F4480.asm
                     B5D5   0x000e7b       data     extern C:\Program Files\Microchip\mplabc18\v3.37\src\traditional\proc\p18F4480.asm
                 B5D5bits   0x000e7b       data     extern C:\Program Files\Microchip\mplabc18\v3.37\src\traditional\proc\p18F4480.asm
                     B5D6   0x000e7c       data     extern C:\Program Files\Microchip\mplabc18\v3.37\src\traditional\proc\p18F4480.asm
                 B5D6bits   0x000e7c       data     extern C:\Program Files\Microchip\mplabc18\v3.37\src\traditional\proc\p18F4480.asm
                     B5D7   0x000e7d       data     extern C:\Program Files\Microchip\mplabc18\v3.37\src\traditional\proc\p18F4480.asm
                 B5D7bits   0x000e7d       data     extern C:\Program Files\Microchip\mplabc18\v3.37\src\traditional\proc\p18F4480.asm
                    B5DLC   0x000e75       data     extern C:\Program Files\Microchip\mplabc18\v3.37\src\traditional\proc\p18F4480.asm
                B5DLCbits   0x000e75       data     extern C:\Program Files\Microchip\mplabc18\v3.37\src\traditional\proc\p18F4480.asm
                   B5EIDH   0x000e73       data     extern C:\Program Files\Microchip\mplabc18\v3.37\src\traditional\proc\p18F4480.asm
               B5EIDHbits   0x000e73       data     extern C:\Program Files\Microchip\mplabc18\v3.37\src\traditional\proc\p18F4480.asm
                   B5EIDL   0x000e74       data     extern C:\Program Files\Microchip\mplabc18\v3.37\src\traditional\proc\p18F4480.asm
               B5EIDLbits   0x000e74       data     extern C:\Program Files\Microchip\mplabc18\v3.37\src\traditional\proc\p18F4480.asm
                   B5SIDH   0x000e71       data     extern C:\Program Files\Microchip\mplabc18\v3.37\src\traditional\proc\p18F4480.asm
               B5SIDHbits   0x000e71       data     extern C:\Program Files\Microchip\mplabc18\v3.37\src\traditional\proc\p18F4480.asm
                   B5SIDL   0x000e72       data     extern C:\Program Files\Microchip\mplabc18\v3.37\src\traditional\proc\p18F4480.asm
               B5SIDLbits   0x000e72       data     extern C:\Program Files\Microchip\mplabc18\v3.37\src\traditional\proc\p18F4480.asm
                  BAUDCON   0x000fb8       data     extern C:\Program Files\Microchip\mplabc18\v3.37\src\traditional\proc\p18F4480.asm
              BAUDCONbits   0x000fb8       data     extern C:\Program Files\Microchip\mplabc18\v3.37\src\traditional\proc\p18F4480.asm
                  BAUDCTL   0x000fb8       data     extern C:\Program Files\Microchip\mplabc18\v3.37\src\traditional\proc\p18F4480.asm
              BAUDCTLbits   0x000fb8       data     extern C:\Program Files\Microchip\mplabc18\v3.37\src\traditional\proc\p18F4480.asm
                     BIE0   0x000dfa       data     extern C:\Program Files\Microchip\mplabc18\v3.37\src\traditional\proc\p18F4480.asm
                 BIE0bits   0x000dfa       data     extern C:\Program Files\Microchip\mplabc18\v3.37\src\traditional\proc\p18F4480.asm
                  BRGCON1   0x000f70       data     extern C:\Program Files\Microchip\mplabc18\v3.37\src\traditional\proc\p18F4480.asm
              BRGCON1bits   0x000f70       data     extern C:\Program Files\Microchip\mplabc18\v3.37\src\traditional\proc\p18F4480.asm
                  BRGCON2   0x000f71       data     extern C:\Program Files\Microchip\mplabc18\v3.37\src\traditional\proc\p18F4480.asm
              BRGCON2bits   0x000f71       data     extern C:\Program Files\Microchip\mplabc18\v3.37\src\traditional\proc\p18F4480.asm
                  BRGCON3   0x000f72       data     extern C:\Program Files\Microchip\mplabc18\v3.37\src\traditional\proc\p18F4480.asm
              BRGCON3bits   0x000f72       data     extern C:\Program Files\Microchip\mplabc18\v3.37\src\traditional\proc\p18F4480.asm
                    BSEL0   0x000df8       data     extern C:\Program Files\Microchip\mplabc18\v3.37\src\traditional\proc\p18F4480.asm
                BSEL0bits   0x000df8       data     extern C:\Program Files\Microchip\mplabc18\v3.37\src\traditional\proc\p18F4480.asm
                      BSR   0x000fe0       data     extern C:\Program Files\Microchip\mplabc18\v3.37\src\traditional\proc\p18F4480.asm
                   CANCON   0x000f6f       data     extern C:\Program Files\Microchip\mplabc18\v3.37\src\traditional\proc\p18F4480.asm
               CANCON_RO0   0x000f5f       data     extern C:\Program Files\Microchip\mplabc18\v3.37\src\traditional\proc\p18F4480.asm
           CANCON_RO0bits   0x000f5f       data     extern C:\Program Files\Microchip\mplabc18\v3.37\src\traditional\proc\p18F4480.asm
               CANCON_RO1   0x000f4f       data     extern C:\Program Files\Microchip\mplabc18\v3.37\src\traditional\proc\p18F4480.asm
           CANCON_RO1bits   0x000f4f       data     extern C:\Program Files\Microchip\mplabc18\v3.37\src\traditional\proc\p18F4480.asm
               CANCON_RO2   0x000f3f       data     extern C:\Program Files\Microchip\mplabc18\v3.37\src\traditional\proc\p18F4480.asm
           CANCON_RO2bits   0x000f3f       data     extern C:\Program Files\Microchip\mplabc18\v3.37\src\traditional\proc\p18F4480.asm
               CANCON_RO3   0x000f2f       data     extern C:\Program Files\Microchip\mplabc18\v3.37\src\traditional\proc\p18F4480.asm
           CANCON_RO3bits   0x000f2f       data     extern C:\Program Files\Microchip\mplabc18\v3.37\src\traditional\proc\p18F4480.asm
               CANCON_RO4   0x000e7f       data     extern C:\Program Files\Microchip\mplabc18\v3.37\src\traditional\proc\p18F4480.asm
           CANCON_RO4bits   0x000e7f       data     extern C:\Program Files\Microchip\mplabc18\v3.37\src\traditional\proc\p18F4480.asm
               CANCON_RO5   0x000e6f       data     extern C:\Program Files\Microchip\mplabc18\v3.37\src\traditional\proc\p18F4480.asm
           CANCON_RO5bits   0x000e6f       data     extern C:\Program Files\Microchip\mplabc18\v3.37\src\traditional\proc\p18F4480.asm
               CANCON_RO6   0x000e5f       data     extern C:\Program Files\Microchip\mplabc18\v3.37\src\traditional\proc\p18F4480.asm
           CANCON_RO6bits   0x000e5f       data     extern C:\Program Files\Microchip\mplabc18\v3.37\src\traditional\proc\p18F4480.asm
               CANCON_RO7   0x000e4f       data     extern C:\Program Files\Microchip\mplabc18\v3.37\src\traditional\proc\p18F4480.asm
           CANCON_RO7bits   0x000e4f       data     extern C:\Program Files\Microchip\mplabc18\v3.37\src\traditional\proc\p18F4480.asm
               CANCON_RO8   0x000e3f       data     extern C:\Program Files\Microchip\mplabc18\v3.37\src\traditional\proc\p18F4480.asm
           CANCON_RO8bits   0x000e3f       data     extern C:\Program Files\Microchip\mplabc18\v3.37\src\traditional\proc\p18F4480.asm
               CANCON_RO9   0x000e2f       data     extern C:\Program Files\Microchip\mplabc18\v3.37\src\traditional\proc\p18F4480.asm
           CANCON_RO9bits   0x000e2f       data     extern C:\Program Files\Microchip\mplabc18\v3.37\src\traditional\proc\p18F4480.asm
               CANCONbits   0x000f6f       data     extern C:\Program Files\Microchip\mplabc18\v3.37\src\traditional\proc\p18F4480.asm
                  CANSTAT   0x000f6e       data     extern C:\Program Files\Microchip\mplabc18\v3.37\src\traditional\proc\p18F4480.asm
              CANSTAT_RO0   0x000f5e       data     extern C:\Program Files\Microchip\mplabc18\v3.37\src\traditional\proc\p18F4480.asm
          CANSTAT_RO0bits   0x000f5e       data     extern C:\Program Files\Microchip\mplabc18\v3.37\src\traditional\proc\p18F4480.asm
              CANSTAT_RO1   0x000f4e       data     extern C:\Program Files\Microchip\mplabc18\v3.37\src\traditional\proc\p18F4480.asm
          CANSTAT_RO1bits   0x000f4e       data     extern C:\Program Files\Microchip\mplabc18\v3.37\src\traditional\proc\p18F4480.asm
              CANSTAT_RO2   0x000f3e       data     extern C:\Program Files\Microchip\mplabc18\v3.37\src\traditional\proc\p18F4480.asm
          CANSTAT_RO2bits   0x000f3e       data     extern C:\Program Files\Microchip\mplabc18\v3.37\src\traditional\proc\p18F4480.asm
              CANSTAT_RO3   0x000f2e       data     extern C:\Program Files\Microchip\mplabc18\v3.37\src\traditional\proc\p18F4480.asm
          CANSTAT_RO3bits   0x000f2e       data     extern C:\Program Files\Microchip\mplabc18\v3.37\src\traditional\proc\p18F4480.asm
              CANSTAT_RO4   0x000e7e       data     extern C:\Program Files\Microchip\mplabc18\v3.37\src\traditional\proc\p18F4480.asm
          CANSTAT_RO4bits   0x000e7e       data     extern C:\Program Files\Microchip\mplabc18\v3.37\src\traditional\proc\p18F4480.asm
              CANSTAT_RO5   0x000e6e       data     extern C:\Program Files\Microchip\mplabc18\v3.37\src\traditional\proc\p18F4480.asm
          CANSTAT_RO5bits   0x000e6e       data     extern C:\Program Files\Microchip\mplabc18\v3.37\src\traditional\proc\p18F4480.asm
              CANSTAT_RO6   0x000e5e       data     extern C:\Program Files\Microchip\mplabc18\v3.37\src\traditional\proc\p18F4480.asm
          CANSTAT_RO6bits   0x000e5e       data     extern C:\Program Files\Microchip\mplabc18\v3.37\src\traditional\proc\p18F4480.asm
              CANSTAT_RO7   0x000e4e       data     extern C:\Program Files\Microchip\mplabc18\v3.37\src\traditional\proc\p18F4480.asm
          CANSTAT_RO7bits   0x000e4e       data     extern C:\Program Files\Microchip\mplabc18\v3.37\src\traditional\proc\p18F4480.asm
              CANSTAT_RO8   0x000e3e       data     extern C:\Program Files\Microchip\mplabc18\v3.37\src\traditional\proc\p18F4480.asm
          CANSTAT_RO8bits   0x000e3e       data     extern C:\Program Files\Microchip\mplabc18\v3.37\src\traditional\proc\p18F4480.asm
              CANSTAT_RO9   0x000e2e       data     extern C:\Program Files\Microchip\mplabc18\v3.37\src\traditional\proc\p18F4480.asm
          CANSTAT_RO9bits   0x000e2e       data     extern C:\Program Files\Microchip\mplabc18\v3.37\src\traditional\proc\p18F4480.asm
              CANSTATbits   0x000f6e       data     extern C:\Program Files\Microchip\mplabc18\v3.37\src\traditional\proc\p18F4480.asm
                  CCP1CON   0x000fbd       data     extern C:\Program Files\Microchip\mplabc18\v3.37\src\traditional\proc\p18F4480.asm
              CCP1CONbits   0x000fbd       data     extern C:\Program Files\Microchip\mplabc18\v3.37\src\traditional\proc\p18F4480.asm
                    CCPR1   0x000fbe       data     extern C:\Program Files\Microchip\mplabc18\v3.37\src\traditional\proc\p18F4480.asm
                   CCPR1H   0x000fbf       data     extern C:\Program Files\Microchip\mplabc18\v3.37\src\traditional\proc\p18F4480.asm
                   CCPR1L   0x000fbe       data     extern C:\Program Files\Microchip\mplabc18\v3.37\src\traditional\proc\p18F4480.asm
                   CIOCON   0x000f73       data     extern C:\Program Files\Microchip\mplabc18\v3.37\src\traditional\proc\p18F4480.asm
               CIOCONbits   0x000f73       data     extern C:\Program Files\Microchip\mplabc18\v3.37\src\traditional\proc\p18F4480.asm
                    CMCON   0x000fb4       data     extern C:\Program Files\Microchip\mplabc18\v3.37\src\traditional\proc\p18F4480.asm
                CMCONbits   0x000fb4       data     extern C:\Program Files\Microchip\mplabc18\v3.37\src\traditional\proc\p18F4480.asm
                  COMSTAT   0x000f74       data     extern C:\Program Files\Microchip\mplabc18\v3.37\src\traditional\proc\p18F4480.asm
              COMSTATbits   0x000f74       data     extern C:\Program Files\Microchip\mplabc18\v3.37\src\traditional\proc\p18F4480.asm
                   CVRCON   0x000fb5       data     extern C:\Program Files\Microchip\mplabc18\v3.37\src\traditional\proc\p18F4480.asm
               CVRCONbits   0x000fb5       data     extern C:\Program Files\Microchip\mplabc18\v3.37\src\traditional\proc\p18F4480.asm
                     DDRA   0x000f92       data     extern C:\Program Files\Microchip\mplabc18\v3.37\src\traditional\proc\p18F4480.asm
                 DDRAbits   0x000f92       data     extern C:\Program Files\Microchip\mplabc18\v3.37\src\traditional\proc\p18F4480.asm
                     DDRB   0x000f93       data     extern C:\Program Files\Microchip\mplabc18\v3.37\src\traditional\proc\p18F4480.asm
                 DDRBbits   0x000f93       data     extern C:\Program Files\Microchip\mplabc18\v3.37\src\traditional\proc\p18F4480.asm
                     DDRC   0x000f94       data     extern C:\Program Files\Microchip\mplabc18\v3.37\src\traditional\proc\p18F4480.asm
                 DDRCbits   0x000f94       data     extern C:\Program Files\Microchip\mplabc18\v3.37\src\traditional\proc\p18F4480.asm
                     DDRD   0x000f95       data     extern C:\Program Files\Microchip\mplabc18\v3.37\src\traditional\proc\p18F4480.asm
                 DDRDbits   0x000f95       data     extern C:\Program Files\Microchip\mplabc18\v3.37\src\traditional\proc\p18F4480.asm
                     DDRE   0x000f96       data     extern C:\Program Files\Microchip\mplabc18\v3.37\src\traditional\proc\p18F4480.asm
                 DDREbits   0x000f96       data     extern C:\Program Files\Microchip\mplabc18\v3.37\src\traditional\proc\p18F4480.asm
            DelayCounter1   0x00001e       data     extern C:\Program Files\Microchip\mplabc18\v3.37\src\traditional\delays\delayd1.asm
                  ECANCON   0x000f77       data     extern C:\Program Files\Microchip\mplabc18\v3.37\src\traditional\proc\p18F4480.asm
              ECANCONbits   0x000f77       data     extern C:\Program Files\Microchip\mplabc18\v3.37\src\traditional\proc\p18F4480.asm
                  ECCP1AS   0x000fb6       data     extern C:\Program Files\Microchip\mplabc18\v3.37\src\traditional\proc\p18F4480.asm
              ECCP1ASbits   0x000fb6       data     extern C:\Program Files\Microchip\mplabc18\v3.37\src\traditional\proc\p18F4480.asm
                 ECCP1CON   0x000fba       data     extern C:\Program Files\Microchip\mplabc18\v3.37\src\traditional\proc\p18F4480.asm
             ECCP1CONbits   0x000fba       data     extern C:\Program Files\Microchip\mplabc18\v3.37\src\traditional\proc\p18F4480.asm
                 ECCP1DEL   0x000fb7       data     extern C:\Program Files\Microchip\mplabc18\v3.37\src\traditional\proc\p18F4480.asm
             ECCP1DELbits   0x000fb7       data     extern C:\Program Files\Microchip\mplabc18\v3.37\src\traditional\proc\p18F4480.asm
                   ECCPR1   0x000fbb       data     extern C:\Program Files\Microchip\mplabc18\v3.37\src\traditional\proc\p18F4480.asm
                  ECCPR1H   0x000fbc       data     extern C:\Program Files\Microchip\mplabc18\v3.37\src\traditional\proc\p18F4480.asm
                  ECCPR1L   0x000fbb       data     extern C:\Program Files\Microchip\mplabc18\v3.37\src\traditional\proc\p18F4480.asm
                    EEADR   0x000fa9       data     extern C:\Program Files\Microchip\mplabc18\v3.37\src\traditional\proc\p18F4480.asm
                   EECON1   0x000fa6       data     extern C:\Program Files\Microchip\mplabc18\v3.37\src\traditional\proc\p18F4480.asm
               EECON1bits   0x000fa6       data     extern C:\Program Files\Microchip\mplabc18\v3.37\src\traditional\proc\p18F4480.asm
                   EECON2   0x000fa7       data     extern C:\Program Files\Microchip\mplabc18\v3.37\src\traditional\proc\p18F4480.asm
                   EEDATA   0x000fa8       data     extern C:\Program Files\Microchip\mplabc18\v3.37\src\traditional\proc\p18F4480.asm
                     FSR0   0x000fe9       data     extern C:\Program Files\Microchip\mplabc18\v3.37\src\traditional\proc\p18F4480.asm
                    FSR0H   0x000fea       data     extern C:\Program Files\Microchip\mplabc18\v3.37\src\traditional\proc\p18F4480.asm
                    FSR0L   0x000fe9       data     extern C:\Program Files\Microchip\mplabc18\v3.37\src\traditional\proc\p18F4480.asm
                     FSR1   0x000fe1       data     extern C:\Program Files\Microchip\mplabc18\v3.37\src\traditional\proc\p18F4480.asm
                    FSR1H   0x000fe2       data     extern C:\Program Files\Microchip\mplabc18\v3.37\src\traditional\proc\p18F4480.asm
                    FSR1L   0x000fe1       data     extern C:\Program Files\Microchip\mplabc18\v3.37\src\traditional\proc\p18F4480.asm
                     FSR2   0x000fd9       data     extern C:\Program Files\Microchip\mplabc18\v3.37\src\traditional\proc\p18F4480.asm
                    FSR2H   0x000fda       data     extern C:\Program Files\Microchip\mplabc18\v3.37\src\traditional\proc\p18F4480.asm
                    FSR2L   0x000fd9       data     extern C:\Program Files\Microchip\mplabc18\v3.37\src\traditional\proc\p18F4480.asm
                  HLVDCON   0x000fd2       data     extern C:\Program Files\Microchip\mplabc18\v3.37\src\traditional\proc\p18F4480.asm
              HLVDCONbits   0x000fd2       data     extern C:\Program Files\Microchip\mplabc18\v3.37\src\traditional\proc\p18F4480.asm
                    INDF0   0x000fef       data     extern C:\Program Files\Microchip\mplabc18\v3.37\src\traditional\proc\p18F4480.asm
                    INDF1   0x000fe7       data     extern C:\Program Files\Microchip\mplabc18\v3.37\src\traditional\proc\p18F4480.asm
                    INDF2   0x000fdf       data     extern C:\Program Files\Microchip\mplabc18\v3.37\src\traditional\proc\p18F4480.asm
                   INTCON   0x000ff2       data     extern C:\Program Files\Microchip\mplabc18\v3.37\src\traditional\proc\p18F4480.asm
                  INTCON2   0x000ff1       data     extern C:\Program Files\Microchip\mplabc18\v3.37\src\traditional\proc\p18F4480.asm
              INTCON2bits   0x000ff1       data     extern C:\Program Files\Microchip\mplabc18\v3.37\src\traditional\proc\p18F4480.asm
                  INTCON3   0x000ff0       data     extern C:\Program Files\Microchip\mplabc18\v3.37\src\traditional\proc\p18F4480.asm
              INTCON3bits   0x000ff0       data     extern C:\Program Files\Microchip\mplabc18\v3.37\src\traditional\proc\p18F4480.asm
               INTCONbits   0x000ff2       data     extern C:\Program Files\Microchip\mplabc18\v3.37\src\traditional\proc\p18F4480.asm
                     IPR1   0x000f9f       data     extern C:\Program Files\Microchip\mplabc18\v3.37\src\traditional\proc\p18F4480.asm
                 IPR1bits   0x000f9f       data     extern C:\Program Files\Microchip\mplabc18\v3.37\src\traditional\proc\p18F4480.asm
[...]
                     PIE1   0x000f9d       data     extern C:\Program Files\Microchip\mplabc18\v3.37\src\traditional\proc\p18F4480.asm
                 PIE1bits   0x000f9d       data     extern C:\Program Files\Microchip\mplabc18\v3.37\src\traditional\proc\p18F4480.asm
                     PIR1   0x000f9e       data     extern C:\Program Files\Microchip\mplabc18\v3.37\src\traditional\proc\p18F4480.asm
                 PIR1bits   0x000f9e       data     extern C:\Program Files\Microchip\mplabc18\v3.37\src\traditional\proc\p18F4480.asm
                 IPR1bits   0x000f9f       data     extern C:\Program Files\Microchip\mplabc18\v3.37\src\traditional\proc\p18F4480.asm
                     IPR1   0x000f9f       data     extern C:\Program Files\Microchip\mplabc18\v3.37\src\traditional\proc\p18F4480.asm
                     PIE2   0x000fa0       data     extern C:\Program Files\Microchip\mplabc18\v3.37\src\traditional\proc\p18F4480.asm
                 PIE2bits   0x000fa0       data     extern C:\Program Files\Microchip\mplabc18\v3.37\src\traditional\proc\p18F4480.asm
                 PIR2bits   0x000fa1       data     extern C:\Program Files\Microchip\mplabc18\v3.37\src\traditional\proc\p18F4480.asm
                     PIR2   0x000fa1       data     extern C:\Program Files\Microchip\mplabc18\v3.37\src\traditional\proc\p18F4480.asm
                     IPR2   0x000fa2       data     extern C:\Program Files\Microchip\mplabc18\v3.37\src\traditional\proc\p18F4480.asm
                 IPR2bits   0x000fa2       data     extern C:\Program Files\Microchip\mplabc18\v3.37\src\traditional\proc\p18F4480.asm
                 PIE3bits   0x000fa3       data     extern C:\Program Files\Microchip\mplabc18\v3.37\src\traditional\proc\p18F4480.asm
                     PIE3   0x000fa3       data     extern C:\Program Files\Microchip\mplabc18\v3.37\src\traditional\proc\p18F4480.asm
                     PIR3   0x000fa4       data     extern C:\Program Files\Microchip\mplabc18\v3.37\src\traditional\proc\p18F4480.asm
                 PIR3bits   0x000fa4       data     extern C:\Program Files\Microchip\mplabc18\v3.37\src\traditional\proc\p18F4480.asm
                     IPR3   0x000fa5       data     extern C:\Program Files\Microchip\mplabc18\v3.37\src\traditional\proc\p18F4480.asm
                 IPR3bits   0x000fa5       data     extern C:\Program Files\Microchip\mplabc18\v3.37\src\traditional\proc\p18F4480.asm
                   EECON1   0x000fa6       data     extern C:\Program Files\Microchip\mplabc18\v3.37\src\traditional\proc\p18F4480.asm
               EECON1bits   0x000fa6       data     extern C:\Program Files\Microchip\mplabc18\v3.37\src\traditional\proc\p18F4480.asm
                   EECON2   0x000fa7       data     extern C:\Program Files\Microchip\mplabc18\v3.37\src\traditional\proc\p18F4480.asm
                   EEDATA   0x000fa8       data     extern C:\Program Files\Microchip\mplabc18\v3.37\src\traditional\proc\p18F4480.asm
                    EEADR   0x000fa9       data     extern C:\Program Files\Microchip\mplabc18\v3.37\src\traditional\proc\p18F4480.asm
                RCSTAbits   0x000fab       data     extern C:\Program Files\Microchip\mplabc18\v3.37\src\traditional\proc\p18F4480.asm
                    RCSTA   0x000fab       data     extern C:\Program Files\Microchip\mplabc18\v3.37\src\traditional\proc\p18F4480.asm
                    TXSTA   0x000fac       data     extern C:\Program Files\Microchip\mplabc18\v3.37\src\traditional\proc\p18F4480.asm
                TXSTAbits   0x000fac       data     extern C:\Program Files\Microchip\mplabc18\v3.37\src\traditional\proc\p18F4480.asm
                    TXREG   0x000fad       data     extern C:\Program Files\Microchip\mplabc18\v3.37\src\traditional\proc\p18F4480.asm
                    RCREG   0x000fae       data     extern C:\Program Files\Microchip\mplabc18\v3.37\src\traditional\proc\p18F4480.asm
                    SPBRG   0x000faf       data     extern C:\Program Files\Microchip\mplabc18\v3.37\src\traditional\proc\p18F4480.asm
                   SPBRGH   0x000fb0       data     extern C:\Program Files\Microchip\mplabc18\v3.37\src\traditional\proc\p18F4480.asm
                    T3CON   0x000fb1       data     extern C:\Program Files\Microchip\mplabc18\v3.37\src\traditional\proc\p18F4480.asm
                T3CONbits   0x000fb1       data     extern C:\Program Files\Microchip\mplabc18\v3.37\src\traditional\proc\p18F4480.asm
                    TMR3L   0x000fb2       data     extern C:\Program Files\Microchip\mplabc18\v3.37\src\traditional\proc\p18F4480.asm
                    TMR3H   0x000fb3       data     extern C:\Program Files\Microchip\mplabc18\v3.37\src\traditional\proc\p18F4480.asm
                    CMCON   0x000fb4       data     extern C:\Program Files\Microchip\mplabc18\v3.37\src\traditional\proc\p18F4480.asm
                CMCONbits   0x000fb4       data     extern C:\Program Files\Microchip\mplabc18\v3.37\src\traditional\proc\p18F4480.asm
                   CVRCON   0x000fb5       data     extern C:\Program Files\Microchip\mplabc18\v3.37\src\traditional\proc\p18F4480.asm
               CVRCONbits   0x000fb5       data     extern C:\Program Files\Microchip\mplabc18\v3.37\src\traditional\proc\p18F4480.asm
                  ECCP1AS   0x000fb6       data     extern C:\Program Files\Microchip\mplabc18\v3.37\src\traditional\proc\p18F4480.asm
              ECCP1ASbits   0x000fb6       data     extern C:\Program Files\Microchip\mplabc18\v3.37\src\traditional\proc\p18F4480.asm
                 ECCP1DEL   0x000fb7       data     extern C:\Program Files\Microchip\mplabc18\v3.37\src\traditional\proc\p18F4480.asm
             ECCP1DELbits   0x000fb7       data     extern C:\Program Files\Microchip\mplabc18\v3.37\src\traditional\proc\p18F4480.asm
                  BAUDCON   0x000fb8       data     extern C:\Program Files\Microchip\mplabc18\v3.37\src\traditional\proc\p18F4480.asm
              BAUDCONbits   0x000fb8       data     extern C:\Program Files\Microchip\mplabc18\v3.37\src\traditional\proc\p18F4480.asm
                  BAUDCTL   0x000fb8       data     extern C:\Program Files\Microchip\mplabc18\v3.37\src\traditional\proc\p18F4480.asm
              BAUDCTLbits   0x000fb8       data     extern C:\Program Files\Microchip\mplabc18\v3.37\src\traditional\proc\p18F4480.asm
                 ECCP1CON   0x000fba       data     extern C:\Program Files\Microchip\mplabc18\v3.37\src\traditional\proc\p18F4480.asm
             ECCP1CONbits   0x000fba       data     extern C:\Program Files\Microchip\mplabc18\v3.37\src\traditional\proc\p18F4480.asm
                   ECCPR1   0x000fbb       data     extern C:\Program Files\Microchip\mplabc18\v3.37\src\traditional\proc\p18F4480.asm
                  ECCPR1L   0x000fbb       data     extern C:\Program Files\Microchip\mplabc18\v3.37\src\traditional\proc\p18F4480.asm
                  ECCPR1H   0x000fbc       data     extern C:\Program Files\Microchip\mplabc18\v3.37\src\traditional\proc\p18F4480.asm
                  CCP1CON   0x000fbd       data     extern C:\Program Files\Microchip\mplabc18\v3.37\src\traditional\proc\p18F4480.asm
              CCP1CONbits   0x000fbd       data     extern C:\Program Files\Microchip\mplabc18\v3.37\src\traditional\proc\p18F4480.asm
                   CCPR1L   0x000fbe       data     extern C:\Program Files\Microchip\mplabc18\v3.37\src\traditional\proc\p18F4480.asm
                    CCPR1   0x000fbe       data     extern C:\Program Files\Microchip\mplabc18\v3.37\src\traditional\proc\p18F4480.asm
                   CCPR1H   0x000fbf       data     extern C:\Program Files\Microchip\mplabc18\v3.37\src\traditional\proc\p18F4480.asm
               ADCON2bits   0x000fc0       data     extern C:\Program Files\Microchip\mplabc18\v3.37\src\traditional\proc\p18F4480.asm
                   ADCON2   0x000fc0       data     extern C:\Program Files\Microchip\mplabc18\v3.37\src\traditional\proc\p18F4480.asm
                   ADCON1   0x000fc1       data     extern C:\Program Files\Microchip\mplabc18\v3.37\src\traditional\proc\p18F4480.asm
               ADCON1bits   0x000fc1       data     extern C:\Program Files\Microchip\mplabc18\v3.37\src\traditional\proc\p18F4480.asm
                   ADCON0   0x000fc2       data     extern C:\Program Files\Microchip\mplabc18\v3.37\src\traditional\proc\p18F4480.asm
               ADCON0bits   0x000fc2       data     extern C:\Program Files\Microchip\mplabc18\v3.37\src\traditional\proc\p18F4480.asm
                    ADRES   0x000fc3       data     extern C:\Program Files\Microchip\mplabc18\v3.37\src\traditional\proc\p18F4480.asm
                   ADRESL   0x000fc3       data     extern C:\Program Files\Microchip\mplabc18\v3.37\src\traditional\proc\p18F4480.asm
                   ADRESH   0x000fc4       data     extern C:\Program Files\Microchip\mplabc18\v3.37\src\traditional\proc\p18F4480.asm
              SSPCON2bits   0x000fc5       data     extern C:\Program Files\Microchip\mplabc18\v3.37\src\traditional\proc\p18F4480.asm
                  SSPCON2   0x000fc5       data     extern C:\Program Files\Microchip\mplabc18\v3.37\src\traditional\proc\p18F4480.asm
              SSPCON1bits   0x000fc6       data     extern C:\Program Files\Microchip\mplabc18\v3.37\src\traditional\proc\p18F4480.asm
                  SSPCON1   0x000fc6       data     extern C:\Program Files\Microchip\mplabc18\v3.37\src\traditional\proc\p18F4480.asm
                  SSPSTAT   0x000fc7       data     extern C:\Program Files\Microchip\mplabc18\v3.37\src\traditional\proc\p18F4480.asm
              SSPSTATbits   0x000fc7       data     extern C:\Program Files\Microchip\mplabc18\v3.37\src\traditional\proc\p18F4480.asm
                   SSPADD   0x000fc8       data     extern C:\Program Files\Microchip\mplabc18\v3.37\src\traditional\proc\p18F4480.asm
                   SSPBUF   0x000fc9       data     extern C:\Program Files\Microchip\mplabc18\v3.37\src\traditional\proc\p18F4480.asm
                    T2CON   0x000fca       data     extern C:\Program Files\Microchip\mplabc18\v3.37\src\traditional\proc\p18F4480.asm
                T2CONbits   0x000fca       data     extern C:\Program Files\Microchip\mplabc18\v3.37\src\traditional\proc\p18F4480.asm
                      PR2   0x000fcb       data     extern C:\Program Files\Microchip\mplabc18\v3.37\src\traditional\proc\p18F4480.asm
                     TMR2   0x000fcc       data     extern C:\Program Files\Microchip\mplabc18\v3.37\src\traditional\proc\p18F4480.asm
                    T1CON   0x000fcd       data     extern C:\Program Files\Microchip\mplabc18\v3.37\src\traditional\proc\p18F4480.asm
                T1CONbits   0x000fcd       data     extern C:\Program Files\Microchip\mplabc18\v3.37\src\traditional\proc\p18F4480.asm
                    TMR1L   0x000fce       data     extern C:\Program Files\Microchip\mplabc18\v3.37\src\traditional\proc\p18F4480.asm
                    TMR1H   0x000fcf       data     extern C:\Program Files\Microchip\mplabc18\v3.37\src\traditional\proc\p18F4480.asm
                     RCON   0x000fd0       data     extern C:\Program Files\Microchip\mplabc18\v3.37\src\traditional\proc\p18F4480.asm
                 RCONbits   0x000fd0       data     extern C:\Program Files\Microchip\mplabc18\v3.37\src\traditional\proc\p18F4480.asm
                   WDTCON   0x000fd1       data     extern C:\Program Files\Microchip\mplabc18\v3.37\src\traditional\proc\p18F4480.asm
               WDTCONbits   0x000fd1       data     extern C:\Program Files\Microchip\mplabc18\v3.37\src\traditional\proc\p18F4480.asm
                  HLVDCON   0x000fd2       data     extern C:\Program Files\Microchip\mplabc18\v3.37\src\traditional\proc\p18F4480.asm
               LVDCONbits   0x000fd2       data     extern C:\Program Files\Microchip\mplabc18\v3.37\src\traditional\proc\p18F4480.asm
                   LVDCON   0x000fd2       data     extern C:\Program Files\Microchip\mplabc18\v3.37\src\traditional\proc\p18F4480.asm
              HLVDCONbits   0x000fd2       data     extern C:\Program Files\Microchip\mplabc18\v3.37\src\traditional\proc\p18F4480.asm
               OSCCONbits   0x000fd3       data     extern C:\Program Files\Microchip\mplabc18\v3.37\src\traditional\proc\p18F4480.asm
                   OSCCON   0x000fd3       data     extern C:\Program Files\Microchip\mplabc18\v3.37\src\traditional\proc\p18F4480.asm
                    T0CON   0x000fd5       data     extern C:\Program Files\Microchip\mplabc18\v3.37\src\traditional\proc\p18F4480.asm
                T0CONbits   0x000fd5       data     extern C:\Program Files\Microchip\mplabc18\v3.37\src\traditional\proc\p18F4480.asm
                    TMR0L   0x000fd6       data     extern C:\Program Files\Microchip\mplabc18\v3.37\src\traditional\proc\p18F4480.asm
                    TMR0H   0x000fd7       data     extern C:\Program Files\Microchip\mplabc18\v3.37\src\traditional\proc\p18F4480.asm
               STATUSbits   0x000fd8       data     extern C:\Program Files\Microchip\mplabc18\v3.37\src\traditional\proc\p18F4480.asm
                   STATUS   0x000fd8       data     extern C:\Program Files\Microchip\mplabc18\v3.37\src\traditional\proc\p18F4480.asm
                    FSR2L   0x000fd9       data     extern C:\Program Files\Microchip\mplabc18\v3.37\src\traditional\proc\p18F4480.asm
                     FSR2   0x000fd9       data     extern C:\Program Files\Microchip\mplabc18\v3.37\src\traditional\proc\p18F4480.asm
                    FSR2H   0x000fda       data     extern C:\Program Files\Microchip\mplabc18\v3.37\src\traditional\proc\p18F4480.asm
                   PLUSW2   0x000fdb       data     extern C:\Program Files\Microchip\mplabc18\v3.37\src\traditional\proc\p18F4480.asm
                  PREINC2   0x000fdc       data     extern C:\Program Files\Microchip\mplabc18\v3.37\src\traditional\proc\p18F4480.asm
                 POSTDEC2   0x000fdd       data     extern C:\Program Files\Microchip\mplabc18\v3.37\src\traditional\proc\p18F4480.asm
                 POSTINC2   0x000fde       data     extern C:\Program Files\Microchip\mplabc18\v3.37\src\traditional\proc\p18F4480.asm
                    INDF2   0x000fdf       data     extern C:\Program Files\Microchip\mplabc18\v3.37\src\traditional\proc\p18F4480.asm
                      BSR   0x000fe0       data     extern C:\Program Files\Microchip\mplabc18\v3.37\src\traditional\proc\p18F4480.asm
                    FSR1L   0x000fe1       data     extern C:\Program Files\Microchip\mplabc18\v3.37\src\traditional\proc\p18F4480.asm
                     FSR1   0x000fe1       data     extern C:\Program Files\Microchip\mplabc18\v3.37\src\traditional\proc\p18F4480.asm
                    FSR1H   0x000fe2       data     extern C:\Program Files\Microchip\mplabc18\v3.37\src\traditional\proc\p18F4480.asm
                   PLUSW1   0x000fe3       data     extern C:\Program Files\Microchip\mplabc18\v3.37\src\traditional\proc\p18F4480.asm
                  PREINC1   0x000fe4       data     extern C:\Program Files\Microchip\mplabc18\v3.37\src\traditional\proc\p18F4480.asm
                 POSTDEC1   0x000fe5       data     extern C:\Program Files\Microchip\mplabc18\v3.37\src\traditional\proc\p18F4480.asm
                 POSTINC1   0x000fe6       data     extern C:\Program Files\Microchip\mplabc18\v3.37\src\traditional\proc\p18F4480.asm
                    INDF1   0x000fe7       data     extern C:\Program Files\Microchip\mplabc18\v3.37\src\traditional\proc\p18F4480.asm
                     WREG   0x000fe8       data     extern C:\Program Files\Microchip\mplabc18\v3.37\src\traditional\proc\p18F4480.asm
                    FSR0L   0x000fe9       data     extern C:\Program Files\Microchip\mplabc18\v3.37\src\traditional\proc\p18F4480.asm
                     FSR0   0x000fe9       data     extern C:\Program Files\Microchip\mplabc18\v3.37\src\traditional\proc\p18F4480.asm
                    FSR0H   0x000fea       data     extern C:\Program Files\Microchip\mplabc18\v3.37\src\traditional\proc\p18F4480.asm
                   PLUSW0   0x000feb       data     extern C:\Program Files\Microchip\mplabc18\v3.37\src\traditional\proc\p18F4480.asm
                  PREINC0   0x000fec       data     extern C:\Program Files\Microchip\mplabc18\v3.37\src\traditional\proc\p18F4480.asm
                 POSTDEC0   0x000fed       data     extern C:\Program Files\Microchip\mplabc18\v3.37\src\traditional\proc\p18F4480.asm
                 POSTINC0   0x000fee       data     extern C:\Program Files\Microchip\mplabc18\v3.37\src\traditional\proc\p18F4480.asm
                    INDF0   0x000fef       data     extern C:\Program Files\Microchip\mplabc18\v3.37\src\traditional\proc\p18F4480.asm
                  INTCON3   0x000ff0       data     extern C:\Program Files\Microchip\mplabc18\v3.37\src\traditional\proc\p18F4480.asm
              INTCON3bits   0x000ff0       data     extern C:\Program Files\Microchip\mplabc18\v3.37\src\traditional\proc\p18F4480.asm
              INTCON2bits   0x000ff1       data     extern C:\Program Files\Microchip\mplabc18\v3.37\src\traditional\proc\p18F4480.asm
                  INTCON2   0x000ff1       data     extern C:\Program Files\Microchip\mplabc18\v3.37\src\traditional\proc\p18F4480.asm
                   INTCON   0x000ff2       data     extern C:\Program Files\Microchip\mplabc18\v3.37\src\traditional\proc\p18F4480.asm
               INTCONbits   0x000ff2       data     extern C:\Program Files\Microchip\mplabc18\v3.37\src\traditional\proc\p18F4480.asm
                    PRODL   0x000ff3       data     extern C:\Program Files\Microchip\mplabc18\v3.37\src\traditional\proc\p18F4480.asm
                     PROD   0x000ff3       data     extern C:\Program Files\Microchip\mplabc18\v3.37\src\traditional\proc\p18F4480.asm
                    PRODH   0x000ff4       data     extern C:\Program Files\Microchip\mplabc18\v3.37\src\traditional\proc\p18F4480.asm
                   TABLAT   0x000ff5       data     extern C:\Program Files\Microchip\mplabc18\v3.37\src\traditional\proc\p18F4480.asm
                   TBLPTR   0x000ff6       data     extern C:\Program Files\Microchip\mplabc18\v3.37\src\traditional\proc\p18F4480.asm
                  TBLPTRL   0x000ff6       data     extern C:\Program Files\Microchip\mplabc18\v3.37\src\traditional\proc\p18F4480.asm
                  TBLPTRH   0x000ff7       data     extern C:\Program Files\Microchip\mplabc18\v3.37\src\traditional\proc\p18F4480.asm
                  TBLPTRU   0x000ff8       data     extern C:\Program Files\Microchip\mplabc18\v3.37\src\traditional\proc\p18F4480.asm
                       PC   0x000ff9       data     extern C:\Program Files\Microchip\mplabc18\v3.37\src\traditional\proc\p18F4480.asm
                      PCL   0x000ff9       data     extern C:\Program Files\Microchip\mplabc18\v3.37\src\traditional\proc\p18F4480.asm
                   PCLATH   0x000ffa       data     extern C:\Program Files\Microchip\mplabc18\v3.37\src\traditional\proc\p18F4480.asm
                   PCLATU   0x000ffb       data     extern C:\Program Files\Microchip\mplabc18\v3.37\src\traditional\proc\p18F4480.asm
               STKPTRbits   0x000ffc       data     extern C:\Program Files\Microchip\mplabc18\v3.37\src\traditional\proc\p18F4480.asm
                   STKPTR   0x000ffc       data     extern C:\Program Files\Microchip\mplabc18\v3.37\src\traditional\proc\p18F4480.asm
                      TOS   0x000ffd       data     extern C:\Program Files\Microchip\mplabc18\v3.37\src\traditional\proc\p18F4480.asm
                     TOSL   0x000ffd       data     extern C:\Program Files\Microchip\mplabc18\v3.37\src\traditional\proc\p18F4480.asm
                     TOSH   0x000ffe       data     extern C:\Program Files\Microchip\mplabc18\v3.37\src\traditional\proc\p18F4480.asm
                     TOSU   0x000fff       data     extern C:\Program Files\Microchip\mplabc18\v3.37\src\traditional\proc\p18F4480.asm


